Archive member included to satisfy reference by file (symbol)

c:/program files (x86)/atmel/studio/7.0/toolchain/arm/arm-gnu-toolchain/bin/../lib/gcc/arm-none-eabi/6.3.1/../../../../arm-none-eabi/lib/thumb/v7e-m\libc.a(lib_a-exit.o)
                              c:/program files (x86)/atmel/studio/7.0/toolchain/arm/arm-gnu-toolchain/bin/../lib/gcc/arm-none-eabi/6.3.1/../../../../arm-none-eabi/lib/thumb/v7e-m/crt0.o (exit)
c:/program files (x86)/atmel/studio/7.0/toolchain/arm/arm-gnu-toolchain/bin/../lib/gcc/arm-none-eabi/6.3.1/../../../../arm-none-eabi/lib/thumb/v7e-m\libc.a(lib_a-impure.o)
                              c:/program files (x86)/atmel/studio/7.0/toolchain/arm/arm-gnu-toolchain/bin/../lib/gcc/arm-none-eabi/6.3.1/../../../../arm-none-eabi/lib/thumb/v7e-m\libc.a(lib_a-exit.o) (_global_impure_ptr)
c:/program files (x86)/atmel/studio/7.0/toolchain/arm/arm-gnu-toolchain/bin/../lib/gcc/arm-none-eabi/6.3.1/../../../../arm-none-eabi/lib/thumb/v7e-m\libc.a(lib_a-init.o)
                              c:/program files (x86)/atmel/studio/7.0/toolchain/arm/arm-gnu-toolchain/bin/../lib/gcc/arm-none-eabi/6.3.1/../../../../arm-none-eabi/lib/thumb/v7e-m/crt0.o (__libc_init_array)
c:/program files (x86)/atmel/studio/7.0/toolchain/arm/arm-gnu-toolchain/bin/../lib/gcc/arm-none-eabi/6.3.1/../../../../arm-none-eabi/lib/thumb/v7e-m\libc.a(lib_a-memset.o)
                              c:/program files (x86)/atmel/studio/7.0/toolchain/arm/arm-gnu-toolchain/bin/../lib/gcc/arm-none-eabi/6.3.1/../../../../arm-none-eabi/lib/thumb/v7e-m/crt0.o (memset)
c:/program files (x86)/atmel/studio/7.0/toolchain/arm/arm-gnu-toolchain/bin/../lib/gcc/arm-none-eabi/6.3.1/../../../../arm-none-eabi/lib/thumb/v7e-m\libc.a(lib_a-sprintf.o)
                              src/main.o (sprintf)
c:/program files (x86)/atmel/studio/7.0/toolchain/arm/arm-gnu-toolchain/bin/../lib/gcc/arm-none-eabi/6.3.1/../../../../arm-none-eabi/lib/thumb/v7e-m\libc.a(lib_a-svfprintf.o)
                              c:/program files (x86)/atmel/studio/7.0/toolchain/arm/arm-gnu-toolchain/bin/../lib/gcc/arm-none-eabi/6.3.1/../../../../arm-none-eabi/lib/thumb/v7e-m\libc.a(lib_a-sprintf.o) (_svfprintf_r)
c:/program files (x86)/atmel/studio/7.0/toolchain/arm/arm-gnu-toolchain/bin/../lib/gcc/arm-none-eabi/6.3.1/../../../../arm-none-eabi/lib/thumb/v7e-m\libc.a(lib_a-__call_atexit.o)
                              c:/program files (x86)/atmel/studio/7.0/toolchain/arm/arm-gnu-toolchain/bin/../lib/gcc/arm-none-eabi/6.3.1/../../../../arm-none-eabi/lib/thumb/v7e-m\libc.a(lib_a-exit.o) (__call_exitprocs)
c:/program files (x86)/atmel/studio/7.0/toolchain/arm/arm-gnu-toolchain/bin/../lib/gcc/arm-none-eabi/6.3.1/../../../../arm-none-eabi/lib/thumb/v7e-m\libc.a(lib_a-atexit.o)
                              c:/program files (x86)/atmel/studio/7.0/toolchain/arm/arm-gnu-toolchain/bin/../lib/gcc/arm-none-eabi/6.3.1/../../../../arm-none-eabi/lib/thumb/v7e-m\libc.a(lib_a-__call_atexit.o) (atexit)
c:/program files (x86)/atmel/studio/7.0/toolchain/arm/arm-gnu-toolchain/bin/../lib/gcc/arm-none-eabi/6.3.1/../../../../arm-none-eabi/lib/thumb/v7e-m\libc.a(lib_a-dtoa.o)
                              c:/program files (x86)/atmel/studio/7.0/toolchain/arm/arm-gnu-toolchain/bin/../lib/gcc/arm-none-eabi/6.3.1/../../../../arm-none-eabi/lib/thumb/v7e-m\libc.a(lib_a-svfprintf.o) (_dtoa_r)
c:/program files (x86)/atmel/studio/7.0/toolchain/arm/arm-gnu-toolchain/bin/../lib/gcc/arm-none-eabi/6.3.1/../../../../arm-none-eabi/lib/thumb/v7e-m\libc.a(lib_a-fini.o)
                              c:/program files (x86)/atmel/studio/7.0/toolchain/arm/arm-gnu-toolchain/bin/../lib/gcc/arm-none-eabi/6.3.1/../../../../arm-none-eabi/lib/thumb/v7e-m\libc.a(lib_a-__call_atexit.o) (__libc_fini_array)
c:/program files (x86)/atmel/studio/7.0/toolchain/arm/arm-gnu-toolchain/bin/../lib/gcc/arm-none-eabi/6.3.1/../../../../arm-none-eabi/lib/thumb/v7e-m\libc.a(lib_a-localeconv.o)
                              c:/program files (x86)/atmel/studio/7.0/toolchain/arm/arm-gnu-toolchain/bin/../lib/gcc/arm-none-eabi/6.3.1/../../../../arm-none-eabi/lib/thumb/v7e-m\libc.a(lib_a-svfprintf.o) (_localeconv_r)
c:/program files (x86)/atmel/studio/7.0/toolchain/arm/arm-gnu-toolchain/bin/../lib/gcc/arm-none-eabi/6.3.1/../../../../arm-none-eabi/lib/thumb/v7e-m\libc.a(lib_a-lock.o)
                              c:/program files (x86)/atmel/studio/7.0/toolchain/arm/arm-gnu-toolchain/bin/../lib/gcc/arm-none-eabi/6.3.1/../../../../arm-none-eabi/lib/thumb/v7e-m\libc.a(lib_a-__call_atexit.o) (__retarget_lock_acquire_recursive)
c:/program files (x86)/atmel/studio/7.0/toolchain/arm/arm-gnu-toolchain/bin/../lib/gcc/arm-none-eabi/6.3.1/../../../../arm-none-eabi/lib/thumb/v7e-m\libc.a(lib_a-mallocr.o)
                              c:/program files (x86)/atmel/studio/7.0/toolchain/arm/arm-gnu-toolchain/bin/../lib/gcc/arm-none-eabi/6.3.1/../../../../arm-none-eabi/lib/thumb/v7e-m\libc.a(lib_a-svfprintf.o) (_malloc_r)
[...]
Memory Configuration

Name             Origin             Length             Attributes
rom              0x00400000         0x00200000         xr
ram              0x20400000         0x00060000         xrw
*default*        0x00000000         0xffffffff

Linker script and memory map

LOAD c:/program files (x86)/atmel/studio/7.0/toolchain/arm/arm-gnu-toolchain/bin/../lib/gcc/arm-none-eabi/6.3.1/thumb/v7e-m/crti.o
LOAD c:/program files (x86)/atmel/studio/7.0/toolchain/arm/arm-gnu-toolchain/bin/../lib/gcc/arm-none-eabi/6.3.1/thumb/v7e-m/crtbegin.o
LOAD c:/program files (x86)/atmel/studio/7.0/toolchain/arm/arm-gnu-toolchain/bin/../lib/gcc/arm-none-eabi/6.3.1/../../../../arm-none-eabi/lib/thumb/v7e-m/crt0.o
LOAD src/main.o
LOAD src/ASF/common/services/delay/sam/cycle_counter.o
LOAD src/ASF/common/services/spi/sam_spi/spi_master.o
LOAD src/ASF/sam/components/display/ili9488/ili9488.o
LOAD src/ASF/sam/drivers/spi/spi.o
LOAD src/ASF/common/services/clock/same70/sysclk.o
LOAD src/ASF/common/utils/interrupt/interrupt_sam_nvic.o
LOAD src/ASF/sam/boards/same70_xplained/init.o
LOAD src/ASF/sam/drivers/mpu/mpu.o
LOAD src/ASF/sam/drivers/pio/pio.o
LOAD src/ASF/sam/drivers/pio/pio_handler.o
LOAD src/ASF/sam/drivers/pmc/pmc.o
LOAD src/ASF/sam/drivers/pmc/sleep.o
LOAD src/ASF/sam/utils/cmsis/same70/source/templates/gcc/startup_same70.o
LOAD src/ASF/sam/utils/cmsis/same70/source/templates/system_same70.o
LOAD src/ASF/sam/utils/syscalls/gcc/syscalls.o
START GROUP
LOAD ../src/ASF/thirdparty/CMSIS/Lib/GCC\libarm_cortexM7lfsp_math_softfp.a
LOAD c:/program files (x86)/atmel/studio/7.0/toolchain/arm/arm-gnu-toolchain/bin/../lib/gcc/arm-none-eabi/6.3.1/../../../../arm-none-eabi/lib/thumb/v7e-m\libm.a
END GROUP
START GROUP
LOAD c:/program files (x86)/atmel/studio/7.0/toolchain/arm/arm-gnu-toolchain/bin/../lib/gcc/arm-none-eabi/6.3.1/thumb/v7e-m\libgcc.a
LOAD c:/program files (x86)/atmel/studio/7.0/toolchain/arm/arm-gnu-toolchain/bin/../lib/gcc/arm-none-eabi/6.3.1/../../../../arm-none-eabi/lib/thumb/v7e-m\libc.a
END GROUP
LOAD c:/program files (x86)/atmel/studio/7.0/toolchain/arm/arm-gnu-toolchain/bin/../lib/gcc/arm-none-eabi/6.3.1/thumb/v7e-m/crtend.o
LOAD c:/program files (x86)/atmel/studio/7.0/toolchain/arm/arm-gnu-toolchain/bin/../lib/gcc/arm-none-eabi/6.3.1/thumb/v7e-m/crtn.o
                0x00002000                STACK_SIZE = DEFINED (STACK_SIZE)?STACK_SIZE:0x2000
                0x2045fffc                __ram_end__ = ((ORIGIN (ram) + LENGTH (ram)) - 0x4)
                0x00000200                HEAP_SIZE = DEFINED (HEAP_SIZE)?HEAP_SIZE:0x200

.text           0x00400000    0x4f20c
                0x00400000                . = ALIGN (0x4)
                0x00400000                _sfixed = .
 *(.vectors .vectors.*)
 .vectors       0x00400000      0x168 src/ASF/sam/utils/cmsis/same70/source/templates/gcc/startup_same70.o
                0x00400000                exception_table
 *(.text .text.* .gnu.linkonce.t.*)
 .text          0x00400168       0x6c c:/program files (x86)/atmel/studio/7.0/toolchain/arm/arm-gnu-toolchain/bin/../lib/gcc/arm-none-eabi/6.3.1/thumb/v7e-m/crtbegin.o
 .text.configure_lcd
                0x004001d4       0x4c src/main.o
                0x004001d4                configure_lcd
 .text.font_draw_text
                0x00400220       0x88 src/main.o
                0x00400220                font_draw_text
 .text.main     0x004002a8       0x90 src/main.o
                0x004002a8                main
 .text.osc_get_rate
                0x00400338       0x74 src/ASF/common/services/spi/sam_spi/spi_master.o
 .text.sysclk_get_main_hz
                0x004003ac       0x20 src/ASF/common/services/spi/sam_spi/spi_master.o
 .text.sysclk_get_peripheral_hz
                0x004003cc       0x14 src/ASF/common/services/spi/sam_spi/spi_master.o
 .text.spi_reset
                0x004003e0       0x1a src/ASF/common/services/spi/sam_spi/spi_master.o
 .text.spi_set_master_mode
                0x004003fa       0x20 src/ASF/common/services/spi/sam_spi/spi_master.o
 .text.spi_set_fixed_peripheral_select
                0x0040041a       0x20 src/ASF/common/services/spi/sam_spi/spi_master.o
 .text.spi_disable_peripheral_select_decode
                0x0040043a       0x20 src/ASF/common/services/spi/sam_spi/spi_master.o
 .text.spi_get_peripheral_select_decode_setting
                0x0040045a       0x26 src/ASF/common/services/spi/sam_spi/spi_master.o
 .text.spi_disable_mode_fault_detect
                0x00400480       0x20 src/ASF/common/services/spi/sam_spi/spi_master.o
 .text.spi_disable_loopback
                0x004004a0       0x20 src/ASF/common/services/spi/sam_spi/spi_master.o
 .text.spi_put  0x004004c0       0x1e src/ASF/common/services/spi/sam_spi/spi_master.o
 .text.spi_get  0x004004de       0x1a src/ASF/common/services/spi/sam_spi/spi_master.o
 .text.spi_is_tx_ready
                0x004004f8       0x26 src/ASF/common/services/spi/sam_spi/spi_master.o
 .text.spi_is_rx_ready
                0x0040051e       0x2c src/ASF/common/services/spi/sam_spi/spi_master.o
 *fill*         0x0040054a        0x2 
 .text.spi_write_single
                0x0040054c       0x24 src/ASF/common/services/spi/sam_spi/spi_master.o
 .text.spi_read_single
                0x00400570       0x24 src/ASF/common/services/spi/sam_spi/spi_master.o
 .text.spi_master_init
                0x00400594       0x70 src/ASF/common/services/spi/sam_spi/spi_master.o
                0x00400594                spi_master_init
 .text.spi_master_setup_device
                0x00400604       0xb4 src/ASF/common/services/spi/sam_spi/spi_master.o
                0x00400604                spi_master_setup_device
 .text.spi_select_device
                0x004006b8       0x58 src/ASF/common/services/spi/sam_spi/spi_master.o
                0x004006b8                spi_select_device
 .text.spi_write_packet
                0x00400710       0x74 src/ASF/common/services/spi/sam_spi/spi_master.o
                0x00400710                spi_write_packet
 .text.spi_read_packet
                0x00400784       0xac src/ASF/common/services/spi/sam_spi/spi_master.o
                0x00400784                spi_read_packet
 .text.spi_enable
                0x00400830       0x1a src/ASF/sam/components/display/ili9488/ili9488.o
 .text.spi_enable_interrupt
                0x0040084a       0x1c src/ASF/sam/components/display/ili9488/ili9488.o
 *fill*         0x00400866        0x2 
 .text.ili9488_write_ram_prepare
                0x00400868       0x40 src/ASF/sam/components/display/ili9488/ili9488.o
 .text.ili9488_write_ram_buffer
                0x004008a8       0x40 src/ASF/sam/components/display/ili9488/ili9488.o
 .text.ili9488_write_register
                0x004008e8       0x78 src/ASF/sam/components/display/ili9488/ili9488.o
 .text.ili9488_read_chipid
                0x00400960       0xcc src/ASF/sam/components/display/ili9488/ili9488.o
 .text.ili9488_delay
                0x00400a2c       0x40 src/ASF/sam/components/display/ili9488/ili9488.o
                0x00400a2c                ili9488_delay
 .text.ili9488_check_box_coordinates
                0x00400a6c       0xa2 src/ASF/sam/components/display/ili9488/ili9488.o
 *fill*         0x00400b0e        0x2 
 .text.ili9488_set_display_direction
                0x00400b10       0x34 src/ASF/sam/components/display/ili9488/ili9488.o
                0x00400b10                ili9488_set_display_direction
 .text.ili9488_set_window
                0x00400b44       0xc8 src/ASF/sam/components/display/ili9488/ili9488.o
                0x00400b44                ili9488_set_window
 .text.ili9488_init
                0x00400c0c      0x15c src/ASF/sam/components/display/ili9488/ili9488.o
                0x00400c0c                ili9488_init
 .text.ili9488_display_on
                0x00400d68       0x18 src/ASF/sam/components/display/ili9488/ili9488.o
                0x00400d68                ili9488_display_on
 .text.ili9488_set_foreground_color
                0x00400d80       0x54 src/ASF/sam/components/display/ili9488/ili9488.o
                0x00400d80                ili9488_set_foreground_color
 .text.ili9488_set_cursor_position
                0x00400dd4       0x84 src/ASF/sam/components/display/ili9488/ili9488.o
                0x00400dd4                ili9488_set_cursor_position
 .text.ili9488_draw_filled_rectangle
                0x00400e58       0xdc src/ASF/sam/components/display/ili9488/ili9488.o
                0x00400e58                ili9488_draw_filled_rectangle
 .text.ili9488_draw_pixmap
                0x00400f34       0xb4 src/ASF/sam/components/display/ili9488/ili9488.o
                0x00400f34                ili9488_draw_pixmap
 .text.spi_get_peripheral_select_mode
                0x00400fe8       0x26 src/ASF/sam/drivers/spi/spi.o
 *fill*         0x0040100e        0x2 
 .text.sysclk_enable_peripheral_clock
                0x00401010       0x1c src/ASF/sam/drivers/spi/spi.o
 .text.spi_enable_clock
                0x0040102c       0x3c src/ASF/sam/drivers/spi/spi.o
                0x0040102c                spi_enable_clock
 .text.spi_set_peripheral_chip_select_value
                0x00401068       0x34 src/ASF/sam/drivers/spi/spi.o
                0x00401068                spi_set_peripheral_chip_select_value
 .text.spi_set_delay_between_chip_select
                0x0040109c       0x30 src/ASF/sam/drivers/spi/spi.o
                0x0040109c                spi_set_delay_between_chip_select
 .text.spi_write
                0x004010cc       0x80 src/ASF/sam/drivers/spi/spi.o
                0x004010cc                spi_write
 .text.spi_set_clock_polarity
                0x0040114c       0x50 src/ASF/sam/drivers/spi/spi.o
                0x0040114c                spi_set_clock_polarity
 .text.spi_set_clock_phase
                0x0040119c       0x50 src/ASF/sam/drivers/spi/spi.o
                0x0040119c                spi_set_clock_phase
 .text.spi_configure_cs_behavior
                0x004011ec       0xa6 src/ASF/sam/drivers/spi/spi.o
                0x004011ec                spi_configure_cs_behavior
 .text.spi_set_bits_per_transfer
                0x00401292       0x4a src/ASF/sam/drivers/spi/spi.o
                0x00401292                spi_set_bits_per_transfer
 .text.spi_calc_baudrate_div
                0x004012dc       0x3c src/ASF/sam/drivers/spi/spi.o
                0x004012dc                spi_calc_baudrate_div
 .text.spi_set_baudrate_div
                0x00401318       0x5e src/ASF/sam/drivers/spi/spi.o
                0x00401318                spi_set_baudrate_div
 .text.spi_set_transfer_delay
                0x00401376       0x5e src/ASF/sam/drivers/spi/spi.o
                0x00401376                spi_set_transfer_delay
 .text.osc_enable
                0x004013d4       0x88 src/ASF/common/services/clock/same70/sysclk.o
 .text.osc_is_ready
                0x0040145c       0x70 src/ASF/common/services/clock/same70/sysclk.o
 .text.osc_get_rate
                0x004014cc       0x74 src/ASF/common/services/clock/same70/sysclk.o
 .text.osc_wait_ready
                0x00401540       0x2c src/ASF/common/services/clock/same70/sysclk.o
 .text.pll_config_init
                0x0040156c       0x6c src/ASF/common/services/clock/same70/sysclk.o
 .text.pll_enable
                0x004015d8       0x40 src/ASF/common/services/clock/same70/sysclk.o
 .text.pll_is_locked
                0x00401618       0x2c src/ASF/common/services/clock/same70/sysclk.o
 .text.pll_enable_source
                0x00401644       0x38 src/ASF/common/services/clock/same70/sysclk.o
 .text.pll_wait_for_lock
                0x0040167c       0x24 src/ASF/common/services/clock/same70/sysclk.o
 .text.sysclk_get_main_hz
                0x004016a0       0x20 src/ASF/common/services/clock/same70/sysclk.o
 .text.sysclk_get_cpu_hz
                0x004016c0       0x14 src/ASF/common/services/clock/same70/sysclk.o
 .text.sysclk_init
                0x004016d4       0x7c src/ASF/common/services/clock/same70/sysclk.o
                0x004016d4                sysclk_init
 .text.SCB_EnableICache
                0x00401750       0x38 src/ASF/sam/boards/same70_xplained/init.o
 .text.SCB_EnableDCache
                0x00401788       0xa4 src/ASF/sam/boards/same70_xplained/init.o
 .text.sysclk_enable_peripheral_clock
                0x0040182c       0x1c src/ASF/sam/boards/same70_xplained/init.o
 .text.ioport_init
                0x00401848       0x2c src/ASF/sam/boards/same70_xplained/init.o
 .text.ioport_set_pin_mode
                0x00401874      0x11c src/ASF/sam/boards/same70_xplained/init.o
 .text.ioport_set_pin_dir
                0x00401990       0x88 src/ASF/sam/boards/same70_xplained/init.o
 .text.ioport_set_pin_level
                0x00401a18       0x6c src/ASF/sam/boards/same70_xplained/init.o
 .text.ioport_set_pin_sense_mode
                0x00401a84       0xd0 src/ASF/sam/boards/same70_xplained/init.o
 .text.tcm_disable
                0x00401b54       0x44 src/ASF/sam/boards/same70_xplained/init.o
 .text.board_init
                0x00401b98      0x188 src/ASF/sam/boards/same70_xplained/init.o
                0x00401b98                board_init
 .text.pio_pull_up
                0x00401d20       0x2c src/ASF/sam/drivers/pio/pio.o
                0x00401d20                pio_pull_up
 .text.pio_set  0x00401d4c       0x1c src/ASF/sam/drivers/pio/pio.o
                0x00401d4c                pio_set
 .text.pio_set_peripheral
                0x00401d68      0x110 src/ASF/sam/drivers/pio/pio.o
                0x00401d68                pio_set_peripheral
 .text.pio_set_input
                0x00401e78       0x80 src/ASF/sam/drivers/pio/pio.o
                0x00401e78                pio_set_input
 .text.pio_set_output
                0x00401ef8       0x64 src/ASF/sam/drivers/pio/pio.o
                0x00401ef8                pio_set_output
 .text.pio_configure
                0x00401f5c       0xcc src/ASF/sam/drivers/pio/pio.o
                0x00401f5c                pio_configure
 .text.pio_disable_interrupt
                0x00402028       0x1c src/ASF/sam/drivers/pio/pio.o
                0x00402028                pio_disable_interrupt
 .text.pio_get_interrupt_status
                0x00402044       0x18 src/ASF/sam/drivers/pio/pio.o
                0x00402044                pio_get_interrupt_status
 .text.pio_get_interrupt_mask
                0x0040205c       0x18 src/ASF/sam/drivers/pio/pio.o
                0x0040205c                pio_get_interrupt_mask
 .text.pio_set_pin_high
                0x00402074       0x30 src/ASF/sam/drivers/pio/pio.o
                0x00402074                pio_set_pin_high
 .text.pio_set_pin_low
                0x004020a4       0x30 src/ASF/sam/drivers/pio/pio.o
                0x004020a4                pio_set_pin_low
 .text.pio_configure_pin
                0x004020d4      0x1b0 src/ASF/sam/drivers/pio/pio.o
                0x004020d4                pio_configure_pin
 .text.pio_get_pin_group
                0x00402284       0x28 src/ASF/sam/drivers/pio/pio.o
                0x00402284                pio_get_pin_group
 .text.pio_handler_process
                0x004022ac       0xb4 src/ASF/sam/drivers/pio/pio_handler.o
                0x004022ac                pio_handler_process
 .text.PIOA_Handler
                0x00402360       0x18 src/ASF/sam/drivers/pio/pio_handler.o
                0x00402360                PIOA_Handler
 .text.PIOB_Handler
                0x00402378       0x18 src/ASF/sam/drivers/pio/pio_handler.o
                0x00402378                PIOB_Handler
 .text.PIOC_Handler
                0x00402390       0x18 src/ASF/sam/drivers/pio/pio_handler.o
                0x00402390                PIOC_Handler
 .text.PIOD_Handler
                0x004023a8       0x18 src/ASF/sam/drivers/pio/pio_handler.o
                0x004023a8                PIOD_Handler
 .text.PIOE_Handler
                0x004023c0       0x18 src/ASF/sam/drivers/pio/pio_handler.o
                0x004023c0                PIOE_Handler
 .text.pmc_mck_set_division
                0x004023d8       0x7c src/ASF/sam/drivers/pmc/pmc.o
                0x004023d8                pmc_mck_set_division
 .text.pmc_switch_mck_to_pllack
                0x00402454       0x84 src/ASF/sam/drivers/pmc/pmc.o
                0x00402454                pmc_switch_mck_to_pllack
 .text.pmc_switch_sclk_to_32kxtal
                0x004024d8       0x38 src/ASF/sam/drivers/pmc/pmc.o
                0x004024d8                pmc_switch_sclk_to_32kxtal
 .text.pmc_osc_is_ready_32kxtal
                0x00402510       0x34 src/ASF/sam/drivers/pmc/pmc.o
                0x00402510                pmc_osc_is_ready_32kxtal
 .text.pmc_switch_mainck_to_fastrc
                0x00402544       0x70 src/ASF/sam/drivers/pmc/pmc.o
                0x00402544                pmc_switch_mainck_to_fastrc
 .text.pmc_switch_mainck_to_xtal
                0x004025b4       0x78 src/ASF/sam/drivers/pmc/pmc.o
                0x004025b4                pmc_switch_mainck_to_xtal
 .text.pmc_osc_is_ready_mainck
                0x0040262c       0x1c src/ASF/sam/drivers/pmc/pmc.o
                0x0040262c                pmc_osc_is_ready_mainck
 .text.pmc_disable_pllack
                0x00402648       0x1c src/ASF/sam/drivers/pmc/pmc.o
                0x00402648                pmc_disable_pllack
 .text.pmc_is_locked_pllack
                0x00402664       0x1c src/ASF/sam/drivers/pmc/pmc.o
                0x00402664                pmc_is_locked_pllack
 .text.pmc_is_locked_upll
                0x00402680       0x1c src/ASF/sam/drivers/pmc/pmc.o
                0x00402680                pmc_is_locked_upll
 .text.pmc_enable_periph_clk
                0x0040269c       0x3c src/ASF/sam/drivers/pmc/pmc.o
                0x0040269c                pmc_enable_periph_clk
 .text.pmc_set_flash_in_wait_mode
                0x004026d8       0x20 src/ASF/sam/drivers/pmc/pmc.o
                0x004026d8                pmc_set_flash_in_wait_mode
 .text.pmc_enable_waitmode
                0x004026f8       0x90 src/ASF/sam/drivers/pmc/pmc.o
                0x004026f8                pmc_enable_waitmode
 .text.pmc_sleep
                0x00402788      0x398 src/ASF/sam/drivers/pmc/sleep.o
                0x00402788                pmc_sleep
 .text.cpu_irq_save
                0x00402b20       0x38 src/ASF/sam/utils/cmsis/same70/source/templates/gcc/startup_same70.o
 .text.cpu_irq_is_enabled_flags
                0x00402b58       0x20 src/ASF/sam/utils/cmsis/same70/source/templates/gcc/startup_same70.o
 .text.cpu_irq_restore
                0x00402b78       0x30 src/ASF/sam/utils/cmsis/same70/source/templates/gcc/startup_same70.o
 .text.Reset_Handler
                0x00402ba8       0xb0 src/ASF/sam/utils/cmsis/same70/source/templates/gcc/startup_same70.o
                0x00402ba8                Reset_Handler
 .text.Dummy_Handler
                0x00402c58        0x6 src/ASF/sam/utils/cmsis/same70/source/templates/gcc/startup_same70.o
                0x00402c58                DACC_Handler
                0x00402c58                DebugMon_Handler
                0x00402c58                UART3_Handler
                0x00402c58                UART2_Handler
                0x00402c58                TRNG_Handler
                0x00402c58                HardFault_Handler
                0x00402c58                TC2_Handler
                0x00402c58                SysTick_Handler
                0x00402c58                AFEC1_Handler
                0x00402c58                PendSV_Handler
                0x00402c58                NMI_Handler
                0x00402c58                TC7_Handler
                0x00402c58                QSPI_Handler
                0x00402c58                ISI_Handler
                0x00402c58                MCAN0_INT0_Handler
                0x00402c58                TC9_Handler
                0x00402c58                RSWDT_Handler
                0x00402c58                USART0_Handler
                0x00402c58                RTT_Handler
                0x00402c58                USBHS_Handler
                0x00402c58                IXC_Handler
                0x00402c58                CCF_Handler
                0x00402c58                RTC_Handler
                0x00402c58                UsageFault_Handler
                0x00402c58                TC6_Handler
                0x00402c58                WDT_Handler
                0x00402c58                MCAN1_INT1_Handler
                0x00402c58                TC4_Handler
                0x00402c58                TC1_Handler
                0x00402c58                HSMCI_Handler
                0x00402c58                UART1_Handler
                0x00402c58                TC3_Handler
                0x00402c58                Dummy_Handler
                0x00402c58                TWIHS1_Handler
                0x00402c58                XDMAC_Handler
                0x00402c58                UART4_Handler
                0x00402c58                PWM1_Handler
                0x00402c58                USART1_Handler
                0x00402c58                PWM0_Handler
                0x00402c58                AFEC0_Handler
                0x00402c58                CCW_Handler
                0x00402c58                TC11_Handler
                0x00402c58                SSC_Handler
                0x00402c58                ACC_Handler
                0x00402c58                PMC_Handler
                0x00402c58                GMAC_Handler
                0x00402c58                MCAN0_INT1_Handler
                0x00402c58                GMAC_Q5_Handler
                0x00402c58                MemManage_Handler
                0x00402c58                SUPC_Handler
                0x00402c58                SVC_Handler
                0x00402c58                TC8_Handler
                0x00402c58                MCAN1_INT0_Handler
                0x00402c58                EFC_Handler
                0x00402c58                GMAC_Q1_Handler
                0x00402c58                USART2_Handler
                0x00402c58                SDRAMC_Handler
                0x00402c58                GMAC_Q2_Handler
                0x00402c58                SPI1_Handler
                0x00402c58                TC10_Handler
                0x00402c58                GMAC_Q3_Handler
                0x00402c58                TWIHS2_Handler
                0x00402c58                I2SC0_Handler
                0x00402c58                UART0_Handler
                0x00402c58                I2SC1_Handler
                0x00402c58                GMAC_Q4_Handler
                0x00402c58                FPU_Handler
                0x00402c58                BusFault_Handler
                0x00402c58                RSTC_Handler
                0x00402c58                TC0_Handler
                0x00402c58                TC5_Handler
                0x00402c58                AES_Handler
                0x00402c58                ICM_Handler
                0x00402c58                TWIHS0_Handler
                0x00402c58                SPI0_Handler
 *fill*         0x00402c5e        0x2 
 .text.SystemCoreClockUpdate
                0x00402c60      0x168 src/ASF/sam/utils/cmsis/same70/source/templates/system_same70.o
                0x00402c60                SystemCoreClockUpdate
 .text.system_init_flash
                0x00402dc8       0xb0 src/ASF/sam/utils/cmsis/same70/source/templates/system_same70.o
                0x00402dc8                system_init_flash
 .text._sbrk    0x00402e78       0x58 src/ASF/sam/utils/syscalls/gcc/syscalls.o
                0x00402e78                _sbrk
 .text.__libc_init_array
                0x00402ed0       0x50 c:/program files (x86)/atmel/studio/7.0/toolchain/arm/arm-gnu-toolchain/bin/../lib/gcc/arm-none-eabi/6.3.1/../../../../arm-none-eabi/lib/thumb/v7e-m\libc.a(lib_a-init.o)
                0x00402ed0                __libc_init_array
 .text.memset   0x00402f20       0x9c c:/program files (x86)/atmel/studio/7.0/toolchain/arm/arm-gnu-toolchain/bin/../lib/gcc/arm-none-eabi/6.3.1/../../../../arm-none-eabi/lib/thumb/v7e-m\libc.a(lib_a-memset.o)
                0x00402f20                memset
 .text.sprintf  0x00402fbc       0x4c c:/program files (x86)/atmel/studio/7.0/toolchain/arm/arm-gnu-toolchain/bin/../lib/gcc/arm-none-eabi/6.3.1/../../../../arm-none-eabi/lib/thumb/v7e-m\libc.a(lib_a-sprintf.o)
                0x00402fbc                sprintf
 .text._svfprintf_r
                0x00403008     0x145c c:/program files (x86)/atmel/studio/7.0/toolchain/arm/arm-gnu-toolchain/bin/../lib/gcc/arm-none-eabi/6.3.1/../../../../arm-none-eabi/lib/thumb/v7e-m\libc.a(lib_a-svfprintf.o)
                0x00403008                _svfprintf_r
 .text.startup.register_fini
                0x00404464       0x14 c:/program files (x86)/atmel/studio/7.0/toolchain/arm/arm-gnu-toolchain/bin/../lib/gcc/arm-none-eabi/6.3.1/../../../../arm-none-eabi/lib/thumb/v7e-m\libc.a(lib_a-__call_atexit.o)
 .text.atexit   0x00404478        0xc c:/program files (x86)/atmel/studio/7.0/toolchain/arm/arm-gnu-toolchain/bin/../lib/gcc/arm-none-eabi/6.3.1/../../../../arm-none-eabi/lib/thumb/v7e-m\libc.a(lib_a-atexit.o)
                0x00404478                atexit
 .text.quorem   0x00404484      0x128 c:/program files (x86)/atmel/studio/7.0/toolchain/arm/arm-gnu-toolchain/bin/../lib/gcc/arm-none-eabi/6.3.1/../../../../arm-none-eabi/lib/thumb/v7e-m\libc.a(lib_a-dtoa.o)
 *fill*         0x004045ac        0x4 
 .text._dtoa_r  0x004045b0      0xe54 c:/program files (x86)/atmel/studio/7.0/toolchain/arm/arm-gnu-toolchain/bin/../lib/gcc/arm-none-eabi/6.3.1/../../../../arm-none-eabi/lib/thumb/v7e-m\libc.a(lib_a-dtoa.o)
                0x004045b0                _dtoa_r
 .text.__libc_fini_array
                0x00405404       0x34 c:/program files (x86)/atmel/studio/7.0/toolchain/arm/arm-gnu-toolchain/bin/../lib/gcc/arm-none-eabi/6.3.1/../../../../arm-none-eabi/lib/thumb/v7e-m\libc.a(lib_a-fini.o)
                0x00405404                __libc_fini_array
 .text._localeconv_r
                0x00405438       0x1c c:/program files (x86)/atmel/studio/7.0/toolchain/arm/arm-gnu-toolchain/bin/../lib/gcc/arm-none-eabi/6.3.1/../../../../arm-none-eabi/lib/thumb/v7e-m\libc.a(lib_a-localeconv.o)
                0x00405438                _localeconv_r
 .text.__retarget_lock_acquire_recursive
                0x00405454        0x4 c:/program files (x86)/atmel/studio/7.0/toolchain/arm/arm-gnu-toolchain/bin/../lib/gcc/arm-none-eabi/6.3.1/../../../../arm-none-eabi/lib/thumb/v7e-m\libc.a(lib_a-lock.o)
                0x00405454                __retarget_lock_acquire_recursive
 .text.__retarget_lock_release_recursive
                0x00405458        0x4 c:/program files (x86)/atmel/studio/7.0/toolchain/arm/arm-gnu-toolchain/bin/../lib/gcc/arm-none-eabi/6.3.1/../../../../arm-none-eabi/lib/thumb/v7e-m\libc.a(lib_a-lock.o)
                0x00405458                __retarget_lock_release_recursive
 .text._malloc_r
                0x0040545c      0x560 c:/program files (x86)/atmel/studio/7.0/toolchain/arm/arm-gnu-toolchain/bin/../lib/gcc/arm-none-eabi/6.3.1/../../../../arm-none-eabi/lib/thumb/v7e-m\libc.a(lib_a-mallocr.o)
                0x0040545c                _malloc_r
 *fill*         0x004059bc        0x4 
 .text          0x004059c0       0xa0 c:/program files (x86)/atmel/studio/7.0/toolchain/arm/arm-gnu-toolchain/bin/../lib/gcc/arm-none-eabi/6.3.1/../../../../arm-none-eabi/lib/thumb/v7e-m\libc.a(lib_a-memchr.o)
                0x004059c0                memchr
 .text          0x00405a60      0x134 c:/program files (x86)/atmel/studio/7.0/toolchain/arm/arm-gnu-toolchain/bin/../lib/gcc/arm-none-eabi/6.3.1/../../../../arm-none-eabi/lib/thumb/v7e-m\libc.a(lib_a-memcpy.o)
                0x00405a60                memcpy
 .text.__malloc_lock
                0x00405b94        0xc c:/program files (x86)/atmel/studio/7.0/toolchain/arm/arm-gnu-toolchain/bin/../lib/gcc/arm-none-eabi/6.3.1/../../../../arm-none-eabi/lib/thumb/v7e-m\libc.a(lib_a-mlock.o)
                0x00405b94                __malloc_lock
 .text.__malloc_unlock
                0x00405ba0        0xc c:/program files (x86)/atmel/studio/7.0/toolchain/arm/arm-gnu-toolchain/bin/../lib/gcc/arm-none-eabi/6.3.1/../../../../arm-none-eabi/lib/thumb/v7e-m\libc.a(lib_a-mlock.o)
                0x00405ba0                __malloc_unlock
 .text._Balloc  0x00405bac       0x4c c:/program files (x86)/atmel/studio/7.0/toolchain/arm/arm-gnu-toolchain/bin/../lib/gcc/arm-none-eabi/6.3.1/../../../../arm-none-eabi/lib/thumb/v7e-m\libc.a(lib_a-mprec.o)
                0x00405bac                _Balloc
 .text._Bfree   0x00405bf8       0x14 c:/program files (x86)/atmel/studio/7.0/toolchain/arm/arm-gnu-toolchain/bin/../lib/gcc/arm-none-eabi/6.3.1/../../../../arm-none-eabi/lib/thumb/v7e-m\libc.a(lib_a-mprec.o)
                0x00405bf8                _Bfree
 .text.__multadd
                0x00405c0c       0x80 c:/program files (x86)/atmel/studio/7.0/toolchain/arm/arm-gnu-toolchain/bin/../lib/gcc/arm-none-eabi/6.3.1/../../../../arm-none-eabi/lib/thumb/v7e-m\libc.a(lib_a-mprec.o)
                0x00405c0c                __multadd
 .text.__hi0bits
                0x00405c8c       0x40 c:/program files (x86)/atmel/studio/7.0/toolchain/arm/arm-gnu-toolchain/bin/../lib/gcc/arm-none-eabi/6.3.1/../../../../arm-none-eabi/lib/thumb/v7e-m\libc.a(lib_a-mprec.o)
                0x00405c8c                __hi0bits
 .text.__lo0bits
                0x00405ccc       0x60 c:/program files (x86)/atmel/studio/7.0/toolchain/arm/arm-gnu-toolchain/bin/../lib/gcc/arm-none-eabi/6.3.1/../../../../arm-none-eabi/lib/thumb/v7e-m\libc.a(lib_a-mprec.o)
                0x00405ccc                __lo0bits
 .text.__i2b    0x00405d2c       0x14 c:/program files (x86)/atmel/studio/7.0/toolchain/arm/arm-gnu-toolchain/bin/../lib/gcc/arm-none-eabi/6.3.1/../../../../arm-none-eabi/lib/thumb/v7e-m\libc.a(lib_a-mprec.o)
                0x00405d2c                __i2b
 .text.__multiply
                0x00405d40      0x124 c:/program files (x86)/atmel/studio/7.0/toolchain/arm/arm-gnu-toolchain/bin/../lib/gcc/arm-none-eabi/6.3.1/../../../../arm-none-eabi/lib/thumb/v7e-m\libc.a(lib_a-mprec.o)
                0x00405d40                __multiply
 .text.__pow5mult
                0x00405e64       0xa0 c:/program files (x86)/atmel/studio/7.0/toolchain/arm/arm-gnu-toolchain/bin/../lib/gcc/arm-none-eabi/6.3.1/../../../../arm-none-eabi/lib/thumb/v7e-m\libc.a(lib_a-mprec.o)
                0x00405e64                __pow5mult
 .text.__lshift
                0x00405f04       0xa4 c:/program files (x86)/atmel/studio/7.0/toolchain/arm/arm-gnu-toolchain/bin/../lib/gcc/arm-none-eabi/6.3.1/../../../../arm-none-eabi/lib/thumb/v7e-m\libc.a(lib_a-mprec.o)
                0x00405f04                __lshift
 .text.__mcmp   0x00405fa8       0x38 c:/program files (x86)/atmel/studio/7.0/toolchain/arm/arm-gnu-toolchain/bin/../lib/gcc/arm-none-eabi/6.3.1/../../../../arm-none-eabi/lib/thumb/v7e-m\libc.a(lib_a-mprec.o)
                0x00405fa8                __mcmp
 .text.__mdiff  0x00405fe0      0x108 c:/program files (x86)/atmel/studio/7.0/toolchain/arm/arm-gnu-toolchain/bin/../lib/gcc/arm-none-eabi/6.3.1/../../../../arm-none-eabi/lib/thumb/v7e-m\libc.a(lib_a-mprec.o)
                0x00405fe0                __mdiff
 .text.__d2b    0x004060e8       0xb8 c:/program files (x86)/atmel/studio/7.0/toolchain/arm/arm-gnu-toolchain/bin/../lib/gcc/arm-none-eabi/6.3.1/../../../../arm-none-eabi/lib/thumb/v7e-m\libc.a(lib_a-mprec.o)
                0x004060e8                __d2b
 .text._sbrk_r  0x004061a0       0x24 c:/program files (x86)/atmel/studio/7.0/toolchain/arm/arm-gnu-toolchain/bin/../lib/gcc/arm-none-eabi/6.3.1/../../../../arm-none-eabi/lib/thumb/v7e-m\libc.a(lib_a-sbrkr.o)
                0x004061a0                _sbrk_r
 *fill*         0x004061c4       0x3c 
 .text          0x00406200       0xdc c:/program files (x86)/atmel/studio/7.0/toolchain/arm/arm-gnu-toolchain/bin/../lib/gcc/arm-none-eabi/6.3.1/../../../../arm-none-eabi/lib/thumb/v7e-m\libc.a(lib_a-strlen.o)
                0x00406200                strlen
 .text.__ssprint_r
                0x004062dc       0xfc c:/program files (x86)/atmel/studio/7.0/toolchain/arm/arm-gnu-toolchain/bin/../lib/gcc/arm-none-eabi/6.3.1/../../../../arm-none-eabi/lib/thumb/v7e-m\libc.a(lib_a-svfiprintf.o)
                0x004062dc                __ssprint_r
 .text.__register_exitproc
                0x004063d8       0xc4 c:/program files (x86)/atmel/studio/7.0/toolchain/arm/arm-gnu-toolchain/bin/../lib/gcc/arm-none-eabi/6.3.1/../../../../arm-none-eabi/lib/thumb/v7e-m\libc.a(lib_a-__atexit.o)
                0x004063d8                __register_exitproc
 .text._calloc_r
                0x0040649c       0x60 c:/program files (x86)/atmel/studio/7.0/toolchain/arm/arm-gnu-toolchain/bin/../lib/gcc/arm-none-eabi/6.3.1/../../../../arm-none-eabi/lib/thumb/v7e-m\libc.a(lib_a-callocr.o)
                0x0040649c                _calloc_r
 .text._malloc_trim_r
                0x004064fc       0xa0 c:/program files (x86)/atmel/studio/7.0/toolchain/arm/arm-gnu-toolchain/bin/../lib/gcc/arm-none-eabi/6.3.1/../../../../arm-none-eabi/lib/thumb/v7e-m\libc.a(lib_a-freer.o)
                0x004064fc                _malloc_trim_r
 .text._free_r  0x0040659c      0x1cc c:/program files (x86)/atmel/studio/7.0/toolchain/arm/arm-gnu-toolchain/bin/../lib/gcc/arm-none-eabi/6.3.1/../../../../arm-none-eabi/lib/thumb/v7e-m\libc.a(lib_a-freer.o)
                0x0040659c                _free_r
 .text.__ascii_mbtowc
                0x00406768       0x2c c:/program files (x86)/atmel/studio/7.0/toolchain/arm/arm-gnu-toolchain/bin/../lib/gcc/arm-none-eabi/6.3.1/../../../../arm-none-eabi/lib/thumb/v7e-m\libc.a(lib_a-mbtowc_r.o)
                0x00406768                __ascii_mbtowc
 .text.memmove  0x00406794       0xc8 c:/program files (x86)/atmel/studio/7.0/toolchain/arm/arm-gnu-toolchain/bin/../lib/gcc/arm-none-eabi/6.3.1/../../../../arm-none-eabi/lib/thumb/v7e-m\libc.a(lib_a-memmove.o)
                0x00406794                memmove
 .text._realloc_r
                0x0040685c      0x34c c:/program files (x86)/atmel/studio/7.0/toolchain/arm/arm-gnu-toolchain/bin/../lib/gcc/arm-none-eabi/6.3.1/../../../../arm-none-eabi/lib/thumb/v7e-m\libc.a(lib_a-reallocr.o)
                0x0040685c                _realloc_r
 .text.__ascii_wctomb
                0x00406ba8       0x1c c:/program files (x86)/atmel/studio/7.0/toolchain/arm/arm-gnu-toolchain/bin/../lib/gcc/arm-none-eabi/6.3.1/../../../../arm-none-eabi/lib/thumb/v7e-m\libc.a(lib_a-wctomb_r.o)
                0x00406ba8                __ascii_wctomb
 .text          0x00406bc4      0x370 c:/program files (x86)/atmel/studio/7.0/toolchain/arm/arm-gnu-toolchain/bin/../lib/gcc/arm-none-eabi/6.3.1/thumb/v7e-m\libgcc.a(_arm_addsubdf3.o)
                0x00406bc4                __aeabi_drsub
                0x00406bcc                __aeabi_dsub
                0x00406bcc                __subdf3
                0x00406bd0                __aeabi_dadd
                0x00406bd0                __adddf3
                0x00406e48                __floatunsidf
                0x00406e48                __aeabi_ui2d
                0x00406e68                __floatsidf
                0x00406e68                __aeabi_i2d
                0x00406e8c                __aeabi_f2d
                0x00406e8c                __extendsfdf2
                0x00406ec8                __floatundidf
                0x00406ec8                __aeabi_ul2d
                0x00406ed8                __floatdidf
                0x00406ed8                __aeabi_l2d
 .text          0x00406f34      0x424 c:/program files (x86)/atmel/studio/7.0/toolchain/arm/arm-gnu-toolchain/bin/../lib/gcc/arm-none-eabi/6.3.1/thumb/v7e-m\libgcc.a(_arm_muldivdf3.o)
                0x00406f34                __aeabi_dmul
                0x00406f34                __muldf3
                0x00407188                __divdf3
                0x00407188                __aeabi_ddiv
 .text          0x00407358      0x110 c:/program files (x86)/atmel/studio/7.0/toolchain/arm/arm-gnu-toolchain/bin/../lib/gcc/arm-none-eabi/6.3.1/thumb/v7e-m\libgcc.a(_arm_cmpdf2.o)
                0x00407358                __gtdf2
                0x00407358                __gedf2
                0x00407360                __ltdf2
                0x00407360                __ledf2
                0x00407368                __nedf2
                0x00407368                __eqdf2
                0x00407368                __cmpdf2
                0x004073e4                __aeabi_cdrcmple
                0x004073f4                __aeabi_cdcmpeq
                0x004073f4                __aeabi_cdcmple
                0x00407404                __aeabi_dcmpeq
                0x00407418                __aeabi_dcmplt
                0x0040742c                __aeabi_dcmple
                0x00407440                __aeabi_dcmpge
                0x00407454                __aeabi_dcmpgt
 .text          0x00407468       0x2c c:/program files (x86)/atmel/studio/7.0/toolchain/arm/arm-gnu-toolchain/bin/../lib/gcc/arm-none-eabi/6.3.1/thumb/v7e-m\libgcc.a(_arm_unorddf2.o)
                0x00407468                __unorddf2
                0x00407468                __aeabi_dcmpun
 .text          0x00407494       0x50 c:/program files (x86)/atmel/studio/7.0/toolchain/arm/arm-gnu-toolchain/bin/../lib/gcc/arm-none-eabi/6.3.1/thumb/v7e-m\libgcc.a(_arm_fixdfsi.o)
                0x00407494                __aeabi_d2iz
                0x00407494                __fixdfsi
 .text          0x004074e4       0x30 c:/program files (x86)/atmel/studio/7.0/toolchain/arm/arm-gnu-toolchain/bin/../lib/gcc/arm-none-eabi/6.3.1/thumb/v7e-m\libgcc.a(_aeabi_uldivmod.o)
                0x004074e4                __aeabi_uldivmod
 .text          0x00407514      0x2dc c:/program files (x86)/atmel/studio/7.0/toolchain/arm/arm-gnu-toolchain/bin/../lib/gcc/arm-none-eabi/6.3.1/thumb/v7e-m\libgcc.a(_udivmoddi4.o)
                0x00407514                __udivmoddi4
 .text          0x004077f0        0x4 c:/program files (x86)/atmel/studio/7.0/toolchain/arm/arm-gnu-toolchain/bin/../lib/gcc/arm-none-eabi/6.3.1/thumb/v7e-m\libgcc.a(_dvmd_tls.o)
                0x004077f0                __aeabi_idiv0
                0x004077f0                __aeabi_ldiv0
 *(.glue_7t)
 .glue_7t       0x004077f4        0x0 linker stubs
 *(.glue_7)
 .glue_7        0x004077f4        0x0 linker stubs
 *(.rodata .rodata* .gnu.linkonce.r.*)
 .rodata.image_data_sourcecodepro_28_0x41
                0x004077f4      0x138 src/main.o
 .rodata.sourcecodepro_28_0x41
                0x0040792c       0x10 src/main.o
 .rodata.image_data_sourcecodepro_28_0x42
                0x0040793c      0x138 src/main.o
 .rodata.sourcecodepro_28_0x42
                0x00407a74       0x10 src/main.o
 .rodata.image_data_sourcecodepro_28_0x43
                0x00407a84      0x15f src/main.o
 *fill*         0x00407be3        0x1 
 .rodata.sourcecodepro_28_0x43
                0x00407be4       0x10 src/main.o
 .rodata.image_data_sourcecodepro_28_0x44
                0x00407bf4      0x186 src/main.o
 *fill*         0x00407d7a        0x2 
 .rodata.sourcecodepro_28_0x44
                0x00407d7c       0x10 src/main.o
 .rodata.image_data_sourcecodepro_28_0x45
                0x00407d8c      0x138 src/main.o
 .rodata.sourcecodepro_28_0x45
                0x00407ec4       0x10 src/main.o
 .rodata.image_data_sourcecodepro_28_0x46
                0x00407ed4      0x111 src/main.o
 *fill*         0x00407fe5        0x3 
 .rodata.sourcecodepro_28_0x46
                0x00407fe8       0x10 src/main.o
 .rodata.image_data_sourcecodepro_28_0x47
                0x00407ff8      0x15f src/main.o
 *fill*         0x00408157        0x1 
 .rodata.sourcecodepro_28_0x47
                0x00408158       0x10 src/main.o
 .rodata.image_data_sourcecodepro_28_0x48
                0x00408168      0x15f src/main.o
 *fill*         0x004082c7        0x1 
 .rodata.sourcecodepro_28_0x48
                0x004082c8       0x10 src/main.o
 .rodata.image_data_sourcecodepro_28_0x49
                0x004082d8       0x9c src/main.o
 .rodata.sourcecodepro_28_0x49
                0x00408374       0x10 src/main.o
 .rodata.image_data_sourcecodepro_28_0x4a
                0x00408384       0xea src/main.o
 *fill*         0x0040846e        0x2 
 .rodata.sourcecodepro_28_0x4a
                0x00408470       0x10 src/main.o
 .rodata.image_data_sourcecodepro_28_0x4b
                0x00408480      0x138 src/main.o
 .rodata.sourcecodepro_28_0x4b
                0x004085b8       0x10 src/main.o
 .rodata.image_data_sourcecodepro_28_0x4c
                0x004085c8      0x111 src/main.o
 *fill*         0x004086d9        0x3 
 .rodata.sourcecodepro_28_0x4c
                0x004086dc       0x10 src/main.o
 .rodata.image_data_sourcecodepro_28_0x4d
                0x004086ec      0x186 src/main.o
 *fill*         0x00408872        0x2 
 .rodata.sourcecodepro_28_0x4d
                0x00408874       0x10 src/main.o
 .rodata.image_data_sourcecodepro_28_0x4e
                0x00408884      0x15f src/main.o
 *fill*         0x004089e3        0x1 
 .rodata.sourcecodepro_28_0x4e
                0x004089e4       0x10 src/main.o
 .rodata.image_data_sourcecodepro_28_0x4f
                0x004089f4      0x186 src/main.o
 *fill*         0x00408b7a        0x2 
 .rodata.sourcecodepro_28_0x4f
                0x00408b7c       0x10 src/main.o
 .rodata.image_data_sourcecodepro_28_0x50
                0x00408b8c      0x138 src/main.o
 .rodata.sourcecodepro_28_0x50
                0x00408cc4       0x10 src/main.o
 .rodata.image_data_sourcecodepro_28_0x51
                0x00408cd4      0x186 src/main.o
 *fill*         0x00408e5a        0x2 
 .rodata.sourcecodepro_28_0x51
                0x00408e5c       0x10 src/main.o
 .rodata.image_data_sourcecodepro_28_0x52
                0x00408e6c      0x15f src/main.o
 *fill*         0x00408fcb        0x1 
 .rodata.sourcecodepro_28_0x52
                0x00408fcc       0x10 src/main.o
 .rodata.image_data_sourcecodepro_28_0x53
                0x00408fdc      0x138 src/main.o
 .rodata.sourcecodepro_28_0x53
                0x00409114       0x10 src/main.o
 .rodata.image_data_sourcecodepro_28_0x54
                0x00409124      0x138 src/main.o
 .rodata.sourcecodepro_28_0x54
                0x0040925c       0x10 src/main.o
 .rodata.image_data_sourcecodepro_28_0x55
                0x0040926c      0x15f src/main.o
 *fill*         0x004093cb        0x1 
 .rodata.sourcecodepro_28_0x55
                0x004093cc       0x10 src/main.o
 .rodata.image_data_sourcecodepro_28_0x56
                0x004093dc      0x138 src/main.o
 .rodata.sourcecodepro_28_0x56
                0x00409514       0x10 src/main.o
 .rodata.image_data_sourcecodepro_28_0x57
                0x00409524      0x222 src/main.o
 *fill*         0x00409746        0x2 
 .rodata.sourcecodepro_28_0x57
                0x00409748       0x10 src/main.o
 .rodata.image_data_sourcecodepro_28_0x58
                0x00409758      0x138 src/main.o
 .rodata.sourcecodepro_28_0x58
                0x00409890       0x10 src/main.o
 .rodata.image_data_sourcecodepro_28_0x59
                0x004098a0      0x138 src/main.o
 .rodata.sourcecodepro_28_0x59
                0x004099d8       0x10 src/main.o
 .rodata.image_data_sourcecodepro_28_0x5a
                0x004099e8      0x138 src/main.o
 .rodata.sourcecodepro_28_0x5a
                0x00409b20       0x10 src/main.o
 .rodata.sourcecodepro_28_array
                0x00409b30       0xd0 src/main.o
 .rodata.sourcecodepro_28
                0x00409c00        0xc src/main.o
                0x00409c00                sourcecodepro_28
 .rodata.image_data_calibri_36_0x20
                0x00409c0c      0x378 src/main.o
 .rodata.calibri_36_0x20
                0x00409f84       0x10 src/main.o
 .rodata.image_data_calibri_36_0x21
                0x00409f94      0x534 src/main.o
 .rodata.calibri_36_0x21
                0x0040a4c8       0x10 src/main.o
 .rodata.image_data_calibri_36_0x22
                0x0040a4d8      0x612 src/main.o
 *fill*         0x0040aaea        0x2 
 .rodata.calibri_36_0x22
                0x0040aaec       0x10 src/main.o
 .rodata.image_data_calibri_36_0x23
                0x0040aafc      0x7ce src/main.o
 *fill*         0x0040b2ca        0x2 
 .rodata.calibri_36_0x23
                0x0040b2cc       0x10 src/main.o
 .rodata.image_data_calibri_36_0x24
                0x0040b2dc      0x7ce src/main.o
 *fill*         0x0040baaa        0x2 
 .rodata.calibri_36_0x24
                0x0040baac       0x10 src/main.o
 .rodata.image_data_calibri_36_0x25
                0x0040babc      0xb46 src/main.o
 *fill*         0x0040c602        0x2 
 .rodata.calibri_36_0x25
                0x0040c604       0x10 src/main.o
 .rodata.image_data_calibri_36_0x26
                0x0040c614      0xad7 src/main.o
 *fill*         0x0040d0eb        0x1 
 .rodata.calibri_36_0x26
                0x0040d0ec       0x10 src/main.o
 .rodata.image_data_calibri_36_0x27
                0x0040d0fc      0x378 src/main.o
 .rodata.calibri_36_0x27
                0x0040d474       0x10 src/main.o
 .rodata.image_data_calibri_36_0x28
                0x0040d484      0x4c5 src/main.o
 *fill*         0x0040d949        0x3 
 .rodata.calibri_36_0x28
                0x0040d94c       0x10 src/main.o
 .rodata.image_data_calibri_36_0x29
                0x0040d95c      0x4c5 src/main.o
 *fill*         0x0040de21        0x3 
 .rodata.calibri_36_0x29
                0x0040de24       0x10 src/main.o
 .rodata.image_data_calibri_36_0x2a
                0x0040de34      0x7ce src/main.o
 *fill*         0x0040e602        0x2 
 .rodata.calibri_36_0x2a
                0x0040e604       0x10 src/main.o
 .rodata.image_data_calibri_36_0x2b
                0x0040e614      0x7ce src/main.o
 *fill*         0x0040ede2        0x2 
 .rodata.calibri_36_0x2b
                0x0040ede4       0x10 src/main.o
 .rodata.image_data_calibri_36_0x2c
                0x0040edf4      0x3e7 src/main.o
 *fill*         0x0040f1db        0x1 
 .rodata.calibri_36_0x2c
                0x0040f1dc       0x10 src/main.o
 .rodata.image_data_calibri_36_0x2d
                0x0040f1ec      0x4c5 src/main.o
 *fill*         0x0040f6b1        0x3 
 .rodata.calibri_36_0x2d
                0x0040f6b4       0x10 src/main.o
 .rodata.image_data_calibri_36_0x2e
                0x0040f6c4      0x3e7 src/main.o
 *fill*         0x0040faab        0x1 
 .rodata.calibri_36_0x2e
                0x0040faac       0x10 src/main.o
 .rodata.image_data_calibri_36_0x2f
                0x0040fabc      0x612 src/main.o
 *fill*         0x004100ce        0x2 
 .rodata.calibri_36_0x2f
                0x004100d0       0x10 src/main.o
 .rodata.image_data_calibri_36_0x30
                0x004100e0      0x7ce src/main.o
 *fill*         0x004108ae        0x2 
 .rodata.calibri_36_0x30
                0x004108b0       0x10 src/main.o
 .rodata.image_data_calibri_36_0x31
                0x004108c0      0x7ce src/main.o
 *fill*         0x0041108e        0x2 
 .rodata.calibri_36_0x31
                0x00411090       0x10 src/main.o
 .rodata.image_data_calibri_36_0x32
                0x004110a0      0x7ce src/main.o
 *fill*         0x0041186e        0x2 
 .rodata.calibri_36_0x32
                0x00411870       0x10 src/main.o
 .rodata.image_data_calibri_36_0x33
                0x00411880      0x7ce src/main.o
 *fill*         0x0041204e        0x2 
 .rodata.calibri_36_0x33
                0x00412050       0x10 src/main.o
 .rodata.image_data_calibri_36_0x34
                0x00412060      0x7ce src/main.o
 *fill*         0x0041282e        0x2 
 .rodata.calibri_36_0x34
                0x00412830       0x10 src/main.o
 .rodata.image_data_calibri_36_0x35
                0x00412840      0x7ce src/main.o
 *fill*         0x0041300e        0x2 
 .rodata.calibri_36_0x35
                0x00413010       0x10 src/main.o
 .rodata.image_data_calibri_36_0x36
                0x00413020      0x7ce src/main.o
 *fill*         0x004137ee        0x2 
 .rodata.calibri_36_0x36
                0x004137f0       0x10 src/main.o
 .rodata.image_data_calibri_36_0x37
                0x00413800      0x7ce src/main.o
 *fill*         0x00413fce        0x2 
 .rodata.calibri_36_0x37
                0x00413fd0       0x10 src/main.o
 .rodata.image_data_calibri_36_0x38
                0x00413fe0      0x7ce src/main.o
 *fill*         0x004147ae        0x2 
 .rodata.calibri_36_0x38
                0x004147b0       0x10 src/main.o
 .rodata.image_data_calibri_36_0x39
                0x004147c0      0x7ce src/main.o
 *fill*         0x00414f8e        0x2 
 .rodata.calibri_36_0x39
                0x00414f90       0x10 src/main.o
 .rodata.image_data_calibri_36_0x3a
                0x00414fa0      0x456 src/main.o
 *fill*         0x004153f6        0x2 
 .rodata.calibri_36_0x3a
                0x004153f8       0x10 src/main.o
 .rodata.image_data_calibri_36_0x3b
                0x00415408      0x456 src/main.o
 *fill*         0x0041585e        0x2 
 .rodata.calibri_36_0x3b
                0x00415860       0x10 src/main.o
 .rodata.image_data_calibri_36_0x3c
                0x00415870      0x7ce src/main.o
 *fill*         0x0041603e        0x2 
 .rodata.calibri_36_0x3c
                0x00416040       0x10 src/main.o
 .rodata.image_data_calibri_36_0x3d
                0x00416050      0x7ce src/main.o
 *fill*         0x0041681e        0x2 
 .rodata.calibri_36_0x3d
                0x00416820       0x10 src/main.o
 .rodata.image_data_calibri_36_0x3e
                0x00416830      0x7ce src/main.o
 *fill*         0x00416ffe        0x2 
 .rodata.calibri_36_0x3e
                0x00417000       0x10 src/main.o
 .rodata.image_data_calibri_36_0x3f
                0x00417010      0x75f src/main.o
 *fill*         0x0041776f        0x1 
 .rodata.calibri_36_0x3f
                0x00417770       0x10 src/main.o
 .rodata.image_data_calibri_36_0x40
                0x00417780      0xde0 src/main.o
 .rodata.calibri_36_0x40
                0x00418560       0x10 src/main.o
 .rodata.image_data_calibri_36_0x41
                0x00418570      0x91b src/main.o
 *fill*         0x00418e8b        0x1 
 .rodata.calibri_36_0x41
                0x00418e8c       0x10 src/main.o
 .rodata.image_data_calibri_36_0x42
                0x00418e9c      0x8ac src/main.o
 .rodata.calibri_36_0x42
                0x00419748       0x10 src/main.o
 .rodata.image_data_calibri_36_0x43
                0x00419758      0x83d src/main.o
 *fill*         0x00419f95        0x3 
 .rodata.calibri_36_0x43
                0x00419f98       0x10 src/main.o
 .rodata.image_data_calibri_36_0x44
                0x00419fa8      0x98a src/main.o
 *fill*         0x0041a932        0x2 
 .rodata.calibri_36_0x44
                0x0041a934       0x10 src/main.o
 .rodata.image_data_calibri_36_0x45
                0x0041a944      0x7ce src/main.o
 *fill*         0x0041b112        0x2 
 .rodata.calibri_36_0x45
                0x0041b114       0x10 src/main.o
 .rodata.image_data_calibri_36_0x46
                0x0041b124      0x75f src/main.o
 *fill*         0x0041b883        0x1 
 .rodata.calibri_36_0x46
                0x0041b884       0x10 src/main.o
 .rodata.image_data_calibri_36_0x47
                0x0041b894      0x9f9 src/main.o
 *fill*         0x0041c28d        0x3 
 .rodata.calibri_36_0x47
                0x0041c290       0x10 src/main.o
 .rodata.image_data_calibri_36_0x48
                0x0041c2a0      0x98a src/main.o
 *fill*         0x0041cc2a        0x2 
 .rodata.calibri_36_0x48
                0x0041cc2c       0x10 src/main.o
 .rodata.image_data_calibri_36_0x49
                0x0041cc3c      0x3e7 src/main.o
 *fill*         0x0041d023        0x1 
 .rodata.calibri_36_0x49
                0x0041d024       0x10 src/main.o
 .rodata.image_data_calibri_36_0x4a
                0x0041d034      0x4c5 src/main.o
 *fill*         0x0041d4f9        0x3 
 .rodata.calibri_36_0x4a
                0x0041d4fc       0x10 src/main.o
 .rodata.image_data_calibri_36_0x4b
                0x0041d50c      0x83d src/main.o
 *fill*         0x0041dd49        0x3 
 .rodata.calibri_36_0x4b
                0x0041dd4c       0x10 src/main.o
 .rodata.image_data_calibri_36_0x4c
                0x0041dd5c      0x681 src/main.o
 *fill*         0x0041e3dd        0x3 
 .rodata.calibri_36_0x4c
                0x0041e3e0       0x10 src/main.o
 .rodata.image_data_calibri_36_0x4d
                0x0041e3f0      0xd71 src/main.o
 *fill*         0x0041f161        0x3 
 .rodata.calibri_36_0x4d
                0x0041f164       0x10 src/main.o
 .rodata.image_data_calibri_36_0x4e
                0x0041f174      0x9f9 src/main.o
 *fill*         0x0041fb6d        0x3 
 .rodata.calibri_36_0x4e
                0x0041fb70       0x10 src/main.o
 .rodata.image_data_calibri_36_0x4f
                0x0041fb80      0xa68 src/main.o
 .rodata.calibri_36_0x4f
                0x004205e8       0x10 src/main.o
 .rodata.image_data_calibri_36_0x50
                0x004205f8      0x83d src/main.o
 *fill*         0x00420e35        0x3 
 .rodata.calibri_36_0x50
                0x00420e38       0x10 src/main.o
 .rodata.image_data_calibri_36_0x51
                0x00420e48      0xad7 src/main.o
 *fill*         0x0042191f        0x1 
 .rodata.calibri_36_0x51
                0x00421920       0x10 src/main.o
 .rodata.image_data_calibri_36_0x52
                0x00421930      0x8ac src/main.o
 .rodata.calibri_36_0x52
                0x004221dc       0x10 src/main.o
 .rodata.image_data_calibri_36_0x53
                0x004221ec      0x75f src/main.o
 *fill*         0x0042294b        0x1 
 .rodata.calibri_36_0x53
                0x0042294c       0x10 src/main.o
 .rodata.image_data_calibri_36_0x54
                0x0042295c      0x7ce src/main.o
 *fill*         0x0042312a        0x2 
 .rodata.calibri_36_0x54
                0x0042312c       0x10 src/main.o
 .rodata.image_data_calibri_36_0x55
                0x0042313c      0x9f9 src/main.o
 *fill*         0x00423b35        0x3 
 .rodata.calibri_36_0x55
                0x00423b38       0x10 src/main.o
 .rodata.image_data_calibri_36_0x56
                0x00423b48      0x8ac src/main.o
 .rodata.calibri_36_0x56
                0x004243f4       0x10 src/main.o
 .rodata.image_data_calibri_36_0x57
                0x00424404      0xde0 src/main.o
 .rodata.calibri_36_0x57
                0x004251e4       0x10 src/main.o
 .rodata.image_data_calibri_36_0x58
                0x004251f4      0x83d src/main.o
 *fill*         0x00425a31        0x3 
 .rodata.calibri_36_0x58
                0x00425a34       0x10 src/main.o
 .rodata.image_data_calibri_36_0x59
                0x00425a44      0x7ce src/main.o
 *fill*         0x00426212        0x2 
 .rodata.calibri_36_0x59
                0x00426214       0x10 src/main.o
 .rodata.image_data_calibri_36_0x5a
                0x00426224      0x75f src/main.o
 *fill*         0x00426983        0x1 
 .rodata.calibri_36_0x5a
                0x00426984       0x10 src/main.o
 .rodata.image_data_calibri_36_0x5b
                0x00426994      0x4c5 src/main.o
 *fill*         0x00426e59        0x3 
 .rodata.calibri_36_0x5b
                0x00426e5c       0x10 src/main.o
 .rodata.image_data_calibri_36_0x5c
                0x00426e6c      0x612 src/main.o
 *fill*         0x0042747e        0x2 
 .rodata.calibri_36_0x5c
                0x00427480       0x10 src/main.o
 .rodata.image_data_calibri_36_0x5d
                0x00427490      0x4c5 src/main.o
 *fill*         0x00427955        0x3 
 .rodata.calibri_36_0x5d
                0x00427958       0x10 src/main.o
 .rodata.image_data_calibri_36_0x5e
                0x00427968      0x7ce src/main.o
 *fill*         0x00428136        0x2 
 .rodata.calibri_36_0x5e
                0x00428138       0x10 src/main.o
 .rodata.image_data_calibri_36_0x5f
                0x00428148      0x7ce src/main.o
 *fill*         0x00428916        0x2 
 .rodata.calibri_36_0x5f
                0x00428918       0x10 src/main.o
 .rodata.image_data_calibri_36_0x60
                0x00428928      0x456 src/main.o
 *fill*         0x00428d7e        0x2 
 .rodata.calibri_36_0x60
                0x00428d80       0x10 src/main.o
 .rodata.image_data_calibri_36_0x61
                0x00428d90      0x75f src/main.o
 *fill*         0x004294ef        0x1 
 .rodata.calibri_36_0x61
                0x004294f0       0x10 src/main.o
 .rodata.image_data_calibri_36_0x62
                0x00429500      0x83d src/main.o
 *fill*         0x00429d3d        0x3 
 .rodata.calibri_36_0x62
                0x00429d40       0x10 src/main.o
 .rodata.image_data_calibri_36_0x63
                0x00429d50      0x681 src/main.o
 *fill*         0x0042a3d1        0x3 
 .rodata.calibri_36_0x63
                0x0042a3d4       0x10 src/main.o
 .rodata.image_data_calibri_36_0x64
                0x0042a3e4      0x83d src/main.o
 *fill*         0x0042ac21        0x3 
 .rodata.calibri_36_0x64
                0x0042ac24       0x10 src/main.o
 .rodata.image_data_calibri_36_0x65
                0x0042ac34      0x7ce src/main.o
 *fill*         0x0042b402        0x2 
 .rodata.calibri_36_0x65
                0x0042b404       0x10 src/main.o
 .rodata.image_data_calibri_36_0x66
                0x0042b414      0x4c5 src/main.o
 *fill*         0x0042b8d9        0x3 
 .rodata.calibri_36_0x66
                0x0042b8dc       0x10 src/main.o
 .rodata.image_data_calibri_36_0x67
                0x0042b8ec      0x75f src/main.o
 *fill*         0x0042c04b        0x1 
 .rodata.calibri_36_0x67
                0x0042c04c       0x10 src/main.o
 .rodata.image_data_calibri_36_0x68
                0x0042c05c      0x83d src/main.o
 *fill*         0x0042c899        0x3 
 .rodata.calibri_36_0x68
                0x0042c89c       0x10 src/main.o
 .rodata.image_data_calibri_36_0x69
                0x0042c8ac      0x378 src/main.o
 .rodata.calibri_36_0x69
                0x0042cc24       0x10 src/main.o
 .rodata.image_data_calibri_36_0x6a
                0x0042cc34      0x3e7 src/main.o
 *fill*         0x0042d01b        0x1 
 .rodata.calibri_36_0x6a
                0x0042d01c       0x10 src/main.o
 .rodata.image_data_calibri_36_0x6b
                0x0042d02c      0x6f0 src/main.o
 .rodata.calibri_36_0x6b
                0x0042d71c       0x10 src/main.o
 .rodata.image_data_calibri_36_0x6c
                0x0042d72c      0x378 src/main.o
 .rodata.calibri_36_0x6c
                0x0042daa4       0x10 src/main.o
 .rodata.image_data_calibri_36_0x6d
                0x0042dab4      0xc93 src/main.o
 *fill*         0x0042e747        0x1 
 .rodata.calibri_36_0x6d
                0x0042e748       0x10 src/main.o
 .rodata.image_data_calibri_36_0x6e
                0x0042e758      0x83d src/main.o
 *fill*         0x0042ef95        0x3 
 .rodata.calibri_36_0x6e
                0x0042ef98       0x10 src/main.o
 .rodata.image_data_calibri_36_0x6f
                0x0042efa8      0x83d src/main.o
 *fill*         0x0042f7e5        0x3 
 .rodata.calibri_36_0x6f
                0x0042f7e8       0x10 src/main.o
 .rodata.image_data_calibri_36_0x70
                0x0042f7f8      0x83d src/main.o
 *fill*         0x00430035        0x3 
 .rodata.calibri_36_0x70
                0x00430038       0x10 src/main.o
 .rodata.image_data_calibri_36_0x71
                0x00430048      0x83d src/main.o
 *fill*         0x00430885        0x3 
 .rodata.calibri_36_0x71
                0x00430888       0x10 src/main.o
 .rodata.image_data_calibri_36_0x72
                0x00430898      0x5a3 src/main.o
 *fill*         0x00430e3b        0x1 
 .rodata.calibri_36_0x72
                0x00430e3c       0x10 src/main.o
 .rodata.image_data_calibri_36_0x73
                0x00430e4c      0x612 src/main.o
 *fill*         0x0043145e        0x2 
 .rodata.calibri_36_0x73
                0x00431460       0x10 src/main.o
 .rodata.image_data_calibri_36_0x74
                0x00431470      0x534 src/main.o
 .rodata.calibri_36_0x74
                0x004319a4       0x10 src/main.o
 .rodata.image_data_calibri_36_0x75
                0x004319b4      0x83d src/main.o
 *fill*         0x004321f1        0x3 
 .rodata.calibri_36_0x75
                0x004321f4       0x10 src/main.o
 .rodata.image_data_calibri_36_0x76
                0x00432204      0x6f0 src/main.o
 .rodata.calibri_36_0x76
                0x004328f4       0x10 src/main.o
 .rodata.image_data_calibri_36_0x77
                0x00432904      0xb46 src/main.o
 *fill*         0x0043344a        0x2 
 .rodata.calibri_36_0x77
                0x0043344c       0x10 src/main.o
 .rodata.image_data_calibri_36_0x78
                0x0043345c      0x6f0 src/main.o
 .rodata.calibri_36_0x78
                0x00433b4c       0x10 src/main.o
 .rodata.image_data_calibri_36_0x79
                0x00433b5c      0x6f0 src/main.o
 .rodata.calibri_36_0x79
                0x0043424c       0x10 src/main.o
 .rodata.image_data_calibri_36_0x7a
                0x0043425c      0x612 src/main.o
 *fill*         0x0043486e        0x2 
 .rodata.calibri_36_0x7a
                0x00434870       0x10 src/main.o
 .rodata.image_data_calibri_36_0x7b
                0x00434880      0x4c5 src/main.o
 *fill*         0x00434d45        0x3 
 .rodata.calibri_36_0x7b
                0x00434d48       0x10 src/main.o
 .rodata.image_data_calibri_36_0x7c
                0x00434d58      0x75f src/main.o
 *fill*         0x004354b7        0x1 
 .rodata.calibri_36_0x7c
                0x004354b8       0x10 src/main.o
 .rodata.image_data_calibri_36_0x7d
                0x004354c8      0x4c5 src/main.o
 *fill*         0x0043598d        0x3 
 .rodata.calibri_36_0x7d
                0x00435990       0x10 src/main.o
 .rodata.image_data_calibri_36_0x7e
                0x004359a0      0x7ce src/main.o
 *fill*         0x0043616e        0x2 
 .rodata.calibri_36_0x7e
                0x00436170       0x10 src/main.o
 .rodata.calibri_36_array
                0x00436180      0x2f8 src/main.o
 .rodata.calibri_36
                0x00436478        0xc src/main.o
                0x00436478                calibri_36
 .rodata.image_data_arial_72_0x30
                0x00436484     0x2760 src/main.o
 .rodata.arial_72_0x30
                0x00438be4       0x10 src/main.o
 .rodata.image_data_arial_72_0x31
                0x00438bf4     0x2760 src/main.o
 .rodata.arial_72_0x31
                0x0043b354       0x10 src/main.o
 .rodata.image_data_arial_72_0x32
                0x0043b364     0x2760 src/main.o
 .rodata.arial_72_0x32
                0x0043dac4       0x10 src/main.o
 .rodata.image_data_arial_72_0x33
                0x0043dad4     0x2760 src/main.o
 .rodata.arial_72_0x33
                0x00440234       0x10 src/main.o
 .rodata.image_data_arial_72_0x34
                0x00440244     0x2760 src/main.o
 .rodata.arial_72_0x34
                0x004429a4       0x10 src/main.o
 .rodata.image_data_arial_72_0x35
                0x004429b4     0x2760 src/main.o
 .rodata.arial_72_0x35
                0x00445114       0x10 src/main.o
 .rodata.image_data_arial_72_0x36
                0x00445124     0x2760 src/main.o
 .rodata.arial_72_0x36
                0x00447884       0x10 src/main.o
 .rodata.image_data_arial_72_0x37
                0x00447894     0x2760 src/main.o
 .rodata.arial_72_0x37
                0x00449ff4       0x10 src/main.o
 .rodata.image_data_arial_72_0x38
                0x0044a004     0x2760 src/main.o
 .rodata.arial_72_0x38
                0x0044c764       0x10 src/main.o
 .rodata.image_data_arial_72_0x39
                0x0044c774     0x2760 src/main.o
 .rodata.arial_72_0x39
                0x0044eed4       0x10 src/main.o
 .rodata.arial_72_array
                0x0044eee4       0x50 src/main.o
 .rodata.arial_72
                0x0044ef34        0xc src/main.o
                0x0044ef34                arial_72
 .rodata        0x0044ef40       0x1b src/main.o
 *fill*         0x0044ef5b        0x1 
 .rodata._global_impure_ptr
                0x0044ef5c        0x4 c:/program files (x86)/atmel/studio/7.0/toolchain/arm/arm-gnu-toolchain/bin/../lib/gcc/arm-none-eabi/6.3.1/../../../../arm-none-eabi/lib/thumb/v7e-m\libc.a(lib_a-impure.o)
                0x0044ef5c                _global_impure_ptr
 .rodata._svfprintf_r.str1.4
                0x0044ef60       0x42 c:/program files (x86)/atmel/studio/7.0/toolchain/arm/arm-gnu-toolchain/bin/../lib/gcc/arm-none-eabi/6.3.1/../../../../arm-none-eabi/lib/thumb/v7e-m\libc.a(lib_a-svfprintf.o)
 *fill*         0x0044efa2        0x2 
 .rodata.blanks.7223
                0x0044efa4       0x10 c:/program files (x86)/atmel/studio/7.0/toolchain/arm/arm-gnu-toolchain/bin/../lib/gcc/arm-none-eabi/6.3.1/../../../../arm-none-eabi/lib/thumb/v7e-m\libc.a(lib_a-svfprintf.o)
 .rodata.zeroes.7224
                0x0044efb4       0x10 c:/program files (x86)/atmel/studio/7.0/toolchain/arm/arm-gnu-toolchain/bin/../lib/gcc/arm-none-eabi/6.3.1/../../../../arm-none-eabi/lib/thumb/v7e-m\libc.a(lib_a-svfprintf.o)
 .rodata._dtoa_r.str1.4
                0x0044efc4       0x10 c:/program files (x86)/atmel/studio/7.0/toolchain/arm/arm-gnu-toolchain/bin/../lib/gcc/arm-none-eabi/6.3.1/../../../../arm-none-eabi/lib/thumb/v7e-m\libc.a(lib_a-dtoa.o)
                                 0x12 (size before relaxing)
 *fill*         0x0044efd4        0x4 
 .rodata.__mprec_bigtens
                0x0044efd8       0x28 c:/program files (x86)/atmel/studio/7.0/toolchain/arm/arm-gnu-toolchain/bin/../lib/gcc/arm-none-eabi/6.3.1/../../../../arm-none-eabi/lib/thumb/v7e-m\libc.a(lib_a-mprec.o)
                0x0044efd8                __mprec_bigtens
 .rodata.__mprec_tens
                0x0044f000       0xc8 c:/program files (x86)/atmel/studio/7.0/toolchain/arm/arm-gnu-toolchain/bin/../lib/gcc/arm-none-eabi/6.3.1/../../../../arm-none-eabi/lib/thumb/v7e-m\libc.a(lib_a-mprec.o)
                0x0044f000                __mprec_tens
 .rodata.p05.6055
                0x0044f0c8        0xc c:/program files (x86)/atmel/studio/7.0/toolchain/arm/arm-gnu-toolchain/bin/../lib/gcc/arm-none-eabi/6.3.1/../../../../arm-none-eabi/lib/thumb/v7e-m\libc.a(lib_a-mprec.o)
 .rodata._setlocale_r.str1.4
                0x0044f0d4        0xa c:/program files (x86)/atmel/studio/7.0/toolchain/arm/arm-gnu-toolchain/bin/../lib/gcc/arm-none-eabi/6.3.1/../../../../arm-none-eabi/lib/thumb/v7e-m\libc.a(lib_a-locale.o)
                                  0xd (size before relaxing)
 *fill*         0x0044f0de        0x2 
 .rodata.str1.4
                0x0044f0e0        0x4 c:/program files (x86)/atmel/studio/7.0/toolchain/arm/arm-gnu-toolchain/bin/../lib/gcc/arm-none-eabi/6.3.1/../../../../arm-none-eabi/lib/thumb/v7e-m\libc.a(lib_a-locale.o)
                                  0x2 (size before relaxing)
 .rodata._ctype_
                0x0044f0e4      0x101 c:/program files (x86)/atmel/studio/7.0/toolchain/arm/arm-gnu-toolchain/bin/../lib/gcc/arm-none-eabi/6.3.1/../../../../arm-none-eabi/lib/thumb/v7e-m\libc.a(lib_a-ctype_.o)
                0x0044f0e4                _ctype_
 *(.ARM.extab* .gnu.linkonce.armextab.*)
                0x0044f1e8                . = ALIGN (0x4)
 *fill*         0x0044f1e5        0x3 
 *(.init)
 .init          0x0044f1e8        0x4 c:/program files (x86)/atmel/studio/7.0/toolchain/arm/arm-gnu-toolchain/bin/../lib/gcc/arm-none-eabi/6.3.1/thumb/v7e-m/crti.o
                0x0044f1e8                _init
 .init          0x0044f1ec        0x8 c:/program files (x86)/atmel/studio/7.0/toolchain/arm/arm-gnu-toolchain/bin/../lib/gcc/arm-none-eabi/6.3.1/thumb/v7e-m/crtn.o
                0x0044f1f4                . = ALIGN (0x4)
                0x0044f1f4                __preinit_array_start = .
 *(.preinit_array)
                0x0044f1f4                __preinit_array_end = .
                0x0044f1f4                . = ALIGN (0x4)
                0x0044f1f4                __init_array_start = .
 *(SORT(.init_array.*))
 .init_array.00000
                0x0044f1f4        0x4 c:/program files (x86)/atmel/studio/7.0/toolchain/arm/arm-gnu-toolchain/bin/../lib/gcc/arm-none-eabi/6.3.1/../../../../arm-none-eabi/lib/thumb/v7e-m\libc.a(lib_a-__call_atexit.o)
 *(.init_array)
 .init_array    0x0044f1f8        0x4 c:/program files (x86)/atmel/studio/7.0/toolchain/arm/arm-gnu-toolchain/bin/../lib/gcc/arm-none-eabi/6.3.1/thumb/v7e-m/crtbegin.o
                0x0044f1fc                __init_array_end = .
                0x0044f1fc                . = ALIGN (0x4)
 *crtbegin.o(.ctors)
 *(EXCLUDE_FILE(*crtend.o) .ctors)
 *(SORT(.ctors.*))
 *crtend.o(.ctors)
                0x0044f1fc                . = ALIGN (0x4)
 *(.fini)
 .fini          0x0044f1fc        0x4 c:/program files (x86)/atmel/studio/7.0/toolchain/arm/arm-gnu-toolchain/bin/../lib/gcc/arm-none-eabi/6.3.1/thumb/v7e-m/crti.o
                0x0044f1fc                _fini
 .fini          0x0044f200        0x8 c:/program files (x86)/atmel/studio/7.0/toolchain/arm/arm-gnu-toolchain/bin/../lib/gcc/arm-none-eabi/6.3.1/thumb/v7e-m/crtn.o
                0x0044f208                . = ALIGN (0x4)
                0x0044f208                __fini_array_start = .
 *(.fini_array)
 .fini_array    0x0044f208        0x4 c:/program files (x86)/atmel/studio/7.0/toolchain/arm/arm-gnu-toolchain/bin/../lib/gcc/arm-none-eabi/6.3.1/thumb/v7e-m/crtbegin.o
 *(SORT(.fini_array.*))
                0x0044f20c                __fini_array_end = .
 *crtbegin.o(.dtors)
 *(EXCLUDE_FILE(*crtend.o) .dtors)
 *(SORT(.dtors.*))
 *crtend.o(.dtors)
                0x0044f20c                . = ALIGN (0x4)
                0x0044f20c                _efixed = .
                [!provide]                PROVIDE (__exidx_start, .)

.vfp11_veneer   0x0044f20c        0x0
 .vfp11_veneer  0x0044f20c        0x0 linker stubs

.v4_bx          0x0044f20c        0x0
 .v4_bx         0x0044f20c        0x0 linker stubs

.iplt           0x0044f20c        0x0
 .iplt          0x0044f20c        0x0 c:/program files (x86)/atmel/studio/7.0/toolchain/arm/arm-gnu-toolchain/bin/../lib/gcc/arm-none-eabi/6.3.1/thumb/v7e-m/crtbegin.o

.ARM.exidx      0x0044f20c        0x8
 *(.ARM.exidx* .gnu.linkonce.armexidx.*)
 .ARM.exidx     0x0044f20c        0x8 c:/program files (x86)/atmel/studio/7.0/toolchain/arm/arm-gnu-toolchain/bin/../lib/gcc/arm-none-eabi/6.3.1/thumb/v7e-m\libgcc.a(_udivmoddi4.o)
                [!provide]                PROVIDE (__exidx_end, .)

.eh_frame       0x0044f214        0x0
 .eh_frame      0x0044f214        0x0 c:/program files (x86)/atmel/studio/7.0/toolchain/arm/arm-gnu-toolchain/bin/../lib/gcc/arm-none-eabi/6.3.1/thumb/v7e-m/crtbegin.o

.rel.dyn        0x0044f214        0x0
 .rel.iplt      0x0044f214        0x0 c:/program files (x86)/atmel/studio/7.0/toolchain/arm/arm-gnu-toolchain/bin/../lib/gcc/arm-none-eabi/6.3.1/thumb/v7e-m/crtbegin.o

.jcr            0x0044f214        0x0
 .jcr           0x0044f214        0x0 c:/program files (x86)/atmel/studio/7.0/toolchain/arm/arm-gnu-toolchain/bin/../lib/gcc/arm-none-eabi/6.3.1/thumb/v7e-m/crtbegin.o

.igot.plt       0x0044f214        0x0
 .igot.plt      0x0044f214        0x0 c:/program files (x86)/atmel/studio/7.0/toolchain/arm/arm-gnu-toolchain/bin/../lib/gcc/arm-none-eabi/6.3.1/thumb/v7e-m/crtbegin.o
                0x0044f214                . = ALIGN (0x4)
                0x0044f214                _etext = .

.relocate       0x20400000      0x9c0 load address 0x0044f214
                0x20400000                . = ALIGN (0x4)
                0x20400000                _srelocate = .
 *(.ramfunc .ramfunc.*)
 *(.data .data.*)
 .data.quantidades_de_rotacoes
                0x20400000        0x4 src/main.o
                0x20400000                quantidades_de_rotacoes
 .data.g_interrupt_enabled
                0x20400004        0x1 src/ASF/common/utils/interrupt/interrupt_sam_nvic.o
                0x20400004                g_interrupt_enabled
 *fill*         0x20400005        0x3 
 .data.ul_flash_in_wait_mode
                0x20400008        0x4 src/ASF/sam/drivers/pmc/pmc.o
 .data.SystemCoreClock
                0x2040000c        0x4 src/ASF/sam/utils/cmsis/same70/source/templates/system_same70.o
                0x2040000c                SystemCoreClock
 .data._impure_ptr
                0x20400010        0x4 c:/program files (x86)/atmel/studio/7.0/toolchain/arm/arm-gnu-toolchain/bin/../lib/gcc/arm-none-eabi/6.3.1/../../../../arm-none-eabi/lib/thumb/v7e-m\libc.a(lib_a-impure.o)
                0x20400010                _impure_ptr
 *fill*         0x20400014        0x4 
 .data.impure_data
                0x20400018      0x428 c:/program files (x86)/atmel/studio/7.0/toolchain/arm/arm-gnu-toolchain/bin/../lib/gcc/arm-none-eabi/6.3.1/../../../../arm-none-eabi/lib/thumb/v7e-m\libc.a(lib_a-impure.o)
 .data.__atexit_recursive_mutex
                0x20400440        0x4 c:/program files (x86)/atmel/studio/7.0/toolchain/arm/arm-gnu-toolchain/bin/../lib/gcc/arm-none-eabi/6.3.1/../../../../arm-none-eabi/lib/thumb/v7e-m\libc.a(lib_a-__call_atexit.o)
                0x20400440                __atexit_recursive_mutex
 .data.__malloc_av_
                0x20400444      0x408 c:/program files (x86)/atmel/studio/7.0/toolchain/arm/arm-gnu-toolchain/bin/../lib/gcc/arm-none-eabi/6.3.1/../../../../arm-none-eabi/lib/thumb/v7e-m\libc.a(lib_a-mallocr.o)
                0x20400444                __malloc_av_
 .data.__malloc_sbrk_base
                0x2040084c        0x4 c:/program files (x86)/atmel/studio/7.0/toolchain/arm/arm-gnu-toolchain/bin/../lib/gcc/arm-none-eabi/6.3.1/../../../../arm-none-eabi/lib/thumb/v7e-m\libc.a(lib_a-mallocr.o)
                0x2040084c                __malloc_sbrk_base
 .data.__malloc_trim_threshold
                0x20400850        0x4 c:/program files (x86)/atmel/studio/7.0/toolchain/arm/arm-gnu-toolchain/bin/../lib/gcc/arm-none-eabi/6.3.1/../../../../arm-none-eabi/lib/thumb/v7e-m\libc.a(lib_a-mallocr.o)
                0x20400850                __malloc_trim_threshold
 .data.__global_locale
                0x20400854      0x16c c:/program files (x86)/atmel/studio/7.0/toolchain/arm/arm-gnu-toolchain/bin/../lib/gcc/arm-none-eabi/6.3.1/../../../../arm-none-eabi/lib/thumb/v7e-m\libc.a(lib_a-locale.o)
                0x20400854                __global_locale
                0x204009c0                . = ALIGN (0x4)
                0x204009c0                _erelocate = .

.bss            0x204009c0      0x4e4 load address 0x0044fbd4
                0x204009c0                . = ALIGN (0x4)
                0x204009c0                _sbss = .
                0x204009c0                _szero = .
 *(.bss .bss.*)
 .bss           0x204009c0       0x1c c:/program files (x86)/atmel/studio/7.0/toolchain/arm/arm-gnu-toolchain/bin/../lib/gcc/arm-none-eabi/6.3.1/thumb/v7e-m/crtbegin.o
 .bss.g_ul_pixel_cache
                0x204009dc      0x3c0 src/ASF/sam/components/display/ili9488/ili9488.o
 .bss.gs_interrupt_sources
                0x20400d9c       0x70 src/ASF/sam/drivers/pio/pio_handler.o
 .bss.b_is_sleep_clock_used
                0x20400e0c        0x1 src/ASF/sam/drivers/pmc/sleep.o
 *fill*         0x20400e0d        0x3 
 .bss.callback_clocks_restored
                0x20400e10        0x4 src/ASF/sam/drivers/pmc/sleep.o
 .bss.heap.6420
                0x20400e14        0x4 src/ASF/sam/utils/syscalls/gcc/syscalls.o
 .bss.__malloc_current_mallinfo
                0x20400e18       0x28 c:/program files (x86)/atmel/studio/7.0/toolchain/arm/arm-gnu-toolchain/bin/../lib/gcc/arm-none-eabi/6.3.1/../../../../arm-none-eabi/lib/thumb/v7e-m\libc.a(lib_a-mallocr.o)
                0x20400e18                __malloc_current_mallinfo
 .bss.__malloc_max_sbrked_mem
                0x20400e40        0x4 c:/program files (x86)/atmel/studio/7.0/toolchain/arm/arm-gnu-toolchain/bin/../lib/gcc/arm-none-eabi/6.3.1/../../../../arm-none-eabi/lib/thumb/v7e-m\libc.a(lib_a-mallocr.o)
                0x20400e40                __malloc_max_sbrked_mem
 .bss.__malloc_max_total_mem
                0x20400e44        0x4 c:/program files (x86)/atmel/studio/7.0/toolchain/arm/arm-gnu-toolchain/bin/../lib/gcc/arm-none-eabi/6.3.1/../../../../arm-none-eabi/lib/thumb/v7e-m\libc.a(lib_a-mallocr.o)
                0x20400e44                __malloc_max_total_mem
 .bss.__malloc_top_pad
                0x20400e48        0x4 c:/program files (x86)/atmel/studio/7.0/toolchain/arm/arm-gnu-toolchain/bin/../lib/gcc/arm-none-eabi/6.3.1/../../../../arm-none-eabi/lib/thumb/v7e-m\libc.a(lib_a-mallocr.o)
                0x20400e48                __malloc_top_pad
 *(COMMON)
 COMMON         0x20400e4c       0x30 src/main.o
                0x20400e4c                buffer
                0x20400e6c                g_ili9488_display_opt
 COMMON         0x20400e7c       0x21 c:/program files (x86)/atmel/studio/7.0/toolchain/arm/arm-gnu-toolchain/bin/../lib/gcc/arm-none-eabi/6.3.1/../../../../arm-none-eabi/lib/thumb/v7e-m\libc.a(lib_a-lock.o)
                0x20400e7c                __lock___atexit_recursive_mutex
                0x20400e80                __lock___arc4random_mutex
                0x20400e84                __lock___env_recursive_mutex
                0x20400e88                __lock___sinit_recursive_mutex
                0x20400e8c                __lock___malloc_recursive_mutex
                0x20400e90                __lock___at_quick_exit_mutex
                0x20400e94                __lock___dd_hash_mutex
                0x20400e98                __lock___tz_mutex
                0x20400e9c                __lock___sfp_recursive_mutex
 *fill*         0x20400e9d        0x3 
 COMMON         0x20400ea0        0x4 c:/program files (x86)/atmel/studio/7.0/toolchain/arm/arm-gnu-toolchain/bin/../lib/gcc/arm-none-eabi/6.3.1/../../../../arm-none-eabi/lib/thumb/v7e-m\libc.a(lib_a-reent.o)
                0x20400ea0                errno
                0x20400ea4                . = ALIGN (0x4)
                0x20400ea4                _ebss = .
                0x20400ea4                _ezero = .

.stack          0x20400ea4     0x2004 load address 0x004500b8
                0x20400ea8                . = ALIGN (0x8)
 *fill*         0x20400ea4        0x4 
                0x20400ea8                _sstack = .
                0x20402ea8                . = (. + STACK_SIZE)
 *fill*         0x20400ea8     0x2000 
                0x20402ea8                . = ALIGN (0x8)
                0x20402ea8                _estack = .

.heap           0x20402ea8      0x200 load address 0x004520bc
                0x20402ea8                . = ALIGN (0x8)
                0x20402ea8                _sheap = .
                0x204030a8                . = (. + HEAP_SIZE)
 *fill*         0x20402ea8      0x200 
                0x204030a8                . = ALIGN (0x8)
                0x204030a8                _eheap = .
                0x204030a8                . = ALIGN (0x4)
                0x204030a8                _end = .
                0x2045ffff                _ram_end_ = ((ORIGIN (ram) + LENGTH (ram)) - 0x1)
OUTPUT(SAME70_FONTS.elf elf32-littlearm)

.ARM.attributes
                0x00000000       0x2e
 .ARM.attributes
                0x00000000       0x1e c:/program files (x86)/atmel/studio/7.0/toolchain/arm/arm-gnu-toolchain/bin/../lib/gcc/arm-none-eabi/6.3.1/thumb/v7e-m/crti.o
 .ARM.attributes
                0x0000001e       0x2e c:/program files (x86)/atmel/studio/7.0/toolchain/arm/arm-gnu-toolchain/bin/../lib/gcc/arm-none-eabi/6.3.1/thumb/v7e-m/crtbegin.o
 .ARM.attributes
                0x0000004c       0x37 src/main.o
 .ARM.attributes
                0x00000083       0x37 src/ASF/common/services/spi/sam_spi/spi_master.o
 .ARM.attributes
                0x000000ba       0x37 src/ASF/sam/components/display/ili9488/ili9488.o
 .ARM.attributes
                0x000000f1       0x37 src/ASF/sam/drivers/spi/spi.o
 .ARM.attributes
                0x00000128       0x37 src/ASF/common/services/clock/same70/sysclk.o
 .ARM.attributes
                0x0000015f       0x37 src/ASF/common/utils/interrupt/interrupt_sam_nvic.o
 .ARM.attributes
                0x00000196       0x37 src/ASF/sam/boards/same70_xplained/init.o
 .ARM.attributes
                0x000001cd       0x37 src/ASF/sam/drivers/pio/pio.o
 .ARM.attributes
                0x00000204       0x37 src/ASF/sam/drivers/pio/pio_handler.o
 .ARM.attributes
                0x0000023b       0x37 src/ASF/sam/drivers/pmc/pmc.o
 .ARM.attributes
                0x00000272       0x37 src/ASF/sam/drivers/pmc/sleep.o
 .ARM.attributes
                0x000002a9       0x37 src/ASF/sam/utils/cmsis/same70/source/templates/gcc/startup_same70.o
 .ARM.attributes
                0x000002e0       0x37 src/ASF/sam/utils/cmsis/same70/source/templates/system_same70.o
 .ARM.attributes
                0x00000317       0x37 src/ASF/sam/utils/syscalls/gcc/syscalls.o
 .ARM.attributes
                0x0000034e       0x2e c:/program files (x86)/atmel/studio/7.0/toolchain/arm/arm-gnu-toolchain/bin/../lib/gcc/arm-none-eabi/6.3.1/../../../../arm-none-eabi/lib/thumb/v7e-m\libc.a(lib_a-impure.o)
 .ARM.attributes
                0x0000037c       0x2e c:/program files (x86)/atmel/studio/7.0/toolchain/arm/arm-gnu-toolchain/bin/../lib/gcc/arm-none-eabi/6.3.1/../../../../arm-none-eabi/lib/thumb/v7e-m\libc.a(lib_a-init.o)
 .ARM.attributes
                0x000003aa       0x2e c:/program files (x86)/atmel/studio/7.0/toolchain/arm/arm-gnu-toolchain/bin/../lib/gcc/arm-none-eabi/6.3.1/../../../../arm-none-eabi/lib/thumb/v7e-m\libc.a(lib_a-memset.o)
 .ARM.attributes
                0x000003d8       0x2e c:/program files (x86)/atmel/studio/7.0/toolchain/arm/arm-gnu-toolchain/bin/../lib/gcc/arm-none-eabi/6.3.1/../../../../arm-none-eabi/lib/thumb/v7e-m\libc.a(lib_a-sprintf.o)
 .ARM.attributes
                0x00000406       0x2e c:/program files (x86)/atmel/studio/7.0/toolchain/arm/arm-gnu-toolchain/bin/../lib/gcc/arm-none-eabi/6.3.1/../../../../arm-none-eabi/lib/thumb/v7e-m\libc.a(lib_a-svfprintf.o)
 .ARM.attributes
                0x00000434       0x2e c:/program files (x86)/atmel/studio/7.0/toolchain/arm/arm-gnu-toolchain/bin/../lib/gcc/arm-none-eabi/6.3.1/../../../../arm-none-eabi/lib/thumb/v7e-m\libc.a(lib_a-__call_atexit.o)
 .ARM.attributes
                0x00000462       0x2e c:/program files (x86)/atmel/studio/7.0/toolchain/arm/arm-gnu-toolchain/bin/../lib/gcc/arm-none-eabi/6.3.1/../../../../arm-none-eabi/lib/thumb/v7e-m\libc.a(lib_a-atexit.o)
 .ARM.attributes
                0x00000490       0x2e c:/program files (x86)/atmel/studio/7.0/toolchain/arm/arm-gnu-toolchain/bin/../lib/gcc/arm-none-eabi/6.3.1/../../../../arm-none-eabi/lib/thumb/v7e-m\libc.a(lib_a-dtoa.o)
 .ARM.attributes
                0x000004be       0x2e c:/program files (x86)/atmel/studio/7.0/toolchain/arm/arm-gnu-toolchain/bin/../lib/gcc/arm-none-eabi/6.3.1/../../../../arm-none-eabi/lib/thumb/v7e-m\libc.a(lib_a-fini.o)
 .ARM.attributes
                0x000004ec       0x2e c:/program files (x86)/atmel/studio/7.0/toolchain/arm/arm-gnu-toolchain/bin/../lib/gcc/arm-none-eabi/6.3.1/../../../../arm-none-eabi/lib/thumb/v7e-m\libc.a(lib_a-localeconv.o)
 .ARM.attributes
                0x0000051a       0x2e c:/program files (x86)/atmel/studio/7.0/toolchain/arm/arm-gnu-toolchain/bin/../lib/gcc/arm-none-eabi/6.3.1/../../../../arm-none-eabi/lib/thumb/v7e-m\libc.a(lib_a-lock.o)
 .ARM.attributes
                0x00000548       0x2e c:/program files (x86)/atmel/studio/7.0/toolchain/arm/arm-gnu-toolchain/bin/../lib/gcc/arm-none-eabi/6.3.1/../../../../arm-none-eabi/lib/thumb/v7e-m\libc.a(lib_a-mallocr.o)
 .ARM.attributes
                0x00000576       0x1c c:/program files (x86)/atmel/studio/7.0/toolchain/arm/arm-gnu-toolchain/bin/../lib/gcc/arm-none-eabi/6.3.1/../../../../arm-none-eabi/lib/thumb/v7e-m\libc.a(lib_a-memchr.o)
 .ARM.attributes
                0x00000592       0x1c c:/program files (x86)/atmel/studio/7.0/toolchain/arm/arm-gnu-toolchain/bin/../lib/gcc/arm-none-eabi/6.3.1/../../../../arm-none-eabi/lib/thumb/v7e-m\libc.a(lib_a-memcpy.o)
 .ARM.attributes
                0x000005ae       0x2e c:/program files (x86)/atmel/studio/7.0/toolchain/arm/arm-gnu-toolchain/bin/../lib/gcc/arm-none-eabi/6.3.1/../../../../arm-none-eabi/lib/thumb/v7e-m\libc.a(lib_a-mlock.o)
 .ARM.attributes
                0x000005dc       0x2e c:/program files (x86)/atmel/studio/7.0/toolchain/arm/arm-gnu-toolchain/bin/../lib/gcc/arm-none-eabi/6.3.1/../../../../arm-none-eabi/lib/thumb/v7e-m\libc.a(lib_a-mprec.o)
 .ARM.attributes
                0x0000060a       0x2e c:/program files (x86)/atmel/studio/7.0/toolchain/arm/arm-gnu-toolchain/bin/../lib/gcc/arm-none-eabi/6.3.1/../../../../arm-none-eabi/lib/thumb/v7e-m\libc.a(lib_a-sbrkr.o)
 .ARM.attributes
                0x00000638       0x1c c:/program files (x86)/atmel/studio/7.0/toolchain/arm/arm-gnu-toolchain/bin/../lib/gcc/arm-none-eabi/6.3.1/../../../../arm-none-eabi/lib/thumb/v7e-m\libc.a(lib_a-strlen.o)
 .ARM.attributes
                0x00000654       0x2e c:/program files (x86)/atmel/studio/7.0/toolchain/arm/arm-gnu-toolchain/bin/../lib/gcc/arm-none-eabi/6.3.1/../../../../arm-none-eabi/lib/thumb/v7e-m\libc.a(lib_a-svfiprintf.o)
 .ARM.attributes
                0x00000682       0x2e c:/program files (x86)/atmel/studio/7.0/toolchain/arm/arm-gnu-toolchain/bin/../lib/gcc/arm-none-eabi/6.3.1/../../../../arm-none-eabi/lib/thumb/v7e-m\libc.a(lib_a-__atexit.o)
 .ARM.attributes
                0x000006b0       0x2e c:/program files (x86)/atmel/studio/7.0/toolchain/arm/arm-gnu-toolchain/bin/../lib/gcc/arm-none-eabi/6.3.1/../../../../arm-none-eabi/lib/thumb/v7e-m\libc.a(lib_a-callocr.o)
 .ARM.attributes
                0x000006de       0x2e c:/program files (x86)/atmel/studio/7.0/toolchain/arm/arm-gnu-toolchain/bin/../lib/gcc/arm-none-eabi/6.3.1/../../../../arm-none-eabi/lib/thumb/v7e-m\libc.a(lib_a-freer.o)
 .ARM.attributes
                0x0000070c       0x2e c:/program files (x86)/atmel/studio/7.0/toolchain/arm/arm-gnu-toolchain/bin/../lib/gcc/arm-none-eabi/6.3.1/../../../../arm-none-eabi/lib/thumb/v7e-m\libc.a(lib_a-locale.o)
 .ARM.attributes
                0x0000073a       0x2e c:/program files (x86)/atmel/studio/7.0/toolchain/arm/arm-gnu-toolchain/bin/../lib/gcc/arm-none-eabi/6.3.1/../../../../arm-none-eabi/lib/thumb/v7e-m\libc.a(lib_a-mbtowc_r.o)
 .ARM.attributes
                0x00000768       0x2e c:/program files (x86)/atmel/studio/7.0/toolchain/arm/arm-gnu-toolchain/bin/../lib/gcc/arm-none-eabi/6.3.1/../../../../arm-none-eabi/lib/thumb/v7e-m\libc.a(lib_a-memmove.o)
 .ARM.attributes
                0x00000796       0x2e c:/program files (x86)/atmel/studio/7.0/toolchain/arm/arm-gnu-toolchain/bin/../lib/gcc/arm-none-eabi/6.3.1/../../../../arm-none-eabi/lib/thumb/v7e-m\libc.a(lib_a-reallocr.o)
 .ARM.attributes
                0x000007c4       0x2e c:/program files (x86)/atmel/studio/7.0/toolchain/arm/arm-gnu-toolchain/bin/../lib/gcc/arm-none-eabi/6.3.1/../../../../arm-none-eabi/lib/thumb/v7e-m\libc.a(lib_a-reent.o)
 .ARM.attributes
                0x000007f2       0x2e c:/program files (x86)/atmel/studio/7.0/toolchain/arm/arm-gnu-toolchain/bin/../lib/gcc/arm-none-eabi/6.3.1/../../../../arm-none-eabi/lib/thumb/v7e-m\libc.a(lib_a-wctomb_r.o)
 .ARM.attributes
                0x00000820       0x2e c:/program files (x86)/atmel/studio/7.0/toolchain/arm/arm-gnu-toolchain/bin/../lib/gcc/arm-none-eabi/6.3.1/../../../../arm-none-eabi/lib/thumb/v7e-m\libc.a(lib_a-ctype_.o)
 .ARM.attributes
                0x0000084e       0x1e c:/program files (x86)/atmel/studio/7.0/toolchain/arm/arm-gnu-toolchain/bin/../lib/gcc/arm-none-eabi/6.3.1/thumb/v7e-m\libgcc.a(_arm_addsubdf3.o)
 .ARM.attributes
                0x0000086c       0x1e c:/program files (x86)/atmel/studio/7.0/toolchain/arm/arm-gnu-toolchain/bin/../lib/gcc/arm-none-eabi/6.3.1/thumb/v7e-m\libgcc.a(_arm_muldivdf3.o)
 .ARM.attributes
                0x0000088a       0x1e c:/program files (x86)/atmel/studio/7.0/toolchain/arm/arm-gnu-toolchain/bin/../lib/gcc/arm-none-eabi/6.3.1/thumb/v7e-m\libgcc.a(_arm_cmpdf2.o)
 .ARM.attributes
                0x000008a8       0x1e c:/program files (x86)/atmel/studio/7.0/toolchain/arm/arm-gnu-toolchain/bin/../lib/gcc/arm-none-eabi/6.3.1/thumb/v7e-m\libgcc.a(_arm_unorddf2.o)
 .ARM.attributes
                0x000008c6       0x1e c:/program files (x86)/atmel/studio/7.0/toolchain/arm/arm-gnu-toolchain/bin/../lib/gcc/arm-none-eabi/6.3.1/thumb/v7e-m\libgcc.a(_arm_fixdfsi.o)
 .ARM.attributes
                0x000008e4       0x1e c:/program files (x86)/atmel/studio/7.0/toolchain/arm/arm-gnu-toolchain/bin/../lib/gcc/arm-none-eabi/6.3.1/thumb/v7e-m\libgcc.a(_aeabi_uldivmod.o)
 .ARM.attributes
                0x00000902       0x2e c:/program files (x86)/atmel/studio/7.0/toolchain/arm/arm-gnu-toolchain/bin/../lib/gcc/arm-none-eabi/6.3.1/thumb/v7e-m\libgcc.a(_udivmoddi4.o)
 .ARM.attributes
                0x00000930       0x1e c:/program files (x86)/atmel/studio/7.0/toolchain/arm/arm-gnu-toolchain/bin/../lib/gcc/arm-none-eabi/6.3.1/thumb/v7e-m\libgcc.a(_dvmd_tls.o)
 .ARM.attributes
                0x0000094e       0x1e c:/program files (x86)/atmel/studio/7.0/toolchain/arm/arm-gnu-toolchain/bin/../lib/gcc/arm-none-eabi/6.3.1/thumb/v7e-m/crtn.o

.comment        0x00000000       0x59
 .comment       0x00000000       0x59 src/main.o
                                 0x5a (size before relaxing)
 .comment       0x00000059       0x5a src/ASF/common/services/spi/sam_spi/spi_master.o
 .comment       0x00000059       0x5a src/ASF/sam/components/display/ili9488/ili9488.o
 .comment       0x00000059       0x5a src/ASF/sam/drivers/spi/spi.o
 .comment       0x00000059       0x5a src/ASF/common/services/clock/same70/sysclk.o
 .comment       0x00000059       0x5a src/ASF/common/utils/interrupt/interrupt_sam_nvic.o
 .comment       0x00000059       0x5a src/ASF/sam/boards/same70_xplained/init.o
 .comment       0x00000059       0x5a src/ASF/sam/drivers/pio/pio.o
 .comment       0x00000059       0x5a src/ASF/sam/drivers/pio/pio_handler.o
 .comment       0x00000059       0x5a src/ASF/sam/drivers/pmc/pmc.o
 .comment       0x00000059       0x5a src/ASF/sam/drivers/pmc/sleep.o
 .comment       0x00000059       0x5a src/ASF/sam/utils/cmsis/same70/source/templates/gcc/startup_same70.o
 .comment       0x00000059       0x5a src/ASF/sam/utils/cmsis/same70/source/templates/system_same70.o
 .comment       0x00000059       0x5a src/ASF/sam/utils/syscalls/gcc/syscalls.o

.debug_info     0x00000000    0x1483d
 .debug_info    0x00000000     0x2fe7 src/main.o
 .debug_info    0x00002fe7     0x143e src/ASF/common/services/spi/sam_spi/spi_master.o
 .debug_info    0x00004425     0x208c src/ASF/sam/components/display/ili9488/ili9488.o
 .debug_info    0x000064b1     0x1123 src/ASF/sam/drivers/spi/spi.o
 .debug_info    0x000075d4     0x1311 src/ASF/common/services/clock/same70/sysclk.o
 .debug_info    0x000088e5      0xb06 src/ASF/common/utils/interrupt/interrupt_sam_nvic.o
 .debug_info    0x000093eb     0x1dad src/ASF/sam/boards/same70_xplained/init.o
 .debug_info    0x0000b198     0x1ce3 src/ASF/sam/drivers/pio/pio.o
 .debug_info    0x0000ce7b     0x1a74 src/ASF/sam/drivers/pio/pio_handler.o
 .debug_info    0x0000e8ef     0x1eed src/ASF/sam/drivers/pmc/pmc.o
 .debug_info    0x000107dc     0x16bf src/ASF/sam/drivers/pmc/sleep.o
 .debug_info    0x00011e9b     0x1612 src/ASF/sam/utils/cmsis/same70/source/templates/gcc/startup_same70.o
 .debug_info    0x000134ad      0x5d4 src/ASF/sam/utils/cmsis/same70/source/templates/system_same70.o
 .debug_info    0x00013a81      0xdbc src/ASF/sam/utils/syscalls/gcc/syscalls.o

.debug_abbrev   0x00000000     0x2585
 .debug_abbrev  0x00000000      0x2ff src/main.o
 .debug_abbrev  0x000002ff      0x305 src/ASF/common/services/spi/sam_spi/spi_master.o
 .debug_abbrev  0x00000604      0x2f4 src/ASF/sam/components/display/ili9488/ili9488.o
 .debug_abbrev  0x000008f8      0x2cf src/ASF/sam/drivers/spi/spi.o
 .debug_abbrev  0x00000bc7      0x296 src/ASF/common/services/clock/same70/sysclk.o
 .debug_abbrev  0x00000e5d      0x214 src/ASF/common/utils/interrupt/interrupt_sam_nvic.o
 .debug_abbrev  0x00001071      0x3f4 src/ASF/sam/boards/same70_xplained/init.o
 .debug_abbrev  0x00001465      0x296 src/ASF/sam/drivers/pio/pio.o
 .debug_abbrev  0x000016fb      0x2c9 src/ASF/sam/drivers/pio/pio_handler.o
 .debug_abbrev  0x000019c4      0x2ce src/ASF/sam/drivers/pmc/pmc.o
 .debug_abbrev  0x00001c92      0x2df src/ASF/sam/drivers/pmc/sleep.o
 .debug_abbrev  0x00001f71      0x2e8 src/ASF/sam/utils/cmsis/same70/source/templates/gcc/startup_same70.o
 .debug_abbrev  0x00002259      0x102 src/ASF/sam/utils/cmsis/same70/source/templates/system_same70.o
 .debug_abbrev  0x0000235b      0x22a src/ASF/sam/utils/syscalls/gcc/syscalls.o

.debug_loc      0x00000000     0x581e
 .debug_loc     0x00000000      0x1e8 src/main.o
 .debug_loc     0x000001e8      0x830 src/ASF/common/services/spi/sam_spi/spi_master.o
 .debug_loc     0x00000a18      0xd20 src/ASF/sam/components/display/ili9488/ili9488.o
 .debug_loc     0x00001738      0x630 src/ASF/sam/drivers/spi/spi.o
 .debug_loc     0x00001d68      0x4a0 src/ASF/common/services/clock/same70/sysclk.o