Archive member included to satisfy reference by file (symbol)

c:/program files (x86)/atmel/studio/7.0/toolchain/arm/arm-gnu-toolchain/bin/../lib/gcc/arm-none-eabi/6.3.1/thumb/v7e-m\libgcc.a(_arm_addsubdf3.o)
                              src/main.o (__aeabi_i2d)
c:/program files (x86)/atmel/studio/7.0/toolchain/arm/arm-gnu-toolchain/bin/../lib/gcc/arm-none-eabi/6.3.1/thumb/v7e-m\libgcc.a(_arm_muldivdf3.o)
                              src/main.o (__aeabi_dmul)
c:/program files (x86)/atmel/studio/7.0/toolchain/arm/arm-gnu-toolchain/bin/../lib/gcc/arm-none-eabi/6.3.1/thumb/v7e-m\libgcc.a(_arm_truncdfsf2.o)
                              src/main.o (__aeabi_d2f)
c:/program files (x86)/atmel/studio/7.0/toolchain/arm/arm-gnu-toolchain/bin/../lib/gcc/arm-none-eabi/6.3.1/../../../../arm-none-eabi/lib/thumb/v7e-m\libc.a(lib_a-exit.o)
                              c:/program files (x86)/atmel/studio/7.0/toolchain/arm/arm-gnu-toolchain/bin/../lib/gcc/arm-none-eabi/6.3.1/../../../../arm-none-eabi/lib/thumb/v7e-m/crt0.o (exit)
c:/program files (x86)/atmel/studio/7.0/toolchain/arm/arm-gnu-toolchain/bin/../lib/gcc/arm-none-eabi/6.3.1/../../../../arm-none-eabi/lib/thumb/v7e-m\libc.a(lib_a-impure.o)
                              c:/program files (x86)/atmel/studio/7.0/toolchain/arm/arm-gnu-toolchain/bin/../lib/gcc/arm-none-eabi/6.3.1/../../../../arm-none-eabi/lib/thumb/v7e-m\libc.a(lib_a-exit.o) (_global_impure_ptr)
c:/program files (x86)/atmel/studio/7.0/toolchain/arm/arm-gnu-toolchain/bin/../lib/gcc/arm-none-eabi/6.3.1/../../../../arm-none-eabi/lib/thumb/v7e-m\libc.a(lib_a-init.o)
                              c:/program files (x86)/atmel/studio/7.0/toolchain/arm/arm-gnu-toolchain/bin/../lib/gcc/arm-none-eabi/6.3.1/../../../../arm-none-eabi/lib/thumb/v7e-m/crt0.o (__libc_init_array)
c:/program files (x86)/atmel/studio/7.0/toolchain/arm/arm-gnu-toolchain/bin/../lib/gcc/arm-none-eabi/6.3.1/../../../../arm-none-eabi/lib/thumb/v7e-m\libc.a(lib_a-memset.o)
                              c:/program files (x86)/atmel/studio/7.0/toolchain/arm/arm-gnu-toolchain/bin/../lib/gcc/arm-none-eabi/6.3.1/../../../../arm-none-eabi/lib/thumb/v7e-m/crt0.o (memset)
c:/program files (x86)/atmel/studio/7.0/toolchain/arm/arm-gnu-toolchain/bin/../lib/gcc/arm-none-eabi/6.3.1/../../../../arm-none-eabi/lib/thumb/v7e-m\libc.a(lib_a-sprintf.o)
                              src/main.o (sprintf)
c:/program files (x86)/atmel/studio/7.0/toolchain/arm/arm-gnu-toolchain/bin/../lib/gcc/arm-none-eabi/6.3.1/../../../../arm-none-eabi/lib/thumb/v7e-m\libc.a(lib_a-svfprintf.o)
                              c:/program files (x86)/atmel/studio/7.0/toolchain/arm/arm-gnu-toolchain/bin/../lib/gcc/arm-none-eabi/6.3.1/../../../../arm-none-eabi/lib/thumb/v7e-m\libc.a(lib_a-sprintf.o) (_svfprintf_r)
c:/program files (x86)/atmel/studio/7.0/toolchain/arm/arm-gnu-toolchain/bin/../lib/gcc/arm-none-eabi/6.3.1/../../../../arm-none-eabi/lib/thumb/v7e-m\libc.a(lib_a-__call_atexit.o)
                              c:/program files (x86)/atmel/studio/7.0/toolchain/arm/arm-gnu-toolchain/bin/../lib/gcc/arm-none-eabi/6.3.1/../../../../arm-none-eabi/lib/thumb/v7e-m\libc.a(lib_a-exit.o) (__call_exitprocs)
c:/program files (x86)/atmel/studio/7.0/toolchain/arm/arm-gnu-toolchain/bin/../lib/gcc/arm-none-eabi/6.3.1/../../../../arm-none-eabi/lib/thumb/v7e-m\libc.a(lib_a-atexit.o)
                              c:/program files (x86)/atmel/studio/7.0/toolchain/arm/arm-gnu-toolchain/bin/../lib/gcc/arm-none-eabi/6.3.1/../../../../arm-none-eabi/lib/thumb/v7e-m\libc.a(lib_a-__call_atexit.o) (atexit)
c:/program files (x86)/atmel/studio/7.0/toolchain/arm/arm-gnu-toolchain/bin/../lib/gcc/arm-none-eabi/6.3.1/../../../../arm-none-eabi/lib/thumb/v7e-m\libc.a(lib_a-dtoa.o)
                              c:/program files (x86)/atmel/studio/7.0/toolchain/arm/arm-gnu-toolchain/bin/../lib/gcc/arm-none-eabi/6.3.1/../../../../arm-none-eabi/lib/thumb/v7e-m\libc.a(lib_a-svfprintf.o) (_dtoa_r)
c:/program files (x86)/atmel/studio/7.0/toolchain/arm/arm-gnu-toolchain/bin/../lib/gcc/arm-none-eabi/6.3.1/../../../../arm-none-eabi/lib/thumb/v7e-m\libc.a(lib_a-fini.o)
                              c:/program files (x86)/atmel/studio/7.0/toolchain/arm/arm-gnu-toolchain/bin/../lib/gcc/arm-none-eabi/6.3.1/../../../../arm-none-eabi/lib/thumb/v7e-m\libc.a(lib_a-__call_atexit.o) (__libc_fini_array)
c:/program files (x86)/atmel/studio/7.0/toolchain/arm/arm-gnu-toolchain/bin/../lib/gcc/arm-none-eabi/6.3.1/../../../../arm-none-eabi/lib/thumb/v7e-m\libc.a(lib_a-localeconv.o)
                              c:/program files (x86)/atmel/studio/7.0/toolchain/arm/arm-gnu-toolchain/bin/../lib/gcc/arm-none-eabi/6.3.1/../../../../arm-none-eabi/lib/thumb/v7e-m\libc.a(lib_a-svfprintf.o) (_localeconv_r)
c:/program files (x86)/atmel/studio/7.0/toolchain/arm/arm-gnu-toolchain/bin/../lib/gcc/arm-none-eabi/6.3.1/../../../../arm-none-eabi/lib/thumb/v7e-m\libc.a(lib_a-lock.o)
[...]
Memory Configuration

Name             Origin             Length             Attributes
rom              0x00400000         0x00200000         xr
ram              0x20400000         0x00060000         xrw
*default*        0x00000000         0xffffffff

Linker script and memory map

LOAD c:/program files (x86)/atmel/studio/7.0/toolchain/arm/arm-gnu-toolchain/bin/../lib/gcc/arm-none-eabi/6.3.1/thumb/v7e-m/crti.o
LOAD c:/program files (x86)/atmel/studio/7.0/toolchain/arm/arm-gnu-toolchain/bin/../lib/gcc/arm-none-eabi/6.3.1/thumb/v7e-m/crtbegin.o
LOAD c:/program files (x86)/atmel/studio/7.0/toolchain/arm/arm-gnu-toolchain/bin/../lib/gcc/arm-none-eabi/6.3.1/../../../../arm-none-eabi/lib/thumb/v7e-m/crt0.o
LOAD src/ASF/sam/drivers/rtt/rtt.o
LOAD src/main.o
LOAD src/ASF/common/services/delay/sam/cycle_counter.o
LOAD src/ASF/common/services/spi/sam_spi/spi_master.o
LOAD src/ASF/sam/components/display/ili9488/ili9488.o
LOAD src/ASF/sam/drivers/spi/spi.o
LOAD src/ASF/common/services/clock/same70/sysclk.o
LOAD src/ASF/common/utils/interrupt/interrupt_sam_nvic.o
LOAD src/ASF/sam/boards/same70_xplained/init.o
LOAD src/ASF/sam/drivers/mpu/mpu.o
LOAD src/ASF/sam/drivers/pio/pio.o
LOAD src/ASF/sam/drivers/pio/pio_handler.o
LOAD src/ASF/sam/drivers/pmc/pmc.o
LOAD src/ASF/sam/drivers/pmc/sleep.o
LOAD src/ASF/sam/utils/cmsis/same70/source/templates/gcc/startup_same70.o
LOAD src/ASF/sam/utils/cmsis/same70/source/templates/system_same70.o
LOAD src/ASF/sam/utils/syscalls/gcc/syscalls.o
START GROUP
LOAD ../src/ASF/thirdparty/CMSIS/Lib/GCC\libarm_cortexM7lfsp_math_softfp.a
LOAD c:/program files (x86)/atmel/studio/7.0/toolchain/arm/arm-gnu-toolchain/bin/../lib/gcc/arm-none-eabi/6.3.1/../../../../arm-none-eabi/lib/thumb/v7e-m\libm.a
END GROUP
START GROUP
LOAD c:/program files (x86)/atmel/studio/7.0/toolchain/arm/arm-gnu-toolchain/bin/../lib/gcc/arm-none-eabi/6.3.1/thumb/v7e-m\libgcc.a
LOAD c:/program files (x86)/atmel/studio/7.0/toolchain/arm/arm-gnu-toolchain/bin/../lib/gcc/arm-none-eabi/6.3.1/../../../../arm-none-eabi/lib/thumb/v7e-m\libc.a
END GROUP
LOAD c:/program files (x86)/atmel/studio/7.0/toolchain/arm/arm-gnu-toolchain/bin/../lib/gcc/arm-none-eabi/6.3.1/thumb/v7e-m/crtend.o
LOAD c:/program files (x86)/atmel/studio/7.0/toolchain/arm/arm-gnu-toolchain/bin/../lib/gcc/arm-none-eabi/6.3.1/thumb/v7e-m/crtn.o
                0x00002000                STACK_SIZE = DEFINED (STACK_SIZE)?STACK_SIZE:0x2000
                0x2045fffc                __ram_end__ = ((ORIGIN (ram) + LENGTH (ram)) - 0x4)
                0x00000200                HEAP_SIZE = DEFINED (HEAP_SIZE)?HEAP_SIZE:0x200

.text           0x00400000    0x3465c
                0x00400000                . = ALIGN (0x4)
                0x00400000                _sfixed = .
 *(.vectors .vectors.*)
 .vectors       0x00400000      0x168 src/ASF/sam/utils/cmsis/same70/source/templates/gcc/startup_same70.o
                0x00400000                exception_table
 *(.text .text.* .gnu.linkonce.t.*)
 .text          0x00400168       0x6c c:/program files (x86)/atmel/studio/7.0/toolchain/arm/arm-gnu-toolchain/bin/../lib/gcc/arm-none-eabi/6.3.1/thumb/v7e-m/crtbegin.o
 .text.rtt_init
                0x004001d4       0x30 src/ASF/sam/drivers/rtt/rtt.o
                0x004001d4                rtt_init
 .text.rtt_sel_source
                0x00400204       0x58 src/ASF/sam/drivers/rtt/rtt.o
                0x00400204                rtt_sel_source
 .text.rtt_enable_interrupt
                0x0040025c       0x38 src/ASF/sam/drivers/rtt/rtt.o
                0x0040025c                rtt_enable_interrupt
 .text.rtt_disable_interrupt
                0x00400294       0x40 src/ASF/sam/drivers/rtt/rtt.o
                0x00400294                rtt_disable_interrupt
 .text.rtt_read_timer_value
                0x004002d4       0x2e src/ASF/sam/drivers/rtt/rtt.o
                0x004002d4                rtt_read_timer_value
 .text.rtt_get_status
                0x00400302       0x18 src/ASF/sam/drivers/rtt/rtt.o
                0x00400302                rtt_get_status
 *fill*         0x0040031a        0x2 
 .text.rtt_write_alarm_time
                0x0040031c       0x5c src/ASF/sam/drivers/rtt/rtt.o
                0x0040031c                rtt_write_alarm_time
 .text.NVIC_EnableIRQ
                0x00400378       0x34 src/main.o
 .text.NVIC_DisableIRQ
                0x004003ac       0x34 src/main.o
 .text.NVIC_ClearPendingIRQ
                0x004003e0       0x34 src/main.o
 .text.NVIC_SetPriority
                0x00400414       0x54 src/main.o
 .text.but_callback
                0x00400468       0x1c src/main.o
                0x00400468                but_callback
 .text.io_init  0x00400484       0x90 src/main.o
                0x00400484                io_init
 .text.pin_toggle
                0x00400514       0x40 src/main.o
                0x00400514                pin_toggle
 .text.configure_lcd
                0x00400554       0x4c src/main.o
                0x00400554                configure_lcd
 .text.font_draw_text
                0x004005a0       0x88 src/main.o
                0x004005a0                font_draw_text
 .text.RTT_init
                0x00400628       0x98 src/main.o
 .text.RTT_Handler
                0x004006c0       0xd4 src/main.o
                0x004006c0                RTT_Handler
 .text.main     0x00400794      0x108 src/main.o
                0x00400794                main
 .text.osc_get_rate
                0x0040089c       0x74 src/ASF/common/services/spi/sam_spi/spi_master.o
 .text.sysclk_get_main_hz
                0x00400910       0x20 src/ASF/common/services/spi/sam_spi/spi_master.o
 .text.sysclk_get_peripheral_hz
                0x00400930       0x14 src/ASF/common/services/spi/sam_spi/spi_master.o
 .text.spi_reset
                0x00400944       0x1a src/ASF/common/services/spi/sam_spi/spi_master.o
 .text.spi_set_master_mode
                0x0040095e       0x20 src/ASF/common/services/spi/sam_spi/spi_master.o
 .text.spi_set_fixed_peripheral_select
                0x0040097e       0x20 src/ASF/common/services/spi/sam_spi/spi_master.o
 .text.spi_disable_peripheral_select_decode
                0x0040099e       0x20 src/ASF/common/services/spi/sam_spi/spi_master.o
 .text.spi_get_peripheral_select_decode_setting
                0x004009be       0x26 src/ASF/common/services/spi/sam_spi/spi_master.o
 .text.spi_disable_mode_fault_detect
                0x004009e4       0x20 src/ASF/common/services/spi/sam_spi/spi_master.o
 .text.spi_disable_loopback
                0x00400a04       0x20 src/ASF/common/services/spi/sam_spi/spi_master.o
 .text.spi_put  0x00400a24       0x1e src/ASF/common/services/spi/sam_spi/spi_master.o
 .text.spi_get  0x00400a42       0x1a src/ASF/common/services/spi/sam_spi/spi_master.o
 .text.spi_is_tx_ready
                0x00400a5c       0x26 src/ASF/common/services/spi/sam_spi/spi_master.o
 .text.spi_is_rx_ready
                0x00400a82       0x2c src/ASF/common/services/spi/sam_spi/spi_master.o
 *fill*         0x00400aae        0x2 
 .text.spi_write_single
                0x00400ab0       0x24 src/ASF/common/services/spi/sam_spi/spi_master.o
 .text.spi_read_single
                0x00400ad4       0x24 src/ASF/common/services/spi/sam_spi/spi_master.o
 .text.spi_master_init
                0x00400af8       0x70 src/ASF/common/services/spi/sam_spi/spi_master.o
                0x00400af8                spi_master_init
 .text.spi_master_setup_device
                0x00400b68       0xb4 src/ASF/common/services/spi/sam_spi/spi_master.o
                0x00400b68                spi_master_setup_device
 .text.spi_select_device
                0x00400c1c       0x58 src/ASF/common/services/spi/sam_spi/spi_master.o
                0x00400c1c                spi_select_device
 .text.spi_write_packet
                0x00400c74       0x74 src/ASF/common/services/spi/sam_spi/spi_master.o
                0x00400c74                spi_write_packet
 .text.spi_read_packet
                0x00400ce8       0xac src/ASF/common/services/spi/sam_spi/spi_master.o
                0x00400ce8                spi_read_packet
 .text.spi_enable
                0x00400d94       0x1a src/ASF/sam/components/display/ili9488/ili9488.o
 .text.spi_enable_interrupt
                0x00400dae       0x1c src/ASF/sam/components/display/ili9488/ili9488.o
 *fill*         0x00400dca        0x2 
 .text.ili9488_write_ram_prepare
                0x00400dcc       0x40 src/ASF/sam/components/display/ili9488/ili9488.o
 .text.ili9488_write_ram_buffer
                0x00400e0c       0x40 src/ASF/sam/components/display/ili9488/ili9488.o
 .text.ili9488_write_register
                0x00400e4c       0x78 src/ASF/sam/components/display/ili9488/ili9488.o
 .text.ili9488_read_chipid
                0x00400ec4       0xcc src/ASF/sam/components/display/ili9488/ili9488.o
 .text.ili9488_delay
                0x00400f90       0x40 src/ASF/sam/components/display/ili9488/ili9488.o
                0x00400f90                ili9488_delay
 .text.ili9488_check_box_coordinates
                0x00400fd0       0xa2 src/ASF/sam/components/display/ili9488/ili9488.o
 *fill*         0x00401072        0x2 
 .text.ili9488_set_display_direction
                0x00401074       0x34 src/ASF/sam/components/display/ili9488/ili9488.o
                0x00401074                ili9488_set_display_direction
 .text.ili9488_set_window
                0x004010a8       0xc8 src/ASF/sam/components/display/ili9488/ili9488.o
                0x004010a8                ili9488_set_window
 .text.ili9488_init
                0x00401170      0x15c src/ASF/sam/components/display/ili9488/ili9488.o
                0x00401170                ili9488_init
 .text.ili9488_display_on
                0x004012cc       0x18 src/ASF/sam/components/display/ili9488/ili9488.o
                0x004012cc                ili9488_display_on
 .text.ili9488_set_foreground_color
                0x004012e4       0x54 src/ASF/sam/components/display/ili9488/ili9488.o
                0x004012e4                ili9488_set_foreground_color
 .text.ili9488_set_cursor_position
                0x00401338       0x84 src/ASF/sam/components/display/ili9488/ili9488.o
                0x00401338                ili9488_set_cursor_position
 .text.ili9488_draw_filled_rectangle
                0x004013bc       0xdc src/ASF/sam/components/display/ili9488/ili9488.o
                0x004013bc                ili9488_draw_filled_rectangle
 .text.ili9488_draw_pixmap
                0x00401498       0xb4 src/ASF/sam/components/display/ili9488/ili9488.o
                0x00401498                ili9488_draw_pixmap
 .text.spi_get_peripheral_select_mode
                0x0040154c       0x26 src/ASF/sam/drivers/spi/spi.o
 *fill*         0x00401572        0x2 
 .text.sysclk_enable_peripheral_clock
                0x00401574       0x1c src/ASF/sam/drivers/spi/spi.o
 .text.spi_enable_clock
                0x00401590       0x3c src/ASF/sam/drivers/spi/spi.o
                0x00401590                spi_enable_clock
 .text.spi_set_peripheral_chip_select_value
                0x004015cc       0x34 src/ASF/sam/drivers/spi/spi.o
                0x004015cc                spi_set_peripheral_chip_select_value
 .text.spi_set_delay_between_chip_select
                0x00401600       0x30 src/ASF/sam/drivers/spi/spi.o
                0x00401600                spi_set_delay_between_chip_select
 .text.spi_write
                0x00401630       0x80 src/ASF/sam/drivers/spi/spi.o
                0x00401630                spi_write
 .text.spi_set_clock_polarity
                0x004016b0       0x50 src/ASF/sam/drivers/spi/spi.o
                0x004016b0                spi_set_clock_polarity
 .text.spi_set_clock_phase
                0x00401700       0x50 src/ASF/sam/drivers/spi/spi.o
                0x00401700                spi_set_clock_phase
 .text.spi_configure_cs_behavior
                0x00401750       0xa6 src/ASF/sam/drivers/spi/spi.o
                0x00401750                spi_configure_cs_behavior
 .text.spi_set_bits_per_transfer
                0x004017f6       0x4a src/ASF/sam/drivers/spi/spi.o
                0x004017f6                spi_set_bits_per_transfer
 .text.spi_calc_baudrate_div
                0x00401840       0x3c src/ASF/sam/drivers/spi/spi.o
                0x00401840                spi_calc_baudrate_div
 .text.spi_set_baudrate_div
                0x0040187c       0x5e src/ASF/sam/drivers/spi/spi.o
                0x0040187c                spi_set_baudrate_div
 .text.spi_set_transfer_delay
                0x004018da       0x5e src/ASF/sam/drivers/spi/spi.o
                0x004018da                spi_set_transfer_delay
 .text.osc_enable
                0x00401938       0x88 src/ASF/common/services/clock/same70/sysclk.o
 .text.osc_is_ready
                0x004019c0       0x70 src/ASF/common/services/clock/same70/sysclk.o
 .text.osc_get_rate
                0x00401a30       0x74 src/ASF/common/services/clock/same70/sysclk.o
 .text.osc_wait_ready
                0x00401aa4       0x2c src/ASF/common/services/clock/same70/sysclk.o
 .text.pll_config_init
                0x00401ad0       0x6c src/ASF/common/services/clock/same70/sysclk.o
 .text.pll_enable
                0x00401b3c       0x40 src/ASF/common/services/clock/same70/sysclk.o
 .text.pll_is_locked
                0x00401b7c       0x2c src/ASF/common/services/clock/same70/sysclk.o
 .text.pll_enable_source
                0x00401ba8       0x38 src/ASF/common/services/clock/same70/sysclk.o
 .text.pll_wait_for_lock
                0x00401be0       0x24 src/ASF/common/services/clock/same70/sysclk.o
 .text.sysclk_get_main_hz
                0x00401c04       0x20 src/ASF/common/services/clock/same70/sysclk.o
 .text.sysclk_get_cpu_hz
                0x00401c24       0x14 src/ASF/common/services/clock/same70/sysclk.o
 .text.sysclk_init
                0x00401c38       0x7c src/ASF/common/services/clock/same70/sysclk.o
                0x00401c38                sysclk_init
 .text.SCB_EnableICache
                0x00401cb4       0x38 src/ASF/sam/boards/same70_xplained/init.o
 .text.SCB_EnableDCache
                0x00401cec       0xa4 src/ASF/sam/boards/same70_xplained/init.o
 .text.sysclk_enable_peripheral_clock
                0x00401d90       0x1c src/ASF/sam/boards/same70_xplained/init.o
 .text.ioport_init
                0x00401dac       0x2c src/ASF/sam/boards/same70_xplained/init.o
 .text.ioport_set_pin_mode
                0x00401dd8      0x11c src/ASF/sam/boards/same70_xplained/init.o
 .text.ioport_set_pin_dir
                0x00401ef4       0x88 src/ASF/sam/boards/same70_xplained/init.o
 .text.ioport_set_pin_level
                0x00401f7c       0x6c src/ASF/sam/boards/same70_xplained/init.o
 .text.ioport_set_pin_sense_mode
                0x00401fe8       0xd0 src/ASF/sam/boards/same70_xplained/init.o
 .text.tcm_disable
                0x004020b8       0x44 src/ASF/sam/boards/same70_xplained/init.o
 .text.board_init
                0x004020fc      0x188 src/ASF/sam/boards/same70_xplained/init.o
                0x004020fc                board_init
 .text.pio_pull_up
                0x00402284       0x2c src/ASF/sam/drivers/pio/pio.o
                0x00402284                pio_pull_up
 .text.pio_set_debounce_filter
                0x004022b0       0x38 src/ASF/sam/drivers/pio/pio.o
                0x004022b0                pio_set_debounce_filter
 .text.pio_set  0x004022e8       0x1c src/ASF/sam/drivers/pio/pio.o
                0x004022e8                pio_set
 .text.pio_clear
                0x00402304       0x1c src/ASF/sam/drivers/pio/pio.o
                0x00402304                pio_clear
 .text.pio_set_peripheral
                0x00402320      0x110 src/ASF/sam/drivers/pio/pio.o
                0x00402320                pio_set_peripheral
 .text.pio_set_input
                0x00402430       0x80 src/ASF/sam/drivers/pio/pio.o
                0x00402430                pio_set_input
 .text.pio_set_output
                0x004024b0       0x64 src/ASF/sam/drivers/pio/pio.o
                0x004024b0                pio_set_output
 .text.pio_configure
                0x00402514       0xcc src/ASF/sam/drivers/pio/pio.o
                0x00402514                pio_configure
 .text.pio_get_output_data_status
                0x004025e0       0x28 src/ASF/sam/drivers/pio/pio.o
                0x004025e0                pio_get_output_data_status
 .text.pio_configure_interrupt
                0x00402608       0x6c src/ASF/sam/drivers/pio/pio.o
                0x00402608                pio_configure_interrupt
 .text.pio_enable_interrupt
                0x00402674       0x1c src/ASF/sam/drivers/pio/pio.o
                0x00402674                pio_enable_interrupt
 .text.pio_disable_interrupt
                0x00402690       0x1c src/ASF/sam/drivers/pio/pio.o
                0x00402690                pio_disable_interrupt
 .text.pio_get_interrupt_status
                0x004026ac       0x18 src/ASF/sam/drivers/pio/pio.o
                0x004026ac                pio_get_interrupt_status
 .text.pio_get_interrupt_mask
                0x004026c4       0x18 src/ASF/sam/drivers/pio/pio.o
                0x004026c4                pio_get_interrupt_mask
 .text.pio_set_pin_high
                0x004026dc       0x30 src/ASF/sam/drivers/pio/pio.o
                0x004026dc                pio_set_pin_high
 .text.pio_set_pin_low
                0x0040270c       0x30 src/ASF/sam/drivers/pio/pio.o
                0x0040270c                pio_set_pin_low
 .text.pio_configure_pin
                0x0040273c      0x1b0 src/ASF/sam/drivers/pio/pio.o
                0x0040273c                pio_configure_pin
 .text.pio_get_pin_group
                0x004028ec       0x28 src/ASF/sam/drivers/pio/pio.o
                0x004028ec                pio_get_pin_group
 .text.pio_handler_process
                0x00402914       0xb4 src/ASF/sam/drivers/pio/pio_handler.o
                0x00402914                pio_handler_process
 .text.pio_handler_set
                0x004029c8       0xa0 src/ASF/sam/drivers/pio/pio_handler.o
                0x004029c8                pio_handler_set
 .text.PIOA_Handler
                0x00402a68       0x18 src/ASF/sam/drivers/pio/pio_handler.o
                0x00402a68                PIOA_Handler
 .text.PIOB_Handler
                0x00402a80       0x18 src/ASF/sam/drivers/pio/pio_handler.o
                0x00402a80                PIOB_Handler
 .text.PIOC_Handler
                0x00402a98       0x18 src/ASF/sam/drivers/pio/pio_handler.o
                0x00402a98                PIOC_Handler
 .text.PIOD_Handler
                0x00402ab0       0x18 src/ASF/sam/drivers/pio/pio_handler.o
                0x00402ab0                PIOD_Handler
 .text.PIOE_Handler
                0x00402ac8       0x18 src/ASF/sam/drivers/pio/pio_handler.o
                0x00402ac8                PIOE_Handler
 .text.pmc_mck_set_division
                0x00402ae0       0x7c src/ASF/sam/drivers/pmc/pmc.o
                0x00402ae0                pmc_mck_set_division
 .text.pmc_switch_mck_to_pllack
                0x00402b5c       0x84 src/ASF/sam/drivers/pmc/pmc.o
                0x00402b5c                pmc_switch_mck_to_pllack
 .text.pmc_switch_sclk_to_32kxtal
                0x00402be0       0x38 src/ASF/sam/drivers/pmc/pmc.o
                0x00402be0                pmc_switch_sclk_to_32kxtal
 .text.pmc_osc_is_ready_32kxtal
                0x00402c18       0x34 src/ASF/sam/drivers/pmc/pmc.o
                0x00402c18                pmc_osc_is_ready_32kxtal
 .text.pmc_switch_mainck_to_fastrc
                0x00402c4c       0x70 src/ASF/sam/drivers/pmc/pmc.o
                0x00402c4c                pmc_switch_mainck_to_fastrc
 .text.pmc_switch_mainck_to_xtal
                0x00402cbc       0x78 src/ASF/sam/drivers/pmc/pmc.o
                0x00402cbc                pmc_switch_mainck_to_xtal
 .text.pmc_osc_is_ready_mainck
                0x00402d34       0x1c src/ASF/sam/drivers/pmc/pmc.o
                0x00402d34                pmc_osc_is_ready_mainck
 .text.pmc_disable_pllack
                0x00402d50       0x1c src/ASF/sam/drivers/pmc/pmc.o
                0x00402d50                pmc_disable_pllack
 .text.pmc_is_locked_pllack
                0x00402d6c       0x1c src/ASF/sam/drivers/pmc/pmc.o
                0x00402d6c                pmc_is_locked_pllack
 .text.pmc_is_locked_upll
                0x00402d88       0x1c src/ASF/sam/drivers/pmc/pmc.o
                0x00402d88                pmc_is_locked_upll
 .text.pmc_enable_periph_clk
                0x00402da4       0x3c src/ASF/sam/drivers/pmc/pmc.o
                0x00402da4                pmc_enable_periph_clk
 .text.cpu_irq_save
                0x00402de0       0x38 src/ASF/sam/utils/cmsis/same70/source/templates/gcc/startup_same70.o
 .text.cpu_irq_is_enabled_flags
                0x00402e18       0x20 src/ASF/sam/utils/cmsis/same70/source/templates/gcc/startup_same70.o
 .text.cpu_irq_restore
                0x00402e38       0x30 src/ASF/sam/utils/cmsis/same70/source/templates/gcc/startup_same70.o
 .text.Reset_Handler
                0x00402e68       0xb0 src/ASF/sam/utils/cmsis/same70/source/templates/gcc/startup_same70.o
                0x00402e68                Reset_Handler
 .text.Dummy_Handler
                0x00402f18        0x6 src/ASF/sam/utils/cmsis/same70/source/templates/gcc/startup_same70.o
                0x00402f18                DACC_Handler
                0x00402f18                DebugMon_Handler
                0x00402f18                UART3_Handler
                0x00402f18                UART2_Handler
                0x00402f18                TRNG_Handler
                0x00402f18                HardFault_Handler
                0x00402f18                TC2_Handler
                0x00402f18                SysTick_Handler
                0x00402f18                AFEC1_Handler
                0x00402f18                PendSV_Handler
                0x00402f18                NMI_Handler
                0x00402f18                TC7_Handler
                0x00402f18                QSPI_Handler
                0x00402f18                ISI_Handler
                0x00402f18                MCAN0_INT0_Handler
                0x00402f18                TC9_Handler
                0x00402f18                RSWDT_Handler
                0x00402f18                USART0_Handler
                0x00402f18                USBHS_Handler
                0x00402f18                IXC_Handler
                0x00402f18                CCF_Handler
                0x00402f18                RTC_Handler
                0x00402f18                UsageFault_Handler
                0x00402f18                TC6_Handler
                0x00402f18                WDT_Handler
                0x00402f18                MCAN1_INT1_Handler
                0x00402f18                TC4_Handler
                0x00402f18                TC1_Handler
                0x00402f18                HSMCI_Handler
                0x00402f18                UART1_Handler
                0x00402f18                TC3_Handler
                0x00402f18                Dummy_Handler
                0x00402f18                TWIHS1_Handler
                0x00402f18                XDMAC_Handler
                0x00402f18                UART4_Handler
                0x00402f18                PWM1_Handler
                0x00402f18                USART1_Handler
                0x00402f18                PWM0_Handler
                0x00402f18                AFEC0_Handler
                0x00402f18                CCW_Handler
                0x00402f18                TC11_Handler
                0x00402f18                SSC_Handler
                0x00402f18                ACC_Handler
                0x00402f18                PMC_Handler
                0x00402f18                GMAC_Handler
                0x00402f18                MCAN0_INT1_Handler
                0x00402f18                GMAC_Q5_Handler
                0x00402f18                MemManage_Handler
                0x00402f18                SUPC_Handler
                0x00402f18                SVC_Handler
                0x00402f18                TC8_Handler
                0x00402f18                MCAN1_INT0_Handler
                0x00402f18                EFC_Handler
                0x00402f18                GMAC_Q1_Handler
                0x00402f18                USART2_Handler
                0x00402f18                SDRAMC_Handler
                0x00402f18                GMAC_Q2_Handler
                0x00402f18                SPI1_Handler
                0x00402f18                TC10_Handler
                0x00402f18                GMAC_Q3_Handler
                0x00402f18                TWIHS2_Handler
                0x00402f18                I2SC0_Handler
                0x00402f18                UART0_Handler
                0x00402f18                I2SC1_Handler
                0x00402f18                GMAC_Q4_Handler
                0x00402f18                FPU_Handler
                0x00402f18                BusFault_Handler
                0x00402f18                RSTC_Handler
                0x00402f18                TC0_Handler
                0x00402f18                TC5_Handler
                0x00402f18                AES_Handler
                0x00402f18                ICM_Handler
                0x00402f18                TWIHS0_Handler
                0x00402f18                SPI0_Handler
 *fill*         0x00402f1e        0x2 
 .text.SystemCoreClockUpdate
                0x00402f20      0x168 src/ASF/sam/utils/cmsis/same70/source/templates/system_same70.o
                0x00402f20                SystemCoreClockUpdate
 .text.system_init_flash
                0x00403088       0xb0 src/ASF/sam/utils/cmsis/same70/source/templates/system_same70.o
                0x00403088                system_init_flash
 .text._sbrk    0x00403138       0x58 src/ASF/sam/utils/syscalls/gcc/syscalls.o
                0x00403138                _sbrk
 .text          0x00403190      0x370 c:/program files (x86)/atmel/studio/7.0/toolchain/arm/arm-gnu-toolchain/bin/../lib/gcc/arm-none-eabi/6.3.1/thumb/v7e-m\libgcc.a(_arm_addsubdf3.o)
                0x00403190                __aeabi_drsub
                0x00403198                __aeabi_dsub
                0x00403198                __subdf3
                0x0040319c                __aeabi_dadd
                0x0040319c                __adddf3
                0x00403414                __floatunsidf
                0x00403414                __aeabi_ui2d
                0x00403434                __floatsidf
                0x00403434                __aeabi_i2d
                0x00403458                __aeabi_f2d
                0x00403458                __extendsfdf2
                0x00403494                __floatundidf
                0x00403494                __aeabi_ul2d
                0x004034a4                __floatdidf
                0x004034a4                __aeabi_l2d
 .text          0x00403500      0x424 c:/program files (x86)/atmel/studio/7.0/toolchain/arm/arm-gnu-toolchain/bin/../lib/gcc/arm-none-eabi/6.3.1/thumb/v7e-m\libgcc.a(_arm_muldivdf3.o)
                0x00403500                __aeabi_dmul
                0x00403500                __muldf3
                0x00403754                __divdf3
                0x00403754                __aeabi_ddiv
 .text          0x00403924       0xa0 c:/program files (x86)/atmel/studio/7.0/toolchain/arm/arm-gnu-toolchain/bin/../lib/gcc/arm-none-eabi/6.3.1/thumb/v7e-m\libgcc.a(_arm_truncdfsf2.o)
                0x00403924                __truncdfsf2
                0x00403924                __aeabi_d2f
 .text.__libc_init_array
                0x004039c4       0x50 c:/program files (x86)/atmel/studio/7.0/toolchain/arm/arm-gnu-toolchain/bin/../lib/gcc/arm-none-eabi/6.3.1/../../../../arm-none-eabi/lib/thumb/v7e-m\libc.a(lib_a-init.o)
                0x004039c4                __libc_init_array
 .text.memset   0x00403a14       0x9c c:/program files (x86)/atmel/studio/7.0/toolchain/arm/arm-gnu-toolchain/bin/../lib/gcc/arm-none-eabi/6.3.1/../../../../arm-none-eabi/lib/thumb/v7e-m\libc.a(lib_a-memset.o)
                0x00403a14                memset
 .text.sprintf  0x00403ab0       0x4c c:/program files (x86)/atmel/studio/7.0/toolchain/arm/arm-gnu-toolchain/bin/../lib/gcc/arm-none-eabi/6.3.1/../../../../arm-none-eabi/lib/thumb/v7e-m\libc.a(lib_a-sprintf.o)
                0x00403ab0                sprintf
 .text._svfprintf_r
                0x00403afc     0x145c c:/program files (x86)/atmel/studio/7.0/toolchain/arm/arm-gnu-toolchain/bin/../lib/gcc/arm-none-eabi/6.3.1/../../../../arm-none-eabi/lib/thumb/v7e-m\libc.a(lib_a-svfprintf.o)
                0x00403afc                _svfprintf_r
 .text.startup.register_fini
                0x00404f58       0x14 c:/program files (x86)/atmel/studio/7.0/toolchain/arm/arm-gnu-toolchain/bin/../lib/gcc/arm-none-eabi/6.3.1/../../../../arm-none-eabi/lib/thumb/v7e-m\libc.a(lib_a-__call_atexit.o)
 .text.atexit   0x00404f6c        0xc c:/program files (x86)/atmel/studio/7.0/toolchain/arm/arm-gnu-toolchain/bin/../lib/gcc/arm-none-eabi/6.3.1/../../../../arm-none-eabi/lib/thumb/v7e-m\libc.a(lib_a-atexit.o)
                0x00404f6c                atexit
 .text.quorem   0x00404f78      0x128 c:/program files (x86)/atmel/studio/7.0/toolchain/arm/arm-gnu-toolchain/bin/../lib/gcc/arm-none-eabi/6.3.1/../../../../arm-none-eabi/lib/thumb/v7e-m\libc.a(lib_a-dtoa.o)
 .text._dtoa_r  0x004050a0      0xe54 c:/program files (x86)/atmel/studio/7.0/toolchain/arm/arm-gnu-toolchain/bin/../lib/gcc/arm-none-eabi/6.3.1/../../../../arm-none-eabi/lib/thumb/v7e-m\libc.a(lib_a-dtoa.o)
                0x004050a0                _dtoa_r
 .text.__libc_fini_array
                0x00405ef4       0x34 c:/program files (x86)/atmel/studio/7.0/toolchain/arm/arm-gnu-toolchain/bin/../lib/gcc/arm-none-eabi/6.3.1/../../../../arm-none-eabi/lib/thumb/v7e-m\libc.a(lib_a-fini.o)
                0x00405ef4                __libc_fini_array
 .text._localeconv_r
                0x00405f28       0x1c c:/program files (x86)/atmel/studio/7.0/toolchain/arm/arm-gnu-toolchain/bin/../lib/gcc/arm-none-eabi/6.3.1/../../../../arm-none-eabi/lib/thumb/v7e-m\libc.a(lib_a-localeconv.o)
                0x00405f28                _localeconv_r
 .text.__retarget_lock_acquire_recursive
                0x00405f44        0x4 c:/program files (x86)/atmel/studio/7.0/toolchain/arm/arm-gnu-toolchain/bin/../lib/gcc/arm-none-eabi/6.3.1/../../../../arm-none-eabi/lib/thumb/v7e-m\libc.a(lib_a-lock.o)
                0x00405f44                __retarget_lock_acquire_recursive
 .text.__retarget_lock_release_recursive
                0x00405f48        0x4 c:/program files (x86)/atmel/studio/7.0/toolchain/arm/arm-gnu-toolchain/bin/../lib/gcc/arm-none-eabi/6.3.1/../../../../arm-none-eabi/lib/thumb/v7e-m\libc.a(lib_a-lock.o)
                0x00405f48                __retarget_lock_release_recursive
 .text._malloc_r
                0x00405f4c      0x560 c:/program files (x86)/atmel/studio/7.0/toolchain/arm/arm-gnu-toolchain/bin/../lib/gcc/arm-none-eabi/6.3.1/../../../../arm-none-eabi/lib/thumb/v7e-m\libc.a(lib_a-mallocr.o)
                0x00405f4c                _malloc_r
 *fill*         0x004064ac        0x4 
 .text          0x004064b0       0xa0 c:/program files (x86)/atmel/studio/7.0/toolchain/arm/arm-gnu-toolchain/bin/../lib/gcc/arm-none-eabi/6.3.1/../../../../arm-none-eabi/lib/thumb/v7e-m\libc.a(lib_a-memchr.o)
                0x004064b0                memchr
 .text          0x00406550      0x134 c:/program files (x86)/atmel/studio/7.0/toolchain/arm/arm-gnu-toolchain/bin/../lib/gcc/arm-none-eabi/6.3.1/../../../../arm-none-eabi/lib/thumb/v7e-m\libc.a(lib_a-memcpy.o)
                0x00406550                memcpy
 .text.__malloc_lock
                0x00406684        0xc c:/program files (x86)/atmel/studio/7.0/toolchain/arm/arm-gnu-toolchain/bin/../lib/gcc/arm-none-eabi/6.3.1/../../../../arm-none-eabi/lib/thumb/v7e-m\libc.a(lib_a-mlock.o)
                0x00406684                __malloc_lock
 .text.__malloc_unlock
                0x00406690        0xc c:/program files (x86)/atmel/studio/7.0/toolchain/arm/arm-gnu-toolchain/bin/../lib/gcc/arm-none-eabi/6.3.1/../../../../arm-none-eabi/lib/thumb/v7e-m\libc.a(lib_a-mlock.o)
                0x00406690                __malloc_unlock
 .text._Balloc  0x0040669c       0x4c c:/program files (x86)/atmel/studio/7.0/toolchain/arm/arm-gnu-toolchain/bin/../lib/gcc/arm-none-eabi/6.3.1/../../../../arm-none-eabi/lib/thumb/v7e-m\libc.a(lib_a-mprec.o)
                0x0040669c                _Balloc
 .text._Bfree   0x004066e8       0x14 c:/program files (x86)/atmel/studio/7.0/toolchain/arm/arm-gnu-toolchain/bin/../lib/gcc/arm-none-eabi/6.3.1/../../../../arm-none-eabi/lib/thumb/v7e-m\libc.a(lib_a-mprec.o)
                0x004066e8                _Bfree
 .text.__multadd
                0x004066fc       0x80 c:/program files (x86)/atmel/studio/7.0/toolchain/arm/arm-gnu-toolchain/bin/../lib/gcc/arm-none-eabi/6.3.1/../../../../arm-none-eabi/lib/thumb/v7e-m\libc.a(lib_a-mprec.o)
                0x004066fc                __multadd
 .text.__hi0bits
                0x0040677c       0x40 c:/program files (x86)/atmel/studio/7.0/toolchain/arm/arm-gnu-toolchain/bin/../lib/gcc/arm-none-eabi/6.3.1/../../../../arm-none-eabi/lib/thumb/v7e-m\libc.a(lib_a-mprec.o)
                0x0040677c                __hi0bits
 .text.__lo0bits
                0x004067bc       0x60 c:/program files (x86)/atmel/studio/7.0/toolchain/arm/arm-gnu-toolchain/bin/../lib/gcc/arm-none-eabi/6.3.1/../../../../arm-none-eabi/lib/thumb/v7e-m\libc.a(lib_a-mprec.o)
                0x004067bc                __lo0bits
 .text.__i2b    0x0040681c       0x14 c:/program files (x86)/atmel/studio/7.0/toolchain/arm/arm-gnu-toolchain/bin/../lib/gcc/arm-none-eabi/6.3.1/../../../../arm-none-eabi/lib/thumb/v7e-m\libc.a(lib_a-mprec.o)
                0x0040681c                __i2b
 .text.__multiply
                0x00406830      0x124 c:/program files (x86)/atmel/studio/7.0/toolchain/arm/arm-gnu-toolchain/bin/../lib/gcc/arm-none-eabi/6.3.1/../../../../arm-none-eabi/lib/thumb/v7e-m\libc.a(lib_a-mprec.o)
                0x00406830                __multiply
 .text.__pow5mult
                0x00406954       0xa0 c:/program files (x86)/atmel/studio/7.0/toolchain/arm/arm-gnu-toolchain/bin/../lib/gcc/arm-none-eabi/6.3.1/../../../../arm-none-eabi/lib/thumb/v7e-m\libc.a(lib_a-mprec.o)
                0x00406954                __pow5mult
 .text.__lshift
                0x004069f4       0xa4 c:/program files (x86)/atmel/studio/7.0/toolchain/arm/arm-gnu-toolchain/bin/../lib/gcc/arm-none-eabi/6.3.1/../../../../arm-none-eabi/lib/thumb/v7e-m\libc.a(lib_a-mprec.o)
                0x004069f4                __lshift
 .text.__mcmp   0x00406a98       0x38 c:/program files (x86)/atmel/studio/7.0/toolchain/arm/arm-gnu-toolchain/bin/../lib/gcc/arm-none-eabi/6.3.1/../../../../arm-none-eabi/lib/thumb/v7e-m\libc.a(lib_a-mprec.o)
                0x00406a98                __mcmp
 .text.__mdiff  0x00406ad0      0x108 c:/program files (x86)/atmel/studio/7.0/toolchain/arm/arm-gnu-toolchain/bin/../lib/gcc/arm-none-eabi/6.3.1/../../../../arm-none-eabi/lib/thumb/v7e-m\libc.a(lib_a-mprec.o)
                0x00406ad0                __mdiff
 .text.__d2b    0x00406bd8       0xb8 c:/program files (x86)/atmel/studio/7.0/toolchain/arm/arm-gnu-toolchain/bin/../lib/gcc/arm-none-eabi/6.3.1/../../../../arm-none-eabi/lib/thumb/v7e-m\libc.a(lib_a-mprec.o)
                0x00406bd8                __d2b
 .text._sbrk_r  0x00406c90       0x24 c:/program files (x86)/atmel/studio/7.0/toolchain/arm/arm-gnu-toolchain/bin/../lib/gcc/arm-none-eabi/6.3.1/../../../../arm-none-eabi/lib/thumb/v7e-m\libc.a(lib_a-sbrkr.o)
                0x00406c90                _sbrk_r
 *fill*         0x00406cb4        0xc 
 .text          0x00406cc0       0xdc c:/program files (x86)/atmel/studio/7.0/toolchain/arm/arm-gnu-toolchain/bin/../lib/gcc/arm-none-eabi/6.3.1/../../../../arm-none-eabi/lib/thumb/v7e-m\libc.a(lib_a-strlen.o)
                0x00406cc0                strlen
 .text.__ssprint_r
                0x00406d9c       0xfc c:/program files (x86)/atmel/studio/7.0/toolchain/arm/arm-gnu-toolchain/bin/../lib/gcc/arm-none-eabi/6.3.1/../../../../arm-none-eabi/lib/thumb/v7e-m\libc.a(lib_a-svfiprintf.o)
                0x00406d9c                __ssprint_r
 .text.__register_exitproc
                0x00406e98       0xc4 c:/program files (x86)/atmel/studio/7.0/toolchain/arm/arm-gnu-toolchain/bin/../lib/gcc/arm-none-eabi/6.3.1/../../../../arm-none-eabi/lib/thumb/v7e-m\libc.a(lib_a-__atexit.o)
                0x00406e98                __register_exitproc
 .text._calloc_r
                0x00406f5c       0x60 c:/program files (x86)/atmel/studio/7.0/toolchain/arm/arm-gnu-toolchain/bin/../lib/gcc/arm-none-eabi/6.3.1/../../../../arm-none-eabi/lib/thumb/v7e-m\libc.a(lib_a-callocr.o)
                0x00406f5c                _calloc_r
 .text._malloc_trim_r
                0x00406fbc       0xa0 c:/program files (x86)/atmel/studio/7.0/toolchain/arm/arm-gnu-toolchain/bin/../lib/gcc/arm-none-eabi/6.3.1/../../../../arm-none-eabi/lib/thumb/v7e-m\libc.a(lib_a-freer.o)
                0x00406fbc                _malloc_trim_r
 .text._free_r  0x0040705c      0x1cc c:/program files (x86)/atmel/studio/7.0/toolchain/arm/arm-gnu-toolchain/bin/../lib/gcc/arm-none-eabi/6.3.1/../../../../arm-none-eabi/lib/thumb/v7e-m\libc.a(lib_a-freer.o)
                0x0040705c                _free_r
 .text.__ascii_mbtowc
                0x00407228       0x2c c:/program files (x86)/atmel/studio/7.0/toolchain/arm/arm-gnu-toolchain/bin/../lib/gcc/arm-none-eabi/6.3.1/../../../../arm-none-eabi/lib/thumb/v7e-m\libc.a(lib_a-mbtowc_r.o)
                0x00407228                __ascii_mbtowc
 .text.memmove  0x00407254       0xc8 c:/program files (x86)/atmel/studio/7.0/toolchain/arm/arm-gnu-toolchain/bin/../lib/gcc/arm-none-eabi/6.3.1/../../../../arm-none-eabi/lib/thumb/v7e-m\libc.a(lib_a-memmove.o)
                0x00407254                memmove
 .text._realloc_r
                0x0040731c      0x34c c:/program files (x86)/atmel/studio/7.0/toolchain/arm/arm-gnu-toolchain/bin/../lib/gcc/arm-none-eabi/6.3.1/../../../../arm-none-eabi/lib/thumb/v7e-m\libc.a(lib_a-reallocr.o)
                0x0040731c                _realloc_r
 .text.__ascii_wctomb
                0x00407668       0x1c c:/program files (x86)/atmel/studio/7.0/toolchain/arm/arm-gnu-toolchain/bin/../lib/gcc/arm-none-eabi/6.3.1/../../../../arm-none-eabi/lib/thumb/v7e-m\libc.a(lib_a-wctomb_r.o)
                0x00407668                __ascii_wctomb
 .text          0x00407684      0x110 c:/program files (x86)/atmel/studio/7.0/toolchain/arm/arm-gnu-toolchain/bin/../lib/gcc/arm-none-eabi/6.3.1/thumb/v7e-m\libgcc.a(_arm_cmpdf2.o)
                0x00407684                __gtdf2
                0x00407684                __gedf2
                0x0040768c                __ltdf2
                0x0040768c                __ledf2
                0x00407694                __nedf2
                0x00407694                __eqdf2
                0x00407694                __cmpdf2
                0x00407710                __aeabi_cdrcmple
                0x00407720                __aeabi_cdcmpeq
                0x00407720                __aeabi_cdcmple
                0x00407730                __aeabi_dcmpeq
                0x00407744                __aeabi_dcmplt
                0x00407758                __aeabi_dcmple
                0x0040776c                __aeabi_dcmpge
                0x00407780                __aeabi_dcmpgt
 .text          0x00407794       0x2c c:/program files (x86)/atmel/studio/7.0/toolchain/arm/arm-gnu-toolchain/bin/../lib/gcc/arm-none-eabi/6.3.1/thumb/v7e-m\libgcc.a(_arm_unorddf2.o)
                0x00407794                __unorddf2
                0x00407794                __aeabi_dcmpun
 .text          0x004077c0       0x50 c:/program files (x86)/atmel/studio/7.0/toolchain/arm/arm-gnu-toolchain/bin/../lib/gcc/arm-none-eabi/6.3.1/thumb/v7e-m\libgcc.a(_arm_fixdfsi.o)
                0x004077c0                __aeabi_d2iz
                0x004077c0                __fixdfsi
 .text          0x00407810       0x30 c:/program files (x86)/atmel/studio/7.0/toolchain/arm/arm-gnu-toolchain/bin/../lib/gcc/arm-none-eabi/6.3.1/thumb/v7e-m\libgcc.a(_aeabi_uldivmod.o)
                0x00407810                __aeabi_uldivmod
 .text          0x00407840      0x2dc c:/program files (x86)/atmel/studio/7.0/toolchain/arm/arm-gnu-toolchain/bin/../lib/gcc/arm-none-eabi/6.3.1/thumb/v7e-m\libgcc.a(_udivmoddi4.o)
                0x00407840                __udivmoddi4
 .text          0x00407b1c        0x4 c:/program files (x86)/atmel/studio/7.0/toolchain/arm/arm-gnu-toolchain/bin/../lib/gcc/arm-none-eabi/6.3.1/thumb/v7e-m\libgcc.a(_dvmd_tls.o)
                0x00407b1c                __aeabi_idiv0
                0x00407b1c                __aeabi_ldiv0
 *(.glue_7t)
 .glue_7t       0x00407b20        0x0 linker stubs
 *(.glue_7)
 .glue_7        0x00407b20        0x0 linker stubs
 *(.rodata .rodata* .gnu.linkonce.r.*)
 .rodata.image_data_calibri_36_0x20
                0x00407b20      0x378 src/main.o
 .rodata.calibri_36_0x20
                0x00407e98       0x10 src/main.o
 .rodata.image_data_calibri_36_0x21
                0x00407ea8      0x534 src/main.o
 .rodata.calibri_36_0x21
                0x004083dc       0x10 src/main.o
 .rodata.image_data_calibri_36_0x22
                0x004083ec      0x612 src/main.o
 *fill*         0x004089fe        0x2 
 .rodata.calibri_36_0x22
                0x00408a00       0x10 src/main.o
 .rodata.image_data_calibri_36_0x23
                0x00408a10      0x7ce src/main.o
 *fill*         0x004091de        0x2 
 .rodata.calibri_36_0x23
                0x004091e0       0x10 src/main.o
 .rodata.image_data_calibri_36_0x24
                0x004091f0      0x7ce src/main.o
 *fill*         0x004099be        0x2 
 .rodata.calibri_36_0x24
                0x004099c0       0x10 src/main.o
 .rodata.image_data_calibri_36_0x25
                0x004099d0      0xb46 src/main.o
 *fill*         0x0040a516        0x2 
 .rodata.calibri_36_0x25
                0x0040a518       0x10 src/main.o
 .rodata.image_data_calibri_36_0x26
                0x0040a528      0xad7 src/main.o
 *fill*         0x0040afff        0x1 
 .rodata.calibri_36_0x26
                0x0040b000       0x10 src/main.o
 .rodata.image_data_calibri_36_0x27
                0x0040b010      0x378 src/main.o
 .rodata.calibri_36_0x27
                0x0040b388       0x10 src/main.o
 .rodata.image_data_calibri_36_0x28
                0x0040b398      0x4c5 src/main.o
 *fill*         0x0040b85d        0x3 
 .rodata.calibri_36_0x28
                0x0040b860       0x10 src/main.o
 .rodata.image_data_calibri_36_0x29
                0x0040b870      0x4c5 src/main.o
 *fill*         0x0040bd35        0x3 
 .rodata.calibri_36_0x29
                0x0040bd38       0x10 src/main.o
 .rodata.image_data_calibri_36_0x2a
                0x0040bd48      0x7ce src/main.o
 *fill*         0x0040c516        0x2 
 .rodata.calibri_36_0x2a
                0x0040c518       0x10 src/main.o
 .rodata.image_data_calibri_36_0x2b
                0x0040c528      0x7ce src/main.o
 *fill*         0x0040ccf6        0x2 
 .rodata.calibri_36_0x2b
                0x0040ccf8       0x10 src/main.o
 .rodata.image_data_calibri_36_0x2c
                0x0040cd08      0x3e7 src/main.o
 *fill*         0x0040d0ef        0x1 
 .rodata.calibri_36_0x2c
                0x0040d0f0       0x10 src/main.o
 .rodata.image_data_calibri_36_0x2d
                0x0040d100      0x4c5 src/main.o
 *fill*         0x0040d5c5        0x3 
 .rodata.calibri_36_0x2d
                0x0040d5c8       0x10 src/main.o
 .rodata.image_data_calibri_36_0x2e
                0x0040d5d8      0x3e7 src/main.o
 *fill*         0x0040d9bf        0x1 
 .rodata.calibri_36_0x2e
                0x0040d9c0       0x10 src/main.o
 .rodata.image_data_calibri_36_0x2f
                0x0040d9d0      0x612 src/main.o
 *fill*         0x0040dfe2        0x2 
 .rodata.calibri_36_0x2f
                0x0040dfe4       0x10 src/main.o
 .rodata.image_data_calibri_36_0x30
                0x0040dff4      0x7ce src/main.o
 *fill*         0x0040e7c2        0x2 
 .rodata.calibri_36_0x30
                0x0040e7c4       0x10 src/main.o
 .rodata.image_data_calibri_36_0x31
                0x0040e7d4      0x7ce src/main.o
 *fill*         0x0040efa2        0x2 
 .rodata.calibri_36_0x31
                0x0040efa4       0x10 src/main.o
 .rodata.image_data_calibri_36_0x32
                0x0040efb4      0x7ce src/main.o
 *fill*         0x0040f782        0x2 
 .rodata.calibri_36_0x32
                0x0040f784       0x10 src/main.o
 .rodata.image_data_calibri_36_0x33
                0x0040f794      0x7ce src/main.o
 *fill*         0x0040ff62        0x2 
 .rodata.calibri_36_0x33
                0x0040ff64       0x10 src/main.o
 .rodata.image_data_calibri_36_0x34
                0x0040ff74      0x7ce src/main.o
 *fill*         0x00410742        0x2 
 .rodata.calibri_36_0x34
                0x00410744       0x10 src/main.o
 .rodata.image_data_calibri_36_0x35
                0x00410754      0x7ce src/main.o
 *fill*         0x00410f22        0x2 
 .rodata.calibri_36_0x35
                0x00410f24       0x10 src/main.o
 .rodata.image_data_calibri_36_0x36
                0x00410f34      0x7ce src/main.o
 *fill*         0x00411702        0x2 
 .rodata.calibri_36_0x36
                0x00411704       0x10 src/main.o
 .rodata.image_data_calibri_36_0x37
                0x00411714      0x7ce src/main.o
 *fill*         0x00411ee2        0x2 
 .rodata.calibri_36_0x37
                0x00411ee4       0x10 src/main.o
 .rodata.image_data_calibri_36_0x38
                0x00411ef4      0x7ce src/main.o
 *fill*         0x004126c2        0x2 
 .rodata.calibri_36_0x38
                0x004126c4       0x10 src/main.o
 .rodata.image_data_calibri_36_0x39
                0x004126d4      0x7ce src/main.o
 *fill*         0x00412ea2        0x2 
 .rodata.calibri_36_0x39
                0x00412ea4       0x10 src/main.o
 .rodata.image_data_calibri_36_0x3a
                0x00412eb4      0x456 src/main.o
 *fill*         0x0041330a        0x2 
 .rodata.calibri_36_0x3a
                0x0041330c       0x10 src/main.o
 .rodata.image_data_calibri_36_0x3b
                0x0041331c      0x456 src/main.o
 *fill*         0x00413772        0x2 
 .rodata.calibri_36_0x3b
                0x00413774       0x10 src/main.o
 .rodata.image_data_calibri_36_0x3c
                0x00413784      0x7ce src/main.o
 *fill*         0x00413f52        0x2 
 .rodata.calibri_36_0x3c
                0x00413f54       0x10 src/main.o
 .rodata.image_data_calibri_36_0x3d
                0x00413f64      0x7ce src/main.o
 *fill*         0x00414732        0x2 
 .rodata.calibri_36_0x3d
                0x00414734       0x10 src/main.o
 .rodata.image_data_calibri_36_0x3e
                0x00414744      0x7ce src/main.o
 *fill*         0x00414f12        0x2 
 .rodata.calibri_36_0x3e
                0x00414f14       0x10 src/main.o
 .rodata.image_data_calibri_36_0x3f
                0x00414f24      0x75f src/main.o
 *fill*         0x00415683        0x1 
 .rodata.calibri_36_0x3f
                0x00415684       0x10 src/main.o
 .rodata.image_data_calibri_36_0x40
                0x00415694      0xde0 src/main.o
 .rodata.calibri_36_0x40
                0x00416474       0x10 src/main.o
 .rodata.image_data_calibri_36_0x41
                0x00416484      0x91b src/main.o
 *fill*         0x00416d9f        0x1 
 .rodata.calibri_36_0x41
                0x00416da0       0x10 src/main.o
 .rodata.image_data_calibri_36_0x42
                0x00416db0      0x8ac src/main.o
 .rodata.calibri_36_0x42
                0x0041765c       0x10 src/main.o
 .rodata.image_data_calibri_36_0x43
                0x0041766c      0x83d src/main.o
 *fill*         0x00417ea9        0x3 
 .rodata.calibri_36_0x43
                0x00417eac       0x10 src/main.o
 .rodata.image_data_calibri_36_0x44
                0x00417ebc      0x98a src/main.o
 *fill*         0x00418846        0x2 
 .rodata.calibri_36_0x44
                0x00418848       0x10 src/main.o
 .rodata.image_data_calibri_36_0x45
                0x00418858      0x7ce src/main.o
 *fill*         0x00419026        0x2 
 .rodata.calibri_36_0x45
                0x00419028       0x10 src/main.o
 .rodata.image_data_calibri_36_0x46
                0x00419038      0x75f src/main.o
 *fill*         0x00419797        0x1 
 .rodata.calibri_36_0x46
                0x00419798       0x10 src/main.o
 .rodata.image_data_calibri_36_0x47
                0x004197a8      0x9f9 src/main.o
 *fill*         0x0041a1a1        0x3 
 .rodata.calibri_36_0x47
                0x0041a1a4       0x10 src/main.o
 .rodata.image_data_calibri_36_0x48
                0x0041a1b4      0x98a src/main.o
 *fill*         0x0041ab3e        0x2 
 .rodata.calibri_36_0x48
                0x0041ab40       0x10 src/main.o
 .rodata.image_data_calibri_36_0x49
                0x0041ab50      0x3e7 src/main.o
 *fill*         0x0041af37        0x1 
 .rodata.calibri_36_0x49
                0x0041af38       0x10 src/main.o
 .rodata.image_data_calibri_36_0x4a
                0x0041af48      0x4c5 src/main.o
 *fill*         0x0041b40d        0x3 
 .rodata.calibri_36_0x4a
                0x0041b410       0x10 src/main.o
 .rodata.image_data_calibri_36_0x4b
                0x0041b420      0x83d src/main.o
 *fill*         0x0041bc5d        0x3 
 .rodata.calibri_36_0x4b
                0x0041bc60       0x10 src/main.o
 .rodata.image_data_calibri_36_0x4c
                0x0041bc70      0x681 src/main.o
 *fill*         0x0041c2f1        0x3 
 .rodata.calibri_36_0x4c
                0x0041c2f4       0x10 src/main.o
 .rodata.image_data_calibri_36_0x4d
                0x0041c304      0xd71 src/main.o
 *fill*         0x0041d075        0x3 
 .rodata.calibri_36_0x4d
                0x0041d078       0x10 src/main.o
 .rodata.image_data_calibri_36_0x4e
                0x0041d088      0x9f9 src/main.o
 *fill*         0x0041da81        0x3 
 .rodata.calibri_36_0x4e
                0x0041da84       0x10 src/main.o
 .rodata.image_data_calibri_36_0x4f
                0x0041da94      0xa68 src/main.o
 .rodata.calibri_36_0x4f
                0x0041e4fc       0x10 src/main.o
 .rodata.image_data_calibri_36_0x50
                0x0041e50c      0x83d src/main.o
 *fill*         0x0041ed49        0x3 
 .rodata.calibri_36_0x50
                0x0041ed4c       0x10 src/main.o
 .rodata.image_data_calibri_36_0x51
                0x0041ed5c      0xad7 src/main.o
 *fill*         0x0041f833        0x1 
 .rodata.calibri_36_0x51
                0x0041f834       0x10 src/main.o
 .rodata.image_data_calibri_36_0x52
                0x0041f844      0x8ac src/main.o
 .rodata.calibri_36_0x52
                0x004200f0       0x10 src/main.o
 .rodata.image_data_calibri_36_0x53
                0x00420100      0x75f src/main.o
 *fill*         0x0042085f        0x1 
 .rodata.calibri_36_0x53
                0x00420860       0x10 src/main.o
 .rodata.image_data_calibri_36_0x54
                0x00420870      0x7ce src/main.o
 *fill*         0x0042103e        0x2 
 .rodata.calibri_36_0x54
                0x00421040       0x10 src/main.o
 .rodata.image_data_calibri_36_0x55
                0x00421050      0x9f9 src/main.o
 *fill*         0x00421a49        0x3 
 .rodata.calibri_36_0x55
                0x00421a4c       0x10 src/main.o
 .rodata.image_data_calibri_36_0x56
                0x00421a5c      0x8ac src/main.o
 .rodata.calibri_36_0x56
                0x00422308       0x10 src/main.o
 .rodata.image_data_calibri_36_0x57
                0x00422318      0xde0 src/main.o
 .rodata.calibri_36_0x57
                0x004230f8       0x10 src/main.o
 .rodata.image_data_calibri_36_0x58
                0x00423108      0x83d src/main.o
 *fill*         0x00423945        0x3 
 .rodata.calibri_36_0x58
                0x00423948       0x10 src/main.o
 .rodata.image_data_calibri_36_0x59
                0x00423958      0x7ce src/main.o
 *fill*         0x00424126        0x2 
 .rodata.calibri_36_0x59
                0x00424128       0x10 src/main.o
 .rodata.image_data_calibri_36_0x5a
                0x00424138      0x75f src/main.o
 *fill*         0x00424897        0x1 
 .rodata.calibri_36_0x5a
                0x00424898       0x10 src/main.o
 .rodata.image_data_calibri_36_0x5b
                0x004248a8      0x4c5 src/main.o
 *fill*         0x00424d6d        0x3 
 .rodata.calibri_36_0x5b
                0x00424d70       0x10 src/main.o
 .rodata.image_data_calibri_36_0x5c
                0x00424d80      0x612 src/main.o
 *fill*         0x00425392        0x2 
 .rodata.calibri_36_0x5c
                0x00425394       0x10 src/main.o
 .rodata.image_data_calibri_36_0x5d
                0x004253a4      0x4c5 src/main.o
 *fill*         0x00425869        0x3 
 .rodata.calibri_36_0x5d
                0x0042586c       0x10 src/main.o
 .rodata.image_data_calibri_36_0x5e
                0x0042587c      0x7ce src/main.o
 *fill*         0x0042604a        0x2 
 .rodata.calibri_36_0x5e
                0x0042604c       0x10 src/main.o
 .rodata.image_data_calibri_36_0x5f
                0x0042605c      0x7ce src/main.o
 *fill*         0x0042682a        0x2 
 .rodata.calibri_36_0x5f
                0x0042682c       0x10 src/main.o
 .rodata.image_data_calibri_36_0x60
                0x0042683c      0x456 src/main.o
 *fill*         0x00426c92        0x2 
 .rodata.calibri_36_0x60
                0x00426c94       0x10 src/main.o
 .rodata.image_data_calibri_36_0x61
                0x00426ca4      0x75f src/main.o
 *fill*         0x00427403        0x1 
 .rodata.calibri_36_0x61
                0x00427404       0x10 src/main.o
 .rodata.image_data_calibri_36_0x62
                0x00427414      0x83d src/main.o
 *fill*         0x00427c51        0x3 
 .rodata.calibri_36_0x62
                0x00427c54       0x10 src/main.o
 .rodata.image_data_calibri_36_0x63
                0x00427c64      0x681 src/main.o
 *fill*         0x004282e5        0x3 
 .rodata.calibri_36_0x63
                0x004282e8       0x10 src/main.o
 .rodata.image_data_calibri_36_0x64
                0x004282f8      0x83d src/main.o
 *fill*         0x00428b35        0x3 
 .rodata.calibri_36_0x64
                0x00428b38       0x10 src/main.o
 .rodata.image_data_calibri_36_0x65
                0x00428b48      0x7ce src/main.o
 *fill*         0x00429316        0x2 
 .rodata.calibri_36_0x65
                0x00429318       0x10 src/main.o
 .rodata.image_data_calibri_36_0x66
                0x00429328      0x4c5 src/main.o
 *fill*         0x004297ed        0x3 
 .rodata.calibri_36_0x66
                0x004297f0       0x10 src/main.o
 .rodata.image_data_calibri_36_0x67
                0x00429800      0x75f src/main.o
 *fill*         0x00429f5f        0x1 
 .rodata.calibri_36_0x67
                0x00429f60       0x10 src/main.o
 .rodata.image_data_calibri_36_0x68
                0x00429f70      0x83d src/main.o
 *fill*         0x0042a7ad        0x3 
 .rodata.calibri_36_0x68
                0x0042a7b0       0x10 src/main.o
 .rodata.image_data_calibri_36_0x69
                0x0042a7c0      0x378 src/main.o
 .rodata.calibri_36_0x69
                0x0042ab38       0x10 src/main.o
 .rodata.image_data_calibri_36_0x6a
                0x0042ab48      0x3e7 src/main.o
 *fill*         0x0042af2f        0x1 
 .rodata.calibri_36_0x6a
                0x0042af30       0x10 src/main.o
 .rodata.image_data_calibri_36_0x6b
                0x0042af40      0x6f0 src/main.o
 .rodata.calibri_36_0x6b
                0x0042b630       0x10 src/main.o
 .rodata.image_data_calibri_36_0x6c
                0x0042b640      0x378 src/main.o
 .rodata.calibri_36_0x6c
                0x0042b9b8       0x10 src/main.o
 .rodata.image_data_calibri_36_0x6d
                0x0042b9c8      0xc93 src/main.o
 *fill*         0x0042c65b        0x1 
 .rodata.calibri_36_0x6d
                0x0042c65c       0x10 src/main.o
 .rodata.image_data_calibri_36_0x6e
                0x0042c66c      0x83d src/main.o
 *fill*         0x0042cea9        0x3 
 .rodata.calibri_36_0x6e
                0x0042ceac       0x10 src/main.o
 .rodata.image_data_calibri_36_0x6f
                0x0042cebc      0x83d src/main.o
 *fill*         0x0042d6f9        0x3 
 .rodata.calibri_36_0x6f
                0x0042d6fc       0x10 src/main.o
 .rodata.image_data_calibri_36_0x70
                0x0042d70c      0x83d src/main.o
 *fill*         0x0042df49        0x3 
 .rodata.calibri_36_0x70
                0x0042df4c       0x10 src/main.o
 .rodata.image_data_calibri_36_0x71
                0x0042df5c      0x83d src/main.o
 *fill*         0x0042e799        0x3 
 .rodata.calibri_36_0x71
                0x0042e79c       0x10 src/main.o
 .rodata.image_data_calibri_36_0x72
                0x0042e7ac      0x5a3 src/main.o
 *fill*         0x0042ed4f        0x1 
 .rodata.calibri_36_0x72
                0x0042ed50       0x10 src/main.o
 .rodata.image_data_calibri_36_0x73
                0x0042ed60      0x612 src/main.o
 *fill*         0x0042f372        0x2 
 .rodata.calibri_36_0x73
                0x0042f374       0x10 src/main.o
 .rodata.image_data_calibri_36_0x74
                0x0042f384      0x534 src/main.o
 .rodata.calibri_36_0x74
                0x0042f8b8       0x10 src/main.o
 .rodata.image_data_calibri_36_0x75
                0x0042f8c8      0x83d src/main.o
 *fill*         0x00430105        0x3 
 .rodata.calibri_36_0x75
                0x00430108       0x10 src/main.o
 .rodata.image_data_calibri_36_0x76
                0x00430118      0x6f0 src/main.o
 .rodata.calibri_36_0x76
                0x00430808       0x10 src/main.o
 .rodata.image_data_calibri_36_0x77
                0x00430818      0xb46 src/main.o
 *fill*         0x0043135e        0x2 
 .rodata.calibri_36_0x77
                0x00431360       0x10 src/main.o
 .rodata.image_data_calibri_36_0x78
                0x00431370      0x6f0 src/main.o
 .rodata.calibri_36_0x78
                0x00431a60       0x10 src/main.o
 .rodata.image_data_calibri_36_0x79
                0x00431a70      0x6f0 src/main.o
 .rodata.calibri_36_0x79
                0x00432160       0x10 src/main.o
 .rodata.image_data_calibri_36_0x7a
                0x00432170      0x612 src/main.o
 *fill*         0x00432782        0x2 
 .rodata.calibri_36_0x7a
                0x00432784       0x10 src/main.o
 .rodata.image_data_calibri_36_0x7b
                0x00432794      0x4c5 src/main.o
 *fill*         0x00432c59        0x3 
 .rodata.calibri_36_0x7b
                0x00432c5c       0x10 src/main.o
 .rodata.image_data_calibri_36_0x7c
                0x00432c6c      0x75f src/main.o
 *fill*         0x004333cb        0x1 
 .rodata.calibri_36_0x7c
                0x004333cc       0x10 src/main.o
 .rodata.image_data_calibri_36_0x7d
                0x004333dc      0x4c5 src/main.o
 *fill*         0x004338a1        0x3 
 .rodata.calibri_36_0x7d
                0x004338a4       0x10 src/main.o
 .rodata.image_data_calibri_36_0x7e
                0x004338b4      0x7ce src/main.o
 *fill*         0x00434082        0x2 
 .rodata.calibri_36_0x7e
                0x00434084       0x10 src/main.o
 .rodata.calibri_36_array
                0x00434094      0x2f8 src/main.o
 .rodata.calibri_36
                0x0043438c        0xc src/main.o
                0x0043438c                calibri_36
 .rodata        0x00434398       0x18 src/main.o
 .rodata._global_impure_ptr
                0x004343b0        0x4 c:/program files (x86)/atmel/studio/7.0/toolchain/arm/arm-gnu-toolchain/bin/../lib/gcc/arm-none-eabi/6.3.1/../../../../arm-none-eabi/lib/thumb/v7e-m\libc.a(lib_a-impure.o)
                0x004343b0                _global_impure_ptr
 .rodata._svfprintf_r.str1.4
                0x004343b4       0x42 c:/program files (x86)/atmel/studio/7.0/toolchain/arm/arm-gnu-toolchain/bin/../lib/gcc/arm-none-eabi/6.3.1/../../../../arm-none-eabi/lib/thumb/v7e-m\libc.a(lib_a-svfprintf.o)
 *fill*         0x004343f6        0x2 
 .rodata.blanks.7223
                0x004343f8       0x10 c:/program files (x86)/atmel/studio/7.0/toolchain/arm/arm-gnu-toolchain/bin/../lib/gcc/arm-none-eabi/6.3.1/../../../../arm-none-eabi/lib/thumb/v7e-m\libc.a(lib_a-svfprintf.o)
 .rodata.zeroes.7224
                0x00434408       0x10 c:/program files (x86)/atmel/studio/7.0/toolchain/arm/arm-gnu-toolchain/bin/../lib/gcc/arm-none-eabi/6.3.1/../../../../arm-none-eabi/lib/thumb/v7e-m\libc.a(lib_a-svfprintf.o)
 .rodata._dtoa_r.str1.4
                0x00434418       0x10 c:/program files (x86)/atmel/studio/7.0/toolchain/arm/arm-gnu-toolchain/bin/../lib/gcc/arm-none-eabi/6.3.1/../../../../arm-none-eabi/lib/thumb/v7e-m\libc.a(lib_a-dtoa.o)
                                 0x12 (size before relaxing)
 .rodata.__mprec_bigtens
                0x00434428       0x28 c:/program files (x86)/atmel/studio/7.0/toolchain/arm/arm-gnu-toolchain/bin/../lib/gcc/arm-none-eabi/6.3.1/../../../../arm-none-eabi/lib/thumb/v7e-m\libc.a(lib_a-mprec.o)
                0x00434428                __mprec_bigtens
 .rodata.__mprec_tens
                0x00434450       0xc8 c:/program files (x86)/atmel/studio/7.0/toolchain/arm/arm-gnu-toolchain/bin/../lib/gcc/arm-none-eabi/6.3.1/../../../../arm-none-eabi/lib/thumb/v7e-m\libc.a(lib_a-mprec.o)
                0x00434450                __mprec_tens
 .rodata.p05.6055
                0x00434518        0xc c:/program files (x86)/atmel/studio/7.0/toolchain/arm/arm-gnu-toolchain/bin/../lib/gcc/arm-none-eabi/6.3.1/../../../../arm-none-eabi/lib/thumb/v7e-m\libc.a(lib_a-mprec.o)
 .rodata._setlocale_r.str1.4
                0x00434524        0xa c:/program files (x86)/atmel/studio/7.0/toolchain/arm/arm-gnu-toolchain/bin/../lib/gcc/arm-none-eabi/6.3.1/../../../../arm-none-eabi/lib/thumb/v7e-m\libc.a(lib_a-locale.o)
                                  0xd (size before relaxing)
 *fill*         0x0043452e        0x2 
 .rodata.str1.4
                0x00434530        0x4 c:/program files (x86)/atmel/studio/7.0/toolchain/arm/arm-gnu-toolchain/bin/../lib/gcc/arm-none-eabi/6.3.1/../../../../arm-none-eabi/lib/thumb/v7e-m\libc.a(lib_a-locale.o)
                                  0x2 (size before relaxing)
 .rodata._ctype_
                0x00434534      0x101 c:/program files (x86)/atmel/studio/7.0/toolchain/arm/arm-gnu-toolchain/bin/../lib/gcc/arm-none-eabi/6.3.1/../../../../arm-none-eabi/lib/thumb/v7e-m\libc.a(lib_a-ctype_.o)
                0x00434534                _ctype_
 *(.ARM.extab* .gnu.linkonce.armextab.*)
                0x00434638                . = ALIGN (0x4)
 *fill*         0x00434635        0x3 
 *(.init)
 .init          0x00434638        0x4 c:/program files (x86)/atmel/studio/7.0/toolchain/arm/arm-gnu-toolchain/bin/../lib/gcc/arm-none-eabi/6.3.1/thumb/v7e-m/crti.o
                0x00434638                _init
 .init          0x0043463c        0x8 c:/program files (x86)/atmel/studio/7.0/toolchain/arm/arm-gnu-toolchain/bin/../lib/gcc/arm-none-eabi/6.3.1/thumb/v7e-m/crtn.o
                0x00434644                . = ALIGN (0x4)
                0x00434644                __preinit_array_start = .
 *(.preinit_array)
                0x00434644                __preinit_array_end = .
                0x00434644                . = ALIGN (0x4)
                0x00434644                __init_array_start = .
 *(SORT(.init_array.*))
 .init_array.00000
                0x00434644        0x4 c:/program files (x86)/atmel/studio/7.0/toolchain/arm/arm-gnu-toolchain/bin/../lib/gcc/arm-none-eabi/6.3.1/../../../../arm-none-eabi/lib/thumb/v7e-m\libc.a(lib_a-__call_atexit.o)
 *(.init_array)
 .init_array    0x00434648        0x4 c:/program files (x86)/atmel/studio/7.0/toolchain/arm/arm-gnu-toolchain/bin/../lib/gcc/arm-none-eabi/6.3.1/thumb/v7e-m/crtbegin.o
                0x0043464c                __init_array_end = .
                0x0043464c                . = ALIGN (0x4)
 *crtbegin.o(.ctors)
 *(EXCLUDE_FILE(*crtend.o) .ctors)
 *(SORT(.ctors.*))
 *crtend.o(.ctors)
                0x0043464c                . = ALIGN (0x4)
 *(.fini)
 .fini          0x0043464c        0x4 c:/program files (x86)/atmel/studio/7.0/toolchain/arm/arm-gnu-toolchain/bin/../lib/gcc/arm-none-eabi/6.3.1/thumb/v7e-m/crti.o
                0x0043464c                _fini
 .fini          0x00434650        0x8 c:/program files (x86)/atmel/studio/7.0/toolchain/arm/arm-gnu-toolchain/bin/../lib/gcc/arm-none-eabi/6.3.1/thumb/v7e-m/crtn.o
                0x00434658                . = ALIGN (0x4)
                0x00434658                __fini_array_start = .
 *(.fini_array)
 .fini_array    0x00434658        0x4 c:/program files (x86)/atmel/studio/7.0/toolchain/arm/arm-gnu-toolchain/bin/../lib/gcc/arm-none-eabi/6.3.1/thumb/v7e-m/crtbegin.o
 *(SORT(.fini_array.*))
                0x0043465c                __fini_array_end = .
 *crtbegin.o(.dtors)
 *(EXCLUDE_FILE(*crtend.o) .dtors)
 *(SORT(.dtors.*))
 *crtend.o(.dtors)
                0x0043465c                . = ALIGN (0x4)
                0x0043465c                _efixed = .
                [!provide]                PROVIDE (__exidx_start, .)

.vfp11_veneer   0x0043465c        0x0
 .vfp11_veneer  0x0043465c        0x0 linker stubs

.v4_bx          0x0043465c        0x0
 .v4_bx         0x0043465c        0x0 linker stubs

.iplt           0x0043465c        0x0
 .iplt          0x0043465c        0x0 c:/program files (x86)/atmel/studio/7.0/toolchain/arm/arm-gnu-toolchain/bin/../lib/gcc/arm-none-eabi/6.3.1/thumb/v7e-m/crtbegin.o

.ARM.exidx      0x0043465c        0x8
 *(.ARM.exidx* .gnu.linkonce.armexidx.*)
 .ARM.exidx     0x0043465c        0x8 c:/program files (x86)/atmel/studio/7.0/toolchain/arm/arm-gnu-toolchain/bin/../lib/gcc/arm-none-eabi/6.3.1/thumb/v7e-m\libgcc.a(_udivmoddi4.o)
                [!provide]                PROVIDE (__exidx_end, .)

.eh_frame       0x00434664        0x0
 .eh_frame      0x00434664        0x0 c:/program files (x86)/atmel/studio/7.0/toolchain/arm/arm-gnu-toolchain/bin/../lib/gcc/arm-none-eabi/6.3.1/thumb/v7e-m/crtbegin.o

.rel.dyn        0x00434664        0x0
 .rel.iplt      0x00434664        0x0 c:/program files (x86)/atmel/studio/7.0/toolchain/arm/arm-gnu-toolchain/bin/../lib/gcc/arm-none-eabi/6.3.1/thumb/v7e-m/crtbegin.o

.jcr            0x00434664        0x0
 .jcr           0x00434664        0x0 c:/program files (x86)/atmel/studio/7.0/toolchain/arm/arm-gnu-toolchain/bin/../lib/gcc/arm-none-eabi/6.3.1/thumb/v7e-m/crtbegin.o

.igot.plt       0x00434664        0x0
 .igot.plt      0x00434664        0x0 c:/program files (x86)/atmel/studio/7.0/toolchain/arm/arm-gnu-toolchain/bin/../lib/gcc/arm-none-eabi/6.3.1/thumb/v7e-m/crtbegin.o
                0x00434664                . = ALIGN (0x4)
                0x00434664                _etext = .

.relocate       0x20400000      0x9c8 load address 0x00434664
                0x20400000                . = ALIGN (0x4)
                0x20400000                _srelocate = .
 *(.ramfunc .ramfunc.*)
 *(.data .data.*)
 .data.quantidades_de_rotacoes
                0x20400000        0x4 src/main.o
                0x20400000                quantidades_de_rotacoes
 *fill*         0x20400004        0x4 
 .data.raio     0x20400008        0x8 src/main.o
                0x20400008                raio
 .data.g_interrupt_enabled
                0x20400010        0x1 src/ASF/common/utils/interrupt/interrupt_sam_nvic.o
                0x20400010                g_interrupt_enabled
 *fill*         0x20400011        0x3 
 .data.SystemCoreClock
                0x20400014        0x4 src/ASF/sam/utils/cmsis/same70/source/templates/system_same70.o
                0x20400014                SystemCoreClock
 .data._impure_ptr
                0x20400018        0x4 c:/program files (x86)/atmel/studio/7.0/toolchain/arm/arm-gnu-toolchain/bin/../lib/gcc/arm-none-eabi/6.3.1/../../../../arm-none-eabi/lib/thumb/v7e-m\libc.a(lib_a-impure.o)
                0x20400018                _impure_ptr
 *fill*         0x2040001c        0x4 
 .data.impure_data
                0x20400020      0x428 c:/program files (x86)/atmel/studio/7.0/toolchain/arm/arm-gnu-toolchain/bin/../lib/gcc/arm-none-eabi/6.3.1/../../../../arm-none-eabi/lib/thumb/v7e-m\libc.a(lib_a-impure.o)
 .data.__atexit_recursive_mutex
                0x20400448        0x4 c:/program files (x86)/atmel/studio/7.0/toolchain/arm/arm-gnu-toolchain/bin/../lib/gcc/arm-none-eabi/6.3.1/../../../../arm-none-eabi/lib/thumb/v7e-m\libc.a(lib_a-__call_atexit.o)
                0x20400448                __atexit_recursive_mutex
 .data.__malloc_av_
                0x2040044c      0x408 c:/program files (x86)/atmel/studio/7.0/toolchain/arm/arm-gnu-toolchain/bin/../lib/gcc/arm-none-eabi/6.3.1/../../../../arm-none-eabi/lib/thumb/v7e-m\libc.a(lib_a-mallocr.o)
                0x2040044c                __malloc_av_
 .data.__malloc_sbrk_base
                0x20400854        0x4 c:/program files (x86)/atmel/studio/7.0/toolchain/arm/arm-gnu-toolchain/bin/../lib/gcc/arm-none-eabi/6.3.1/../../../../arm-none-eabi/lib/thumb/v7e-m\libc.a(lib_a-mallocr.o)
                0x20400854                __malloc_sbrk_base
 .data.__malloc_trim_threshold
                0x20400858        0x4 c:/program files (x86)/atmel/studio/7.0/toolchain/arm/arm-gnu-toolchain/bin/../lib/gcc/arm-none-eabi/6.3.1/../../../../arm-none-eabi/lib/thumb/v7e-m\libc.a(lib_a-mallocr.o)
                0x20400858                __malloc_trim_threshold
 .data.__global_locale
                0x2040085c      0x16c c:/program files (x86)/atmel/studio/7.0/toolchain/arm/arm-gnu-toolchain/bin/../lib/gcc/arm-none-eabi/6.3.1/../../../../arm-none-eabi/lib/thumb/v7e-m\libc.a(lib_a-locale.o)
                0x2040085c                __global_locale
                0x204009c8                . = ALIGN (0x4)
                0x204009c8                _erelocate = .

.bss            0x204009c8      0x540 load address 0x0043502c
                0x204009c8                . = ALIGN (0x4)
                0x204009c8                _sbss = .
                0x204009c8                _szero = .
 *(.bss .bss.*)
 .bss           0x204009c8       0x1c c:/program files (x86)/atmel/studio/7.0/toolchain/arm/arm-gnu-toolchain/bin/../lib/gcc/arm-none-eabi/6.3.1/thumb/v7e-m/crtbegin.o
 .bss.g_wobits_in_rtt_mr
                0x204009e4        0x4 src/ASF/sam/drivers/rtt/rtt.o
 .bss.f_rtt_alarme
                0x204009e8        0x1 src/main.o
                0x204009e8                f_rtt_alarme
 *fill*         0x204009e9        0x3 
 .bss.g_ul_pixel_cache
                0x204009ec      0x3c0 src/ASF/sam/components/display/ili9488/ili9488.o
 .bss.gs_interrupt_sources
                0x20400dac       0x70 src/ASF/sam/drivers/pio/pio_handler.o
 .bss.gs_ul_nb_sources
                0x20400e1c        0x4 src/ASF/sam/drivers/pio/pio_handler.o
 .bss.heap.6420
                0x20400e20        0x4 src/ASF/sam/utils/syscalls/gcc/syscalls.o
 .bss.__malloc_current_mallinfo
                0x20400e24       0x28 c:/program files (x86)/atmel/studio/7.0/toolchain/arm/arm-gnu-toolchain/bin/../lib/gcc/arm-none-eabi/6.3.1/../../../../arm-none-eabi/lib/thumb/v7e-m\libc.a(lib_a-mallocr.o)
                0x20400e24                __malloc_current_mallinfo
 .bss.__malloc_max_sbrked_mem
                0x20400e4c        0x4 c:/program files (x86)/atmel/studio/7.0/toolchain/arm/arm-gnu-toolchain/bin/../lib/gcc/arm-none-eabi/6.3.1/../../../../arm-none-eabi/lib/thumb/v7e-m\libc.a(lib_a-mallocr.o)
                0x20400e4c                __malloc_max_sbrked_mem
 .bss.__malloc_max_total_mem
                0x20400e50        0x4 c:/program files (x86)/atmel/studio/7.0/toolchain/arm/arm-gnu-toolchain/bin/../lib/gcc/arm-none-eabi/6.3.1/../../../../arm-none-eabi/lib/thumb/v7e-m\libc.a(lib_a-mallocr.o)
                0x20400e50                __malloc_max_total_mem
 .bss.__malloc_top_pad
                0x20400e54        0x4 c:/program files (x86)/atmel/studio/7.0/toolchain/arm/arm-gnu-toolchain/bin/../lib/gcc/arm-none-eabi/6.3.1/../../../../arm-none-eabi/lib/thumb/v7e-m\libc.a(lib_a-mallocr.o)
                0x20400e54                __malloc_top_pad
 *(COMMON)
 COMMON         0x20400e58       0x88 src/main.o
                0x20400e58                buffer_tempo_total
                0x20400e78                hora
                0x20400e7c                velocidade
                0x20400e80                segundos
                0x20400e84                buffer_distancia
                0x20400ea4                g_ili9488_display_opt
                0x20400eb4                buffer_rotacoes
                0x20400ed4                velocidade_angular
                0x20400ed8                minutos
                0x20400edc                distancia
 COMMON         0x20400ee0       0x21 c:/program files (x86)/atmel/studio/7.0/toolchain/arm/arm-gnu-toolchain/bin/../lib/gcc/arm-none-eabi/6.3.1/../../../../arm-none-eabi/lib/thumb/v7e-m\libc.a(lib_a-lock.o)
                0x20400ee0                __lock___atexit_recursive_mutex
                0x20400ee4                __lock___arc4random_mutex
                0x20400ee8                __lock___env_recursive_mutex
                0x20400eec                __lock___sinit_recursive_mutex
                0x20400ef0                __lock___malloc_recursive_mutex
                0x20400ef4                __lock___at_quick_exit_mutex
                0x20400ef8                __lock___dd_hash_mutex
                0x20400efc                __lock___tz_mutex
                0x20400f00                __lock___sfp_recursive_mutex
 *fill*         0x20400f01        0x3 
 COMMON         0x20400f04        0x4 c:/program files (x86)/atmel/studio/7.0/toolchain/arm/arm-gnu-toolchain/bin/../lib/gcc/arm-none-eabi/6.3.1/../../../../arm-none-eabi/lib/thumb/v7e-m\libc.a(lib_a-reent.o)
                0x20400f04                errno
                0x20400f08                . = ALIGN (0x4)
                0x20400f08                _ebss = .
                0x20400f08                _ezero = .

.stack          0x20400f08     0x2000 load address 0x0043556c
                0x20400f08                . = ALIGN (0x8)
                0x20400f08                _sstack = .
                0x20402f08                . = (. + STACK_SIZE)
 *fill*         0x20400f08     0x2000 
                0x20402f08                . = ALIGN (0x8)
                0x20402f08                _estack = .

.heap           0x20402f08      0x200 load address 0x0043756c
                0x20402f08                . = ALIGN (0x8)
                0x20402f08                _sheap = .
                0x20403108                . = (. + HEAP_SIZE)
 *fill*         0x20402f08      0x200 
                0x20403108                . = ALIGN (0x8)
                0x20403108                _eheap = .
                0x20403108                . = ALIGN (0x4)
                0x20403108                _end = .
                0x2045ffff                _ram_end_ = ((ORIGIN (ram) + LENGTH (ram)) - 0x1)
OUTPUT(SAME70_FONTS.elf elf32-littlearm)

.ARM.attributes
                0x00000000       0x2e
 .ARM.attributes
                0x00000000       0x1e c:/program files (x86)/atmel/studio/7.0/toolchain/arm/arm-gnu-toolchain/bin/../lib/gcc/arm-none-eabi/6.3.1/thumb/v7e-m/crti.o
 .ARM.attributes
                0x0000001e       0x2e c:/program files (x86)/atmel/studio/7.0/toolchain/arm/arm-gnu-toolchain/bin/../lib/gcc/arm-none-eabi/6.3.1/thumb/v7e-m/crtbegin.o
 .ARM.attributes
                0x0000004c       0x37 src/ASF/sam/drivers/rtt/rtt.o
 .ARM.attributes
                0x00000083       0x37 src/main.o
 .ARM.attributes
                0x000000ba       0x37 src/ASF/common/services/spi/sam_spi/spi_master.o
 .ARM.attributes
                0x000000f1       0x37 src/ASF/sam/components/display/ili9488/ili9488.o
 .ARM.attributes
                0x00000128       0x37 src/ASF/sam/drivers/spi/spi.o
 .ARM.attributes
                0x0000015f       0x37 src/ASF/common/services/clock/same70/sysclk.o
 .ARM.attributes
                0x00000196       0x37 src/ASF/common/utils/interrupt/interrupt_sam_nvic.o
 .ARM.attributes
                0x000001cd       0x37 src/ASF/sam/boards/same70_xplained/init.o
 .ARM.attributes
                0x00000204       0x37 src/ASF/sam/drivers/pio/pio.o
 .ARM.attributes
                0x0000023b       0x37 src/ASF/sam/drivers/pio/pio_handler.o
 .ARM.attributes
                0x00000272       0x37 src/ASF/sam/drivers/pmc/pmc.o
 .ARM.attributes
                0x000002a9       0x37 src/ASF/sam/utils/cmsis/same70/source/templates/gcc/startup_same70.o
 .ARM.attributes
                0x000002e0       0x37 src/ASF/sam/utils/cmsis/same70/source/templates/system_same70.o
 .ARM.attributes
                0x00000317       0x37 src/ASF/sam/utils/syscalls/gcc/syscalls.o
 .ARM.attributes
                0x0000034e       0x1e c:/program files (x86)/atmel/studio/7.0/toolchain/arm/arm-gnu-toolchain/bin/../lib/gcc/arm-none-eabi/6.3.1/thumb/v7e-m\libgcc.a(_arm_addsubdf3.o)
 .ARM.attributes
                0x0000036c       0x1e c:/program files (x86)/atmel/studio/7.0/toolchain/arm/arm-gnu-toolchain/bin/../lib/gcc/arm-none-eabi/6.3.1/thumb/v7e-m\libgcc.a(_arm_muldivdf3.o)
 .ARM.attributes
                0x0000038a       0x1e c:/program files (x86)/atmel/studio/7.0/toolchain/arm/arm-gnu-toolchain/bin/../lib/gcc/arm-none-eabi/6.3.1/thumb/v7e-m\libgcc.a(_arm_truncdfsf2.o)
 .ARM.attributes
                0x000003a8       0x2e c:/program files (x86)/atmel/studio/7.0/toolchain/arm/arm-gnu-toolchain/bin/../lib/gcc/arm-none-eabi/6.3.1/../../../../arm-none-eabi/lib/thumb/v7e-m\libc.a(lib_a-impure.o)
 .ARM.attributes
                0x000003d6       0x2e c:/program files (x86)/atmel/studio/7.0/toolchain/arm/arm-gnu-toolchain/bin/../lib/gcc/arm-none-eabi/6.3.1/../../../../arm-none-eabi/lib/thumb/v7e-m\libc.a(lib_a-init.o)
 .ARM.attributes
                0x00000404       0x2e c:/program files (x86)/atmel/studio/7.0/toolchain/arm/arm-gnu-toolchain/bin/../lib/gcc/arm-none-eabi/6.3.1/../../../../arm-none-eabi/lib/thumb/v7e-m\libc.a(lib_a-memset.o)
 .ARM.attributes
                0x00000432       0x2e c:/program files (x86)/atmel/studio/7.0/toolchain/arm/arm-gnu-toolchain/bin/../lib/gcc/arm-none-eabi/6.3.1/../../../../arm-none-eabi/lib/thumb/v7e-m\libc.a(lib_a-sprintf.o)
 .ARM.attributes
                0x00000460       0x2e c:/program files (x86)/atmel/studio/7.0/toolchain/arm/arm-gnu-toolchain/bin/../lib/gcc/arm-none-eabi/6.3.1/../../../../arm-none-eabi/lib/thumb/v7e-m\libc.a(lib_a-svfprintf.o)
 .ARM.attributes
                0x0000048e       0x2e c:/program files (x86)/atmel/studio/7.0/toolchain/arm/arm-gnu-toolchain/bin/../lib/gcc/arm-none-eabi/6.3.1/../../../../arm-none-eabi/lib/thumb/v7e-m\libc.a(lib_a-__call_atexit.o)
 .ARM.attributes
                0x000004bc       0x2e c:/program files (x86)/atmel/studio/7.0/toolchain/arm/arm-gnu-toolchain/bin/../lib/gcc/arm-none-eabi/6.3.1/../../../../arm-none-eabi/lib/thumb/v7e-m\libc.a(lib_a-atexit.o)
 .ARM.attributes
                0x000004ea       0x2e c:/program files (x86)/atmel/studio/7.0/toolchain/arm/arm-gnu-toolchain/bin/../lib/gcc/arm-none-eabi/6.3.1/../../../../arm-none-eabi/lib/thumb/v7e-m\libc.a(lib_a-dtoa.o)
 .ARM.attributes
                0x00000518       0x2e c:/program files (x86)/atmel/studio/7.0/toolchain/arm/arm-gnu-toolchain/bin/../lib/gcc/arm-none-eabi/6.3.1/../../../../arm-none-eabi/lib/thumb/v7e-m\libc.a(lib_a-fini.o)
 .ARM.attributes
                0x00000546       0x2e c:/program files (x86)/atmel/studio/7.0/toolchain/arm/arm-gnu-toolchain/bin/../lib/gcc/arm-none-eabi/6.3.1/../../../../arm-none-eabi/lib/thumb/v7e-m\libc.a(lib_a-localeconv.o)
 .ARM.attributes
                0x00000574       0x2e c:/program files (x86)/atmel/studio/7.0/toolchain/arm/arm-gnu-toolchain/bin/../lib/gcc/arm-none-eabi/6.3.1/../../../../arm-none-eabi/lib/thumb/v7e-m\libc.a(lib_a-lock.o)
 .ARM.attributes
                0x000005a2       0x2e c:/program files (x86)/atmel/studio/7.0/toolchain/arm/arm-gnu-toolchain/bin/../lib/gcc/arm-none-eabi/6.3.1/../../../../arm-none-eabi/lib/thumb/v7e-m\libc.a(lib_a-mallocr.o)
 .ARM.attributes
                0x000005d0       0x1c c:/program files (x86)/atmel/studio/7.0/toolchain/arm/arm-gnu-toolchain/bin/../lib/gcc/arm-none-eabi/6.3.1/../../../../arm-none-eabi/lib/thumb/v7e-m\libc.a(lib_a-memchr.o)
 .ARM.attributes
                0x000005ec       0x1c c:/program files (x86)/atmel/studio/7.0/toolchain/arm/arm-gnu-toolchain/bin/../lib/gcc/arm-none-eabi/6.3.1/../../../../arm-none-eabi/lib/thumb/v7e-m\libc.a(lib_a-memcpy.o)
 .ARM.attributes
                0x00000608       0x2e c:/program files (x86)/atmel/studio/7.0/toolchain/arm/arm-gnu-toolchain/bin/../lib/gcc/arm-none-eabi/6.3.1/../../../../arm-none-eabi/lib/thumb/v7e-m\libc.a(lib_a-mlock.o)
 .ARM.attributes
                0x00000636       0x2e c:/program files (x86)/atmel/studio/7.0/toolchain/arm/arm-gnu-toolchain/bin/../lib/gcc/arm-none-eabi/6.3.1/../../../../arm-none-eabi/lib/thumb/v7e-m\libc.a(lib_a-mprec.o)
 .ARM.attributes
                0x00000664       0x2e c:/program files (x86)/atmel/studio/7.0/toolchain/arm/arm-gnu-toolchain/bin/../lib/gcc/arm-none-eabi/6.3.1/../../../../arm-none-eabi/lib/thumb/v7e-m\libc.a(lib_a-sbrkr.o)
 .ARM.attributes
                0x00000692       0x1c c:/program files (x86)/atmel/studio/7.0/toolchain/arm/arm-gnu-toolchain/bin/../lib/gcc/arm-none-eabi/6.3.1/../../../../arm-none-eabi/lib/thumb/v7e-m\libc.a(lib_a-strlen.o)
 .ARM.attributes
                0x000006ae       0x2e c:/program files (x86)/atmel/studio/7.0/toolchain/arm/arm-gnu-toolchain/bin/../lib/gcc/arm-none-eabi/6.3.1/../../../../arm-none-eabi/lib/thumb/v7e-m\libc.a(lib_a-svfiprintf.o)
 .ARM.attributes
                0x000006dc       0x2e c:/program files (x86)/atmel/studio/7.0/toolchain/arm/arm-gnu-toolchain/bin/../lib/gcc/arm-none-eabi/6.3.1/../../../../arm-none-eabi/lib/thumb/v7e-m\libc.a(lib_a-__atexit.o)
 .ARM.attributes
                0x0000070a       0x2e c:/program files (x86)/atmel/studio/7.0/toolchain/arm/arm-gnu-toolchain/bin/../lib/gcc/arm-none-eabi/6.3.1/../../../../arm-none-eabi/lib/thumb/v7e-m\libc.a(lib_a-callocr.o)
 .ARM.attributes
                0x00000738       0x2e c:/program files (x86)/atmel/studio/7.0/toolchain/arm/arm-gnu-toolchain/bin/../lib/gcc/arm-none-eabi/6.3.1/../../../../arm-none-eabi/lib/thumb/v7e-m\libc.a(lib_a-freer.o)
 .ARM.attributes
                0x00000766       0x2e c:/program files (x86)/atmel/studio/7.0/toolchain/arm/arm-gnu-toolchain/bin/../lib/gcc/arm-none-eabi/6.3.1/../../../../arm-none-eabi/lib/thumb/v7e-m\libc.a(lib_a-locale.o)
 .ARM.attributes
                0x00000794       0x2e c:/program files (x86)/atmel/studio/7.0/toolchain/arm/arm-gnu-toolchain/bin/../lib/gcc/arm-none-eabi/6.3.1/../../../../arm-none-eabi/lib/thumb/v7e-m\libc.a(lib_a-mbtowc_r.o)
 .ARM.attributes
                0x000007c2       0x2e c:/program files (x86)/atmel/studio/7.0/toolchain/arm/arm-gnu-toolchain/bin/../lib/gcc/arm-none-eabi/6.3.1/../../../../arm-none-eabi/lib/thumb/v7e-m\libc.a(lib_a-memmove.o)
 .ARM.attributes
                0x000007f0       0x2e c:/program files (x86)/atmel/studio/7.0/toolchain/arm/arm-gnu-toolchain/bin/../lib/gcc/arm-none-eabi/6.3.1/../../../../arm-none-eabi/lib/thumb/v7e-m\libc.a(lib_a-reallocr.o)
 .ARM.attributes
                0x0000081e       0x2e c:/program files (x86)/atmel/studio/7.0/toolchain/arm/arm-gnu-toolchain/bin/../lib/gcc/arm-none-eabi/6.3.1/../../../../arm-none-eabi/lib/thumb/v7e-m\libc.a(lib_a-reent.o)
 .ARM.attributes
                0x0000084c       0x2e c:/program files (x86)/atmel/studio/7.0/toolchain/arm/arm-gnu-toolchain/bin/../lib/gcc/arm-none-eabi/6.3.1/../../../../arm-none-eabi/lib/thumb/v7e-m\libc.a(lib_a-wctomb_r.o)
 .ARM.attributes
                0x0000087a       0x2e c:/program files (x86)/atmel/studio/7.0/toolchain/arm/arm-gnu-toolchain/bin/../lib/gcc/arm-none-eabi/6.3.1/../../../../arm-none-eabi/lib/thumb/v7e-m\libc.a(lib_a-ctype_.o)
 .ARM.attributes
                0x000008a8       0x1e c:/program files (x86)/atmel/studio/7.0/toolchain/arm/arm-gnu-toolchain/bin/../lib/gcc/arm-none-eabi/6.3.1/thumb/v7e-m\libgcc.a(_arm_cmpdf2.o)
 .ARM.attributes
                0x000008c6       0x1e c:/program files (x86)/atmel/studio/7.0/toolchain/arm/arm-gnu-toolchain/bin/../lib/gcc/arm-none-eabi/6.3.1/thumb/v7e-m\libgcc.a(_arm_unorddf2.o)
 .ARM.attributes
                0x000008e4       0x1e c:/program files (x86)/atmel/studio/7.0/toolchain/arm/arm-gnu-toolchain/bin/../lib/gcc/arm-none-eabi/6.3.1/thumb/v7e-m\libgcc.a(_arm_fixdfsi.o)
 .ARM.attributes
                0x00000902       0x1e c:/program files (x86)/atmel/studio/7.0/toolchain/arm/arm-gnu-toolchain/bin/../lib/gcc/arm-none-eabi/6.3.1/thumb/v7e-m\libgcc.a(_aeabi_uldivmod.o)
 .ARM.attributes
                0x00000920       0x2e c:/program files (x86)/atmel/studio/7.0/toolchain/arm/arm-gnu-toolchain/bin/../lib/gcc/arm-none-eabi/6.3.1/thumb/v7e-m\libgcc.a(_udivmoddi4.o)
 .ARM.attributes
                0x0000094e       0x1e c:/program files (x86)/atmel/studio/7.0/toolchain/arm/arm-gnu-toolchain/bin/../lib/gcc/arm-none-eabi/6.3.1/thumb/v7e-m\libgcc.a(_dvmd_tls.o)
 .ARM.attributes
                0x0000096c       0x1e c:/program files (x86)/atmel/studio/7.0/toolchain/arm/arm-gnu-toolchain/bin/../lib/gcc/arm-none-eabi/6.3.1/thumb/v7e-m/crtn.o

.comment        0x00000000       0x59
 .comment       0x00000000       0x59 src/ASF/sam/drivers/rtt/rtt.o
                                 0x5a (size before relaxing)
 .comment       0x00000059       0x5a src/main.o
 .comment       0x00000059       0x5a src/ASF/common/services/spi/sam_spi/spi_master.o
 .comment       0x00000059       0x5a src/ASF/sam/components/display/ili9488/ili9488.o
 .comment       0x00000059       0x5a src/ASF/sam/drivers/spi/spi.o
 .comment       0x00000059       0x5a src/ASF/common/services/clock/same70/sysclk.o
 .comment       0x00000059       0x5a src/ASF/common/utils/interrupt/interrupt_sam_nvic.o
 .comment       0x00000059       0x5a src/ASF/sam/boards/same70_xplained/init.o
 .comment       0x00000059       0x5a src/ASF/sam/drivers/pio/pio.o
 .comment       0x00000059       0x5a src/ASF/sam/drivers/pio/pio_handler.o
 .comment       0x00000059       0x5a src/ASF/sam/drivers/pmc/pmc.o
 .comment       0x00000059       0x5a src/ASF/sam/utils/cmsis/same70/source/templates/gcc/startup_same70.o
 .comment       0x00000059       0x5a src/ASF/sam/utils/cmsis/same70/source/templates/system_same70.o
 .comment       0x00000059       0x5a src/ASF/sam/utils/syscalls/gcc/syscalls.o

.debug_info     0x00000000    0x1421c
 .debug_info    0x00000000      0xcaf src/ASF/sam/drivers/rtt/rtt.o
 .debug_info    0x00000caf     0x33d6 src/main.o
 .debug_info    0x00004085     0x143e src/ASF/common/services/spi/sam_spi/spi_master.o
 .debug_info    0x000054c3     0x208c src/ASF/sam/components/display/ili9488/ili9488.o
 .debug_info    0x0000754f     0x1123 src/ASF/sam/drivers/spi/spi.o
 .debug_info    0x00008672     0x1311 src/ASF/common/services/clock/same70/sysclk.o
 .debug_info    0x00009983      0xb06 src/ASF/common/utils/interrupt/interrupt_sam_nvic.o
 .debug_info    0x0000a489     0x1dad src/ASF/sam/boards/same70_xplained/init.o
 .debug_info    0x0000c236     0x1ce3 src/ASF/sam/drivers/pio/pio.o
 .debug_info    0x0000df19     0x1a74 src/ASF/sam/drivers/pio/pio_handler.o
 .debug_info    0x0000f98d     0x1eed src/ASF/sam/drivers/pmc/pmc.o
 .debug_info    0x0001187a     0x1612 src/ASF/sam/utils/cmsis/same70/source/templates/gcc/startup_same70.o
 .debug_info    0x00012e8c      0x5d4 src/ASF/sam/utils/cmsis/same70/source/templates/system_same70.o
 .debug_info    0x00013460      0xdbc src/ASF/sam/utils/syscalls/gcc/syscalls.o

.debug_abbrev   0x00000000     0x2516
 .debug_abbrev  0x00000000      0x203 src/ASF/sam/drivers/rtt/rtt.o
 .debug_abbrev  0x00000203      0x36c src/main.o
 .debug_abbrev  0x0000056f      0x305 src/ASF/common/services/spi/sam_spi/spi_master.o
 .debug_abbrev  0x00000874      0x2f4 src/ASF/sam/components/display/ili9488/ili9488.o
 .debug_abbrev  0x00000b68      0x2cf src/ASF/sam/drivers/spi/spi.o
 .debug_abbrev  0x00000e37      0x296 src/ASF/common/services/clock/same70/sysclk.o
 .debug_abbrev  0x000010cd      0x214 src/ASF/common/utils/interrupt/interrupt_sam_nvic.o
 .debug_abbrev  0x000012e1      0x3f4 src/ASF/sam/boards/same70_xplained/init.o
 .debug_abbrev  0x000016d5      0x296 src/ASF/sam/drivers/pio/pio.o
 .debug_abbrev  0x0000196b      0x2c9 src/ASF/sam/drivers/pio/pio_handler.o
 .debug_abbrev  0x00001c34      0x2ce src/ASF/sam/drivers/pmc/pmc.o
 .debug_abbrev  0x00001f02      0x2e8 src/ASF/sam/utils/cmsis/same70/source/templates/gcc/startup_same70.o
 .debug_abbrev  0x000021ea      0x102 src/ASF/sam/utils/cmsis/same70/source/templates/system_same70.o
 .debug_abbrev  0x000022ec      0x22a src/ASF/sam/utils/syscalls/gcc/syscalls.o

.debug_loc      0x00000000     0x5c78
 .debug_loc     0x00000000      0x330 src/ASF/sam/drivers/rtt/rtt.o
 .debug_loc     0x00000330      0x3f8 src/main.o
 .debug_loc     0x00000728      0x830 src/ASF/common/services/spi/sam_spi/spi_master.o
 .debug_loc     0x00000f58      0xd20 src/ASF/sam/components/display/ili9488/ili9488.o
 .debug_loc     0x00001c78      0x630 src/ASF/sam/drivers/spi/spi.o
 .debug_loc     0x000022a8      0x4a0 src/ASF/common/services/clock/same70/sysclk.o
 .debug_loc     0x00002748       0xa0 src/ASF/common/utils/interrupt/interrupt_sam_nvic.o
 .debug_loc     0x000027e8      0x2fc src/ASF/sam/boards/same70_xplained/init.o
 .debug_loc     0x00002ae4     0x1174 src/ASF/sam/drivers/pio/pio.o
 .debug_loc     0x00003c58      0x38c src/ASF/sam/drivers/pio/pio_handler.o
 .debug_loc     0x00003fe4     0x1744 src/ASF/sam/drivers/pmc/pmc.o
 .debug_loc     0x00005728      0x16c src/ASF/sam/utils/cmsis/same70/source/templates/gcc/startup_same70.o
 .debug_loc     0x00005894       0xe4 src/ASF/sam/utils/cmsis/same70/source/templates/system_same70.o
 .debug_loc     0x00005978      0x300 src/ASF/sam/utils/syscalls/gcc/syscalls.o

.debug_aranges  0x00000000      0xa40
 .debug_aranges
                0x00000000       0x60 src/ASF/sam/drivers/rtt/rtt.o
 .debug_aranges
                0x00000060       0x80 src/main.o
 .debug_aranges
                0x000000e0       0xe0 src/ASF/common/services/spi/sam_spi/spi_master.o
 .debug_aranges
                0x000001c0      0x168 src/ASF/sam/components/display/ili9488/ili9488.o
 .debug_aranges
                0x00000328       0xa8 src/ASF/sam/drivers/spi/spi.o
 .debug_aranges
                0x000003d0       0x98 src/ASF/common/services/clock/same70/sysclk.o
 .debug_aranges
                0x00000468       0x28 src/ASF/common/utils/interrupt/interrupt_sam_nvic.o
 .debug_aranges
                0x00000490       0x68 src/ASF/sam/boards/same70_xplained/init.o
 .debug_aranges
                0x000004f8      0x1a8 src/ASF/sam/drivers/pio/pio.o
 .debug_aranges
                0x000006a0       0x80 src/ASF/sam/drivers/pio/pio_handler.o
 .debug_aranges
                0x00000720      0x250 src/ASF/sam/drivers/pmc/pmc.o
 .debug_aranges
                0x00000970       0x40 src/ASF/sam/utils/cmsis/same70/source/templates/gcc/startup_same70.o
 .debug_aranges
                0x000009b0       0x30 src/ASF/sam/utils/cmsis/same70/source/templates/system_same70.o
 .debug_aranges
                0x000009e0       0x60 src/ASF/sam/utils/syscalls/gcc/syscalls.o

.debug_ranges   0x00000000      0x9d8
 .debug_ranges  0x00000000       0x50 src/ASF/sam/drivers/rtt/rtt.o
 .debug_ranges  0x00000050       0x70 src/main.o
 .debug_ranges  0x000000c0       0xd0 src/ASF/common/services/spi/sam_spi/spi_master.o
 .debug_ranges  0x00000190      0x158 src/ASF/sam/components/display/ili9488/ili9488.o
 .debug_ranges  0x000002e8       0x98 src/ASF/sam/drivers/spi/spi.o
 .debug_ranges  0x00000380       0x88 src/ASF/common/services/clock/same70/sysclk.o
 .debug_ranges  0x00000408       0x18 src/ASF/common/utils/interrupt/interrupt_sam_nvic.o
 .debug_ranges  0x00000420       0xd0 src/ASF/sam/boards/same70_xplained/init.o
 .debug_ranges  0x000004f0      0x198 src/ASF/sam/drivers/pio/pio.o
 .debug_ranges  0x00000688       0x70 src/ASF/sam/drivers/pio/pio_handler.o
 .debug_ranges  0x000006f8      0x240 src/ASF/sam/drivers/pmc/pmc.o
 .debug_ranges  0x00000938       0x30 src/ASF/sam/utils/cmsis/same70/source/templates/gcc/startup_same70.o
 .debug_ranges  0x00000968       0x20 src/ASF/sam/utils/cmsis/same70/source/templates/system_same70.o
 .debug_ranges  0x00000988       0x50 src/ASF/sam/utils/syscalls/gcc/syscalls.o

.debug_macro    0x00000000    0x1fe1c
 .debug_macro   0x00000000      0x681 src/ASF/sam/drivers/rtt/rtt.o
 .debug_macro   0x00000681      0x8d4 src/ASF/sam/drivers/rtt/rtt.o
 .debug_macro   0x00000f55      0x16d src/ASF/sam/drivers/rtt/rtt.o
 .debug_macro   0x000010c2      0x6d7 src/ASF/sam/drivers/rtt/rtt.o
 .debug_macro   0x00001799       0x76 src/ASF/sam/drivers/rtt/rtt.o